[17:34:04] ============================================================
[17:34:04] DiffDock Selectivity Batch
[17:34:04] Input: /data/safety_pass.smi
[17:34:04] Chunk: start=1087 size=1087
[17:34:04] GPU: 0
[17:34:04] Targets: LIMK2 (4TPT), LIMK1 (3S95), ROCK1 (2ESM)
[17:34:04] N_samples: 10, Threshold: 0.3
[17:34:04] ============================================================
[17:34:04] 
[WARMUP] Verifying DiffDock inference.py ...
[17:34:04] [WARMUP] OK
[17:34:04] 
Loading molecules from /data/safety_pass.smi ...
[17:34:04] Total molecules in file: 4346
[17:34:04] This chunk: indices 1087-2173 = 1087 molecules
[17:34:04] 
Starting docking ... 1087 mols × 3 targets = 3261 jobs
[17:34:04] Target ready: LIMK2 (4TPT)
[17:34:04] Target ready: LIMK1 (3S95)
[17:34:04] Target ready: ROCK1 (2ESM)
[17:34:04] Resumed from checkpoint: 56 already done
[17:34:04] [gpu0_start1087] 57/1087 mol_id=1219_0
Traceback (most recent call last):
  File "/root/diffdock_selectivity_batch.py", line 490, in <module>
    main()
  File "/root/diffdock_selectivity_batch.py", line 452, in main
    results = process_chunk(
  File "/root/diffdock_selectivity_batch.py", line 303, in process_chunk
    success, score, sdf_path = run_diffdock_single(
  File "/root/diffdock_selectivity_batch.py", line 206, in run_diffdock_single
    score, sdf = parse_confidence_from_dir(out_dir)
  File "/root/diffdock_selectivity_batch.py", line 145, in parse_confidence_from_dir
    score = float(m.group(1))
ValueError: could not convert string to float: '-0.24.'
[18:04:32] ============================================================
[18:04:32] DiffDock Selectivity Batch
[18:04:32] Input: /data/safety_pass.smi
[18:04:32] Chunk: start=1087 size=1087
[18:04:32] GPU: 0
[18:04:32] Targets: LIMK2 (4TPT), LIMK1 (3S95), ROCK1 (2ESM)
[18:04:32] N_samples: 10, Threshold: 0.3
[18:04:32] ============================================================
[18:04:32] 
[WARMUP] Verifying DiffDock inference.py ...
[18:04:32] [WARMUP] OK
[18:04:32] 
Loading molecules from /data/safety_pass.smi ...
[18:04:32] Total molecules in file: 4346
[18:04:32] This chunk: indices 1087-2173 = 1087 molecules
[18:04:32] 
Starting docking ... 1087 mols × 3 targets = 3261 jobs
[18:04:32] Target ready: LIMK2 (4TPT)
[18:04:32] Target ready: LIMK1 (3S95)
[18:04:32] Target ready: ROCK1 (2ESM)
[18:04:32] Resumed from checkpoint: 56 already done
[18:04:32] [gpu0_start1087] 57/1087 mol_id=1219_0
Traceback (most recent call last):
  File "/root/diffdock_selectivity_batch.py", line 490, in <module>
    main()
  File "/root/diffdock_selectivity_batch.py", line 452, in main
    results = process_chunk(
  File "/root/diffdock_selectivity_batch.py", line 303, in process_chunk
    success, score, sdf_path = run_diffdock_single(
  File "/root/diffdock_selectivity_batch.py", line 206, in run_diffdock_single
    score, sdf = parse_confidence_from_dir(out_dir)
  File "/root/diffdock_selectivity_batch.py", line 145, in parse_confidence_from_dir
    score = float(m.group(1))
ValueError: could not convert string to float: '-0.24.'
[18:20:48] ============================================================
[18:20:48] DiffDock Selectivity Batch
[18:20:48] Input: /data/safety_pass.smi
[18:20:48] Chunk: start=1087 size=1087
[18:20:48] GPU: 0
[18:20:48] Targets: LIMK2 (4TPT), LIMK1 (3S95), ROCK1 (2ESM)
[18:20:48] N_samples: 10, Threshold: 0.3
[18:20:48] ============================================================
[18:20:48] 
[WARMUP] Verifying DiffDock inference.py ...
[18:20:48] [WARMUP] OK
[18:20:48] 
Loading molecules from /data/safety_pass.smi ...
[18:20:48] Total molecules in file: 4346
[18:20:48] This chunk: indices 1087-2173 = 1087 molecules
[18:20:48] 
Starting docking ... 1087 mols × 3 targets = 3261 jobs
[18:20:48] Target ready: LIMK2 (4TPT)
[18:20:48] Target ready: LIMK1 (3S95)
[18:20:48] Target ready: ROCK1 (2ESM)
[18:20:48] Resumed from checkpoint: 56 already done
[18:20:48] [gpu0_start1087] 57/1087 mol_id=1219_0
[18:21:57]   LIMK2: conf=-0.240 (69s)
[18:23:01]   LIMK1: conf=-0.670 (64s)
[18:24:11]   ROCK1: conf=-1.230 (69s)
[18:24:11]   *** SELECTIVE margin=0.430 ***
[18:24:11] [gpu0_start1087] 58/1087 mol_id=1221_0
[18:25:15]   LIMK2: conf=-0.440 (65s)
[18:26:17]   LIMK1: conf=-0.460 (62s)
[18:27:25]   ROCK1: conf=-1.280 (68s)
[18:27:25] [gpu0_start1087] 59/1087 mol_id=1227-incomp_0
[18:27:59]   LIMK2: FAILED (35s)
[18:28:34]   LIMK1: FAILED (34s)
[18:29:09]   ROCK1: FAILED (35s)
[18:29:09] [gpu0_start1087] 60/1087 mol_id=1229_0
[18:30:16]   LIMK2: conf=-0.340 (67s)
[18:31:21]   LIMK1: conf=-0.420 (65s)
[18:32:32]   ROCK1: conf=-1.050 (70s)
[18:32:32] [gpu0_start1087] 61/1087 mol_id=1232-incomp_0
[18:33:06]   LIMK2: FAILED (34s)
[18:33:40]   LIMK1: FAILED (34s)
[18:34:15]   ROCK1: FAILED (35s)
[18:34:15] [gpu0_start1087] 62/1087 mol_id=1233-incomp_0
[18:34:50]   LIMK2: FAILED (35s)
[18:35:24]   LIMK1: FAILED (34s)
[18:35:59]   ROCK1: FAILED (35s)
[18:35:59] [gpu0_start1087] 63/1087 mol_id=1241-incomp_0
[18:36:34]   LIMK2: FAILED (35s)
[18:37:08]   LIMK1: FAILED (35s)
[18:37:43]   ROCK1: FAILED (35s)
[18:37:43] [gpu0_start1087] 64/1087 mol_id=1244-incomp_0
[18:38:18]   LIMK2: FAILED (34s)
[18:38:52]   LIMK1: FAILED (35s)
[18:39:27]   ROCK1: FAILED (35s)
[18:39:27] [gpu0_start1087] 65/1087 mol_id=1247_0
[18:40:33]   LIMK2: conf=-0.670 (65s)
[18:41:33]   LIMK1: conf=-0.270 (61s)
[18:42:40]   ROCK1: conf=-1.060 (66s)
[18:42:40] [gpu0_start1087] 66/1087 mol_id=1250-incomp_0
[18:43:14]   LIMK2: FAILED (35s)
[18:43:49]   LIMK1: FAILED (35s)
[18:44:25]   ROCK1: FAILED (36s)
[18:44:25] [gpu0_start1087] 67/1087 mol_id=1254_0
[18:45:30]   LIMK2: conf=-1.370 (65s)
[18:46:33]   LIMK1: conf=0.350 (63s)
[18:47:40]   ROCK1: conf=-1.730 (67s)
[18:47:40] [gpu0_start1087] 68/1087 mol_id=1256_0
[18:48:48]   LIMK2: conf=-0.470 (68s)
[18:49:53]   LIMK1: conf=-1.210 (66s)
[18:51:09]   ROCK1: conf=-1.310 (76s)
[18:51:09]   *** SELECTIVE margin=0.740 ***
[18:51:09] [gpu0_start1087] 69/1087 mol_id=126_0
[18:52:27]   LIMK2: conf=-0.830 (78s)
[18:53:49]   LIMK1: conf=-0.180 (83s)
[18:55:24]   ROCK1: conf=-1.480 (95s)
[18:55:24] [gpu0_start1087] 70/1087 mol_id=1261_0
[18:56:57]   LIMK2: conf=-1.560 (93s)
[18:58:24]   LIMK1: conf=-0.970 (87s)
[19:00:08]   ROCK1: conf=-0.630 (104s)
[19:00:08] [gpu0_start1087] 71/1087 mol_id=1268-incomp_0
[19:01:32]   LIMK2: FAILED (83s)
[19:02:11]   LIMK1: FAILED (40s)
[19:02:57]   ROCK1: FAILED (46s)
[19:02:57] [gpu0_start1087] 72/1087 mol_id=127-incomp_0
[19:03:36]   LIMK2: FAILED (40s)
[19:04:18]   LIMK1: FAILED (42s)
[19:05:01]   ROCK1: FAILED (43s)
[19:05:01] [gpu0_start1087] 73/1087 mol_id=1279-incomp_0
[19:05:40]   LIMK2: FAILED (39s)
[19:06:23]   LIMK1: FAILED (43s)
[19:07:03]   ROCK1: FAILED (40s)
[19:07:03] [gpu0_start1087] 74/1087 mol_id=1283_0
[19:08:18]   LIMK2: conf=-0.950 (75s)
[19:09:32]   LIMK1: conf=-0.020 (74s)
[19:10:55]   ROCK1: conf=-3.600 (83s)
[19:10:55] [gpu0_start1087] 75/1087 mol_id=1284-incomp_0
[19:11:35]   LIMK2: FAILED (40s)
[19:12:19]   LIMK1: FAILED (44s)
[19:12:59]   ROCK1: FAILED (40s)
[19:12:59] [gpu0_start1087] 76/1087 mol_id=1285-incomp_0
[19:13:39]   LIMK2: FAILED (40s)
[19:14:22]   LIMK1: FAILED (43s)
[19:15:01]   ROCK1: FAILED (39s)
[19:15:01] [gpu0_start1087] 77/1087 mol_id=1286_0
[19:16:15]   LIMK2: conf=-0.540 (74s)
[19:17:25]   LIMK1: conf=-1.070 (70s)
[19:18:39]   ROCK1: conf=-0.610 (74s)
[19:18:39] [gpu0_start1087] 78/1087 mol_id=1289-incomp_0
[19:19:18]   LIMK2: FAILED (40s)
[19:20:00]   LIMK1: FAILED (42s)
[19:20:39]   ROCK1: FAILED (39s)
[19:20:39] [gpu0_start1087] 79/1087 mol_id=1299-incomp_0
[19:21:24]   LIMK2: FAILED (45s)
[19:22:04]   LIMK1: FAILED (39s)
[19:22:45]   ROCK1: FAILED (41s)
[19:22:45] [gpu0_start1087] 80/1087 mol_id=13-incomp_0
[19:23:26]   LIMK2: FAILED (41s)
[19:24:06]   LIMK1: FAILED (39s)
[19:24:50]   ROCK1: FAILED (45s)
[19:24:50] [gpu0_start1087] 81/1087 mol_id=1308-incomp_0
[19:25:29]   LIMK2: FAILED (39s)
[19:26:11]   LIMK1: FAILED (42s)
[19:26:52]   ROCK1: FAILED (41s)
[19:26:52] [gpu0_start1087] 82/1087 mol_id=1309-incomp_0
[19:27:31]   LIMK2: FAILED (39s)
[19:28:14]   LIMK1: FAILED (43s)
[19:28:54]   ROCK1: FAILED (40s)
[19:28:54] [gpu0_start1087] 83/1087 mol_id=1312-incomp_0
[19:29:35]   LIMK2: FAILED (40s)
[19:30:17]   LIMK1: FAILED (43s)
[19:30:57]   ROCK1: FAILED (40s)
[19:30:57] [gpu0_start1087] 84/1087 mol_id=1318-incomp_0
[19:31:40]   LIMK2: FAILED (43s)
[19:32:21]   LIMK1: FAILED (41s)
[19:33:02]   ROCK1: FAILED (41s)
[19:33:02] [gpu0_start1087] 85/1087 mol_id=132-incomp_0
[19:33:46]   LIMK2: FAILED (44s)
[19:34:25]   LIMK1: FAILED (39s)
[19:35:09]   ROCK1: FAILED (45s)
[19:35:09] [gpu0_start1087] 86/1087 mol_id=1321_0
[19:36:49]   LIMK2: conf=-0.860 (99s)
[19:38:19]   LIMK1: conf=-0.560 (91s)
[19:39:54]   ROCK1: conf=-1.500 (95s)
[19:39:54] [gpu0_start1087] 87/1087 mol_id=1324-incomp_0
[19:40:36]   LIMK2: FAILED (42s)
[19:41:16]   LIMK1: FAILED (39s)
[19:42:01]   ROCK1: FAILED (45s)
[19:42:01] [gpu0_start1087] 88/1087 mol_id=1325-incomp_0
[19:42:39]   LIMK2: FAILED (39s)
[19:43:20]   LIMK1: FAILED (40s)
[19:44:02]   ROCK1: FAILED (42s)
[19:44:02] [gpu0_start1087] 89/1087 mol_id=1326_0
[19:45:31]   LIMK2: conf=-0.280 (90s)
[19:46:58]   LIMK1: conf=-0.590 (87s)
[19:48:40]   ROCK1: conf=-1.190 (102s)
[19:48:40]   *** SELECTIVE margin=0.310 ***
[19:48:40] [gpu0_start1087] 90/1087 mol_id=1330-incomp_0
[19:49:21]   LIMK2: FAILED (40s)
[19:50:00]   LIMK1: FAILED (40s)
[19:50:45]   ROCK1: FAILED (44s)
[19:50:45] [gpu0_start1087] 91/1087 mol_id=1333-incomp_0
[19:51:24]   LIMK2: FAILED (39s)
[19:52:06]   LIMK1: FAILED (43s)
[19:52:47]   ROCK1: FAILED (40s)
[19:52:47] [gpu0_start1087] 92/1087 mol_id=1334_0
[19:54:12]   LIMK2: conf=-0.690 (85s)
[19:55:37]   LIMK1: conf=-1.000 (85s)
[19:57:17]   ROCK1: conf=-1.500 (101s)
[19:57:17]   *** SELECTIVE margin=0.310 ***
[19:57:17] [gpu0_start1087] 93/1087 mol_id=1335-incomp_0
[19:58:02]   LIMK2: FAILED (44s)
[19:58:42]   LIMK1: FAILED (40s)
[19:59:26]   ROCK1: FAILED (44s)
[19:59:26] [gpu0_start1087] 94/1087 mol_id=1336-incomp_0
[20:00:05]   LIMK2: FAILED (39s)
[20:00:48]   LIMK1: FAILED (43s)
[20:01:29]   ROCK1: FAILED (41s)
[20:01:29] [gpu0_start1087] 95/1087 mol_id=1345_0
[20:02:49]   LIMK2: conf=-0.300 (80s)
[20:04:04]   LIMK1: conf=-0.610 (75s)
[20:05:29]   ROCK1: conf=-3.870 (84s)
[20:05:29]   *** SELECTIVE margin=0.310 ***
[20:05:29] [gpu0_start1087] 96/1087 mol_id=1353-incomp_0
[20:06:08]   LIMK2: FAILED (39s)
[20:06:52]   LIMK1: FAILED (44s)
[20:07:38]   ROCK1: FAILED (46s)
[20:07:38] [gpu0_start1087] 97/1087 mol_id=1357-incomp_0
[20:08:19]   LIMK2: FAILED (40s)
[20:09:01]   LIMK1: FAILED (43s)
[20:09:42]   ROCK1: FAILED (41s)
[20:09:42] [gpu0_start1087] 98/1087 mol_id=1358_0
[20:11:01]   LIMK2: conf=-0.750 (80s)
[20:12:13]   LIMK1: conf=-0.970 (72s)
[20:13:30]   ROCK1: conf=-3.310 (76s)
[20:13:30] [gpu0_start1087] 99/1087 mol_id=1368_0
[20:14:46]   LIMK2: conf=-0.530 (76s)
[20:15:56]   LIMK1: conf=-0.560 (71s)
[20:17:17]   ROCK1: conf=-1.470 (80s)
[20:17:17] [gpu0_start1087] 100/1087 mol_id=1369-incomp_0
[20:17:56]   LIMK2: FAILED (39s)
[20:18:39]   LIMK1: FAILED (43s)
[20:19:18]   ROCK1: FAILED (40s)
[20:19:18] Progress: 100/1087 done, 5 selective so far
[20:19:18] [gpu0_start1087] 101/1087 mol_id=1387_0
[20:20:36]   LIMK2: conf=0.110 (77s)
[20:21:48]   LIMK1: conf=-0.870 (72s)
[20:23:10]   ROCK1: conf=-3.110 (82s)
[20:23:10]   *** SELECTIVE margin=0.980 ***
[20:23:10] [gpu0_start1087] 102/1087 mol_id=1388-incomp_0
[20:23:49]   LIMK2: FAILED (39s)
[20:24:32]   LIMK1: FAILED (43s)
[20:25:11]   ROCK1: FAILED (40s)
[20:25:11] [gpu0_start1087] 103/1087 mol_id=1391_0
[20:26:24]   LIMK2: conf=-0.820 (73s)
[20:27:32]   LIMK1: conf=0.000 (67s)
[20:28:44]   ROCK1: conf=-1.470 (72s)
[20:28:44] [gpu0_start1087] 104/1087 mol_id=1402_0
[20:29:55]   LIMK2: conf=-2.030 (71s)
[20:31:04]   LIMK1: conf=-0.120 (69s)
[20:32:17]   ROCK1: conf=-1.070 (73s)
[20:32:17] [gpu0_start1087] 105/1087 mol_id=1403-incomp_0
[20:32:55]   LIMK2: FAILED (38s)
[20:33:34]   LIMK1: FAILED (39s)
[20:34:13]   ROCK1: FAILED (39s)
[20:34:13] [gpu0_start1087] 106/1087 mol_id=1405-incomp_0
[20:34:51]   LIMK2: FAILED (38s)
[20:35:30]   LIMK1: FAILED (39s)
[20:36:10]   ROCK1: FAILED (40s)
[20:36:10] [gpu0_start1087] 107/1087 mol_id=1408_0
[20:37:24]   LIMK2: conf=-0.910 (74s)
[20:38:32]   LIMK1: conf=-0.660 (68s)
[20:39:47]   ROCK1: conf=-2.140 (75s)
[20:39:47] [gpu0_start1087] 108/1087 mol_id=1414_0
[20:40:58]   LIMK2: conf=-1.320 (71s)
[20:42:07]   LIMK1: conf=-1.540 (70s)
[20:43:21]   ROCK1: conf=-1.540 (74s)
[20:43:21] [gpu0_start1087] 109/1087 mol_id=1415_0
[20:44:32]   LIMK2: conf=-0.920 (71s)
[20:45:38]   LIMK1: conf=-0.220 (66s)
[20:46:50]   ROCK1: conf=-1.160 (72s)
[20:46:50] [gpu0_start1087] 110/1087 mol_id=1423-incomp_0
[20:47:28]   LIMK2: FAILED (38s)
[20:48:07]   LIMK1: FAILED (38s)
[20:48:46]   ROCK1: FAILED (39s)
[20:48:46] [gpu0_start1087] 111/1087 mol_id=1424-incomp_0
[20:49:24]   LIMK2: FAILED (38s)
[20:50:03]   LIMK1: FAILED (39s)
[20:50:43]   ROCK1: FAILED (39s)
[20:50:43] [gpu0_start1087] 112/1087 mol_id=1428-incomp_0
[20:51:21]   LIMK2: FAILED (38s)
[20:52:00]   LIMK1: FAILED (39s)
[20:52:38]   ROCK1: FAILED (39s)
[20:52:38] [gpu0_start1087] 113/1087 mol_id=1429_0
[20:53:49]   LIMK2: conf=-0.770 (71s)
[20:54:56]   LIMK1: conf=-1.190 (67s)
[20:56:09]   ROCK1: conf=-1.300 (72s)
[20:56:09]   *** SELECTIVE margin=0.420 ***
[20:56:09] [gpu0_start1087] 114/1087 mol_id=1431-incomp_0
[20:56:47]   LIMK2: FAILED (39s)
[20:57:26]   LIMK1: FAILED (39s)
[20:58:05]   ROCK1: FAILED (39s)
[20:58:05] [gpu0_start1087] 115/1087 mol_id=1434-incomp_0
[20:58:44]   LIMK2: FAILED (39s)
[20:59:22]   LIMK1: FAILED (39s)
[21:00:02]   ROCK1: FAILED (40s)
[21:00:02] [gpu0_start1087] 116/1087 mol_id=1436-incomp_0
[21:00:41]   LIMK2: FAILED (39s)
[21:01:19]   LIMK1: FAILED (38s)
[21:01:59]   ROCK1: FAILED (39s)
[21:01:59] [gpu0_start1087] 117/1087 mol_id=1437_0
[21:03:10]   LIMK2: conf=-1.000 (72s)
[21:04:18]   LIMK1: conf=-1.060 (68s)
[21:05:32]   ROCK1: conf=-1.030 (74s)
[21:05:32] [gpu0_start1087] 118/1087 mol_id=1440-incomp_0
[21:06:11]   LIMK2: FAILED (39s)
[21:06:49]   LIMK1: FAILED (38s)
[21:07:29]   ROCK1: FAILED (39s)
[21:07:29] [gpu0_start1087] 119/1087 mol_id=1455_0
[21:08:37]   LIMK2: conf=-1.230 (69s)
[21:09:43]   LIMK1: conf=-0.610 (66s)
[21:10:53]   ROCK1: conf=-3.110 (69s)
[21:10:53] [gpu0_start1087] 120/1087 mol_id=1462_0
[21:12:00]   LIMK2: conf=-0.370 (67s)
[21:13:06]   LIMK1: conf=-0.400 (66s)
[21:14:16]   ROCK1: conf=-0.650 (70s)
[21:14:16] [gpu0_start1087] 121/1087 mol_id=1464-incomp_0
[21:14:55]   LIMK2: FAILED (39s)
[21:15:34]   LIMK1: FAILED (39s)
[21:16:13]   ROCK1: FAILED (39s)
[21:16:13] [gpu0_start1087] 122/1087 mol_id=1467_0
[21:17:25]   LIMK2: conf=-1.040 (72s)
[21:18:31]   LIMK1: conf=-1.020 (66s)
[21:19:43]   ROCK1: conf=-2.180 (73s)
[21:19:43] [gpu0_start1087] 123/1087 mol_id=1469_0
[21:20:53]   LIMK2: conf=-1.530 (70s)
[21:22:00]   LIMK1: conf=-1.210 (67s)
[21:23:11]   ROCK1: conf=-1.200 (70s)
[21:23:11] [gpu0_start1087] 124/1087 mol_id=1472-incomp_0
[21:23:49]   LIMK2: FAILED (38s)
[21:24:28]   LIMK1: FAILED (39s)
[21:25:07]   ROCK1: FAILED (39s)
[21:25:07] [gpu0_start1087] 125/1087 mol_id=1480-incomp_0
[21:25:46]   LIMK2: FAILED (39s)
[21:26:25]   LIMK1: FAILED (39s)
[21:27:04]   ROCK1: FAILED (39s)
[21:27:04] [gpu0_start1087] 126/1087 mol_id=1485-incomp_0
[21:27:42]   LIMK2: FAILED (38s)
[21:28:21]   LIMK1: FAILED (38s)
[21:28:59]   ROCK1: FAILED (39s)
[21:28:59] [gpu0_start1087] 127/1087 mol_id=1491_0
[21:30:08]   LIMK2: conf=0.050 (69s)
[21:31:14]   LIMK1: conf=-0.390 (66s)
[21:32:21]   ROCK1: conf=-5.220 (67s)
[21:32:21]   *** SELECTIVE margin=0.440 ***
[21:32:21] [gpu0_start1087] 128/1087 mol_id=150_0
[21:33:29]   LIMK2: conf=-0.560 (68s)
[21:34:35]   LIMK1: conf=-0.780 (66s)
[21:35:45]   ROCK1: conf=-0.090 (70s)
[21:35:45] [gpu0_start1087] 129/1087 mol_id=1504-incomp_0
[21:36:24]   LIMK2: FAILED (39s)
[21:37:03]   LIMK1: FAILED (39s)
[21:37:42]   ROCK1: FAILED (40s)
[21:37:42] [gpu0_start1087] 130/1087 mol_id=151-incomp_0
[21:38:21]   LIMK2: FAILED (38s)
[21:38:59]   LIMK1: FAILED (38s)
[21:39:38]   ROCK1: FAILED (39s)
[21:39:38] [gpu0_start1087] 131/1087 mol_id=1512-incomp_0
[21:40:17]   LIMK2: FAILED (39s)
[21:40:56]   LIMK1: FAILED (39s)
[21:41:34]   ROCK1: FAILED (39s)
[21:41:34] [gpu0_start1087] 132/1087 mol_id=1521_0
[21:42:45]   LIMK2: conf=-1.190 (71s)
[21:43:54]   LIMK1: conf=-0.560 (69s)
[21:45:09]   ROCK1: conf=-1.370 (74s)
[21:45:09] [gpu0_start1087] 133/1087 mol_id=1522-incomp_0
[21:45:47]   LIMK2: FAILED (38s)
[21:46:26]   LIMK1: FAILED (39s)
[21:47:04]   ROCK1: FAILED (39s)
[21:47:04] [gpu0_start1087] 134/1087 mol_id=1524_0
[21:48:14]   LIMK2: conf=-0.900 (70s)
[21:49:21]   LIMK1: conf=-1.000 (67s)
[21:50:34]   ROCK1: conf=-0.650 (73s)
[21:50:34] [gpu0_start1087] 135/1087 mol_id=1533-incomp_0
[21:51:13]   LIMK2: FAILED (38s)
[21:51:52]   LIMK1: FAILED (39s)
[21:52:30]   ROCK1: FAILED (39s)
[21:52:30] [gpu0_start1087] 136/1087 mol_id=1541_0
[21:53:38]   LIMK2: conf=-0.220 (68s)
[21:54:43]   LIMK1: conf=-0.780 (65s)
[21:55:50]   ROCK1: conf=-0.870 (66s)
[21:55:50]   *** SELECTIVE margin=0.560 ***
[21:55:50] [gpu0_start1087] 137/1087 mol_id=1544-incomp_0
[21:56:28]   LIMK2: FAILED (39s)
[21:57:07]   LIMK1: FAILED (39s)
[21:57:46]   ROCK1: FAILED (40s)
[21:57:46] [gpu0_start1087] 138/1087 mol_id=1547-incomp_0
[21:58:26]   LIMK2: FAILED (39s)
[21:59:04]   LIMK1: FAILED (39s)
[21:59:44]   ROCK1: FAILED (40s)
[21:59:44] [gpu0_start1087] 139/1087 mol_id=1548-incomp_0
[22:00:22]   LIMK2: FAILED (38s)
[22:01:00]   LIMK1: FAILED (38s)
[22:01:39]   ROCK1: FAILED (39s)
[22:01:39] [gpu0_start1087] 140/1087 mol_id=1554-incomp_0
[22:02:17]   LIMK2: FAILED (38s)
[22:02:56]   LIMK1: FAILED (39s)
[22:03:34]   ROCK1: FAILED (39s)
[22:03:34] [gpu0_start1087] 141/1087 mol_id=1560-incomp_0
[22:04:13]   LIMK2: FAILED (38s)
[22:04:51]   LIMK1: FAILED (38s)
[22:05:29]   ROCK1: FAILED (39s)
[22:05:29] [gpu0_start1087] 142/1087 mol_id=1561_0
[22:06:39]   LIMK2: conf=-0.850 (70s)
[22:07:46]   LIMK1: conf=-1.040 (66s)
[22:08:59]   ROCK1: conf=-1.420 (74s)
[22:08:59] [gpu0_start1087] 143/1087 mol_id=157-incomp_0
[22:09:38]   LIMK2: FAILED (38s)
[22:10:16]   LIMK1: FAILED (38s)
[22:10:55]   ROCK1: FAILED (39s)
[22:10:55] [gpu0_start1087] 144/1087 mol_id=1572_0
[22:12:10]   LIMK2: conf=-0.720 (74s)
[22:13:19]   LIMK1: conf=-0.520 (70s)
[22:14:35]   ROCK1: conf=-0.690 (76s)
[22:14:35] [gpu0_start1087] 145/1087 mol_id=1574-incomp_0
[22:15:13]   LIMK2: FAILED (38s)
[22:15:51]   LIMK1: FAILED (38s)
[22:16:30]   ROCK1: FAILED (39s)
[22:16:30] [gpu0_start1087] 146/1087 mol_id=1580_0
[22:17:39]   LIMK2: conf=-0.620 (69s)
[22:18:44]   LIMK1: conf=-0.430 (65s)
[22:19:50]   ROCK1: conf=-3.170 (66s)
[22:19:50] [gpu0_start1087] 147/1087 mol_id=1581-incomp_0
[22:20:29]   LIMK2: FAILED (38s)
[22:21:07]   LIMK1: FAILED (38s)
[22:21:47]   ROCK1: FAILED (39s)
[22:21:47] [gpu0_start1087] 148/1087 mol_id=1584-incomp_0
[22:22:25]   LIMK2: FAILED (38s)
[22:23:03]   LIMK1: FAILED (39s)
[22:23:43]   ROCK1: FAILED (39s)
[22:23:43] [gpu0_start1087] 149/1087 mol_id=1585-incomp_0
[22:24:22]   LIMK2: FAILED (39s)
[22:25:00]   LIMK1: FAILED (38s)
[22:25:39]   ROCK1: FAILED (39s)
[22:25:39] [gpu0_start1087] 150/1087 mol_id=1589_0
[22:26:51]   LIMK2: conf=-0.990 (72s)
[22:27:57]   LIMK1: conf=-0.690 (66s)
[22:29:11]   ROCK1: conf=-1.930 (74s)
[22:29:11] Progress: 150/1087 done, 9 selective so far
[22:29:11] [gpu0_start1087] 151/1087 mol_id=159-incomp_0
[22:29:49]   LIMK2: FAILED (38s)
[22:30:27]   LIMK1: FAILED (38s)
[22:31:06]   ROCK1: FAILED (39s)
[22:31:06] [gpu0_start1087] 152/1087 mol_id=16_0
[22:32:18]   LIMK2: conf=-2.060 (72s)
[22:33:27]   LIMK1: conf=-0.720 (69s)
[22:34:38]   ROCK1: conf=-1.840 (71s)
[22:34:38] [gpu0_start1087] 153/1087 mol_id=1606_0
[22:35:48]   LIMK2: conf=-1.480 (71s)
[22:36:56]   LIMK1: conf=-0.190 (68s)
[22:38:05]   ROCK1: conf=-2.890 (69s)
[22:38:05] [gpu0_start1087] 154/1087 mol_id=1612-incomp_0
[22:38:44]   LIMK2: FAILED (39s)
[22:39:23]   LIMK1: FAILED (39s)
[22:40:02]   ROCK1: FAILED (39s)
[22:40:02] [gpu0_start1087] 155/1087 mol_id=1614-incomp_0
[22:40:40]   LIMK2: FAILED (39s)
[22:41:19]   LIMK1: FAILED (39s)
[22:41:58]   ROCK1: FAILED (39s)
[22:41:58] [gpu0_start1087] 156/1087 mol_id=1620-incomp_0
[22:42:37]   LIMK2: FAILED (39s)
[22:43:16]   LIMK1: FAILED (39s)
[22:43:55]   ROCK1: FAILED (40s)
[22:43:55] [gpu0_start1087] 157/1087 mol_id=1621_0
[22:45:06]   LIMK2: conf=-0.960 (70s)
[22:46:13]   LIMK1: conf=-1.080 (68s)
[22:47:26]   ROCK1: conf=-0.570 (72s)
[22:47:26] [gpu0_start1087] 158/1087 mol_id=1626-incomp_0
[22:48:04]   LIMK2: FAILED (38s)
[22:48:42]   LIMK1: FAILED (38s)
[22:49:21]   ROCK1: FAILED (39s)
[22:49:21] [gpu0_start1087] 159/1087 mol_id=163_0
[22:50:31]   LIMK2: conf=-1.130 (70s)
[22:51:38]   LIMK1: conf=-0.720 (67s)
[22:52:51]   ROCK1: conf=-1.130 (73s)
[22:52:51] [gpu0_start1087] 160/1087 mol_id=1631-incomp_0
[22:53:29]   LIMK2: FAILED (38s)
[22:54:08]   LIMK1: FAILED (38s)
[22:54:46]   ROCK1: FAILED (39s)
[22:54:46] [gpu0_start1087] 161/1087 mol_id=1637_0
[22:55:57]   LIMK2: conf=-0.540 (71s)
[22:57:04]   LIMK1: conf=-1.970 (66s)
[22:58:18]   ROCK1: conf=-2.120 (74s)
[22:58:18]   *** SELECTIVE margin=1.430 ***
[22:58:18] [gpu0_start1087] 162/1087 mol_id=1643-incomp_0
[22:58:56]   LIMK2: FAILED (38s)
[22:59:34]   LIMK1: FAILED (38s)
[23:00:13]   ROCK1: FAILED (39s)
[23:00:13] [gpu0_start1087] 163/1087 mol_id=167_0
[23:01:22]   LIMK2: conf=-1.400 (69s)
[23:02:28]   LIMK1: conf=-1.260 (65s)
[23:03:39]   ROCK1: conf=-1.680 (71s)
[23:03:39] [gpu0_start1087] 164/1087 mol_id=1670-incomp_0
[23:04:17]   LIMK2: FAILED (38s)
[23:04:55]   LIMK1: FAILED (38s)
[23:05:34]   ROCK1: FAILED (39s)
[23:05:34] [gpu0_start1087] 165/1087 mol_id=168_0
[23:06:44]   LIMK2: conf=-1.080 (70s)
[23:07:51]   LIMK1: conf=-0.390 (68s)
[23:09:03]   ROCK1: conf=-0.980 (71s)
[23:09:03] [gpu0_start1087] 166/1087 mol_id=169-incomp_0
[23:09:40]   LIMK2: FAILED (38s)
[23:10:18]   LIMK1: FAILED (38s)
[23:10:56]   ROCK1: FAILED (38s)
[23:10:56] [gpu0_start1087] 167/1087 mol_id=1693-incomp_0
[23:11:34]   LIMK2: FAILED (38s)
[23:12:13]   LIMK1: FAILED (38s)
[23:12:51]   ROCK1: FAILED (39s)
[23:12:51] [gpu0_start1087] 168/1087 mol_id=1694-incomp_0
[23:13:29]   LIMK2: FAILED (38s)
[23:14:08]   LIMK1: FAILED (38s)
[23:14:46]   ROCK1: FAILED (38s)
[23:14:46] [gpu0_start1087] 169/1087 mol_id=1696-incomp_0
[23:15:24]   LIMK2: FAILED (38s)
[23:16:02]   LIMK1: FAILED (38s)
[23:16:40]   ROCK1: FAILED (38s)
[23:16:40] [gpu0_start1087] 170/1087 mol_id=1698-incomp_0
[23:17:18]   LIMK2: FAILED (38s)
[23:17:56]   LIMK1: FAILED (38s)
[23:18:35]   ROCK1: FAILED (39s)
[23:18:35] [gpu0_start1087] 171/1087 mol_id=1706-incomp_0
[23:19:13]   LIMK2: FAILED (38s)
[23:19:51]   LIMK1: FAILED (38s)
[23:20:31]   ROCK1: FAILED (40s)
[23:20:31] [gpu0_start1087] 172/1087 mol_id=171-incomp_0
[23:21:09]   LIMK2: FAILED (38s)
[23:21:44]   LIMK1: FAILED (35s)
[23:22:19]   ROCK1: FAILED (35s)
[23:22:19] [gpu0_start1087] 173/1087 mol_id=1710_0
[23:23:27]   LIMK2: conf=-1.620 (68s)
[23:24:31]   LIMK1: conf=0.010 (64s)
[23:25:39]   ROCK1: conf=-1.870 (69s)
[23:25:39] [gpu0_start1087] 174/1087 mol_id=1714_0
[23:26:45]   LIMK2: conf=-1.410 (65s)
[23:27:47]   LIMK1: conf=-0.080 (62s)
[23:28:56]   ROCK1: conf=-1.170 (68s)
[23:28:56] [gpu0_start1087] 175/1087 mol_id=1715-incomp_0
[23:29:30]   LIMK2: FAILED (35s)
[23:30:05]   LIMK1: FAILED (35s)
[23:30:41]   ROCK1: FAILED (36s)
[23:30:41] [gpu0_start1087] 176/1087 mol_id=1717-incomp_0
[23:31:15]   LIMK2: FAILED (35s)
[23:31:50]   LIMK1: FAILED (35s)
[23:32:26]   ROCK1: FAILED (35s)
[23:32:26] [gpu0_start1087] 177/1087 mol_id=1718-incomp_0
[23:33:01]   LIMK2: FAILED (36s)
[23:33:36]   LIMK1: FAILED (35s)
[23:34:11]   ROCK1: FAILED (35s)
[23:34:11] [gpu0_start1087] 178/1087 mol_id=172_0
[23:35:17]   LIMK2: conf=-1.550 (66s)
[23:36:21]   LIMK1: conf=-0.940 (64s)
[23:37:30]   ROCK1: conf=-0.760 (69s)
[23:37:30] [gpu0_start1087] 179/1087 mol_id=1722_0
[23:38:33]   LIMK2: conf=-1.140 (63s)
[23:39:35]   LIMK1: conf=-0.130 (61s)
[23:40:41]   ROCK1: conf=-0.540 (67s)
[23:40:41] [gpu0_start1087] 180/1087 mol_id=1725_0
[23:41:46]   LIMK2: conf=-0.680 (65s)
[23:42:51]   LIMK1: conf=-0.440 (64s)
[23:43:56]   ROCK1: conf=-1.320 (66s)
[23:43:56] [gpu0_start1087] 181/1087 mol_id=1727-incomp_0
[23:44:32]   LIMK2: FAILED (35s)
[23:45:06]   LIMK1: FAILED (35s)
[23:45:42]   ROCK1: FAILED (35s)
[23:45:42] [gpu0_start1087] 182/1087 mol_id=1728-incomp_0
[23:46:16]   LIMK2: FAILED (34s)
[23:46:50]   LIMK1: FAILED (34s)
[23:47:25]   ROCK1: FAILED (35s)
[23:47:25] [gpu0_start1087] 183/1087 mol_id=173_0
[23:48:32]   LIMK2: conf=-2.150 (66s)
[23:49:36]   LIMK1: conf=-0.460 (65s)
[23:50:42]   ROCK1: conf=-0.730 (66s)
[23:50:42] [gpu0_start1087] 184/1087 mol_id=1737_0
[23:51:50]   LIMK2: conf=-2.110 (67s)
[23:52:52]   LIMK1: conf=-0.790 (63s)
[23:54:01]   ROCK1: conf=-1.410 (69s)
[23:54:01] [gpu0_start1087] 185/1087 mol_id=1739_0
[23:55:05]   LIMK2: conf=-0.570 (64s)
[23:56:07]   LIMK1: conf=-0.160 (61s)
[23:57:12]   ROCK1: conf=-2.420 (65s)
[23:57:12] [gpu0_start1087] 186/1087 mol_id=174-incomp_0
[23:57:46]   LIMK2: FAILED (35s)
[23:58:21]   LIMK1: FAILED (35s)
[23:58:56]   ROCK1: FAILED (35s)
[23:58:56] [gpu0_start1087] 187/1087 mol_id=1741_0
[00:00:04]   LIMK2: conf=-2.070 (68s)
[00:01:08]   LIMK1: conf=-1.460 (64s)
[00:02:00]   ROCK1: conf=-1.360 (52s)
[00:02:00] [gpu0_start1087] 188/1087 mol_id=1746_0
[00:03:07]   LIMK2: conf=-2.810 (67s)
[00:04:10]   LIMK1: conf=-0.150 (63s)
[00:05:17]   ROCK1: conf=-1.710 (68s)
[00:05:17] [gpu0_start1087] 189/1087 mol_id=1752-incomp_0
[00:05:52]   LIMK2: FAILED (35s)
[00:06:27]   LIMK1: FAILED (35s)
[00:07:02]   ROCK1: FAILED (35s)
[00:07:02] [gpu0_start1087] 190/1087 mol_id=1753-incomp_0
[00:07:36]   LIMK2: FAILED (35s)
[00:08:11]   LIMK1: FAILED (35s)
[00:08:47]   ROCK1: FAILED (35s)
[00:08:47] [gpu0_start1087] 191/1087 mol_id=1757-incomp_0
[00:09:21]   LIMK2: FAILED (35s)
[00:09:56]   LIMK1: FAILED (35s)
[00:10:32]   ROCK1: FAILED (35s)
[00:10:32] [gpu0_start1087] 192/1087 mol_id=1759-incomp_0
[00:11:07]   LIMK2: FAILED (35s)
[00:11:42]   LIMK1: FAILED (35s)
[00:12:17]   ROCK1: FAILED (36s)
[00:12:17] [gpu0_start1087] 193/1087 mol_id=1761_0
[00:13:22]   LIMK2: conf=-2.590 (65s)
[00:14:24]   LIMK1: conf=-0.220 (62s)
[00:15:31]   ROCK1: conf=-0.970 (67s)
[00:15:31] [gpu0_start1087] 194/1087 mol_id=177-incomp_0
[00:16:05]   LIMK2: FAILED (35s)
[00:16:40]   LIMK1: FAILED (35s)
[00:17:15]   ROCK1: FAILED (35s)
[00:17:15] [gpu0_start1087] 195/1087 mol_id=1775-incomp_0
[00:17:50]   LIMK2: FAILED (34s)
[00:18:24]   LIMK1: FAILED (35s)
[00:19:00]   ROCK1: FAILED (36s)
[00:19:00] [gpu0_start1087] 196/1087 mol_id=1776_0
[00:20:06]   LIMK2: conf=-0.580 (66s)
[00:21:06]   LIMK1: conf=-0.280 (61s)
[00:22:13]   ROCK1: conf=-0.390 (67s)
[00:22:13] [gpu0_start1087] 197/1087 mol_id=1777-incomp_0
[00:22:48]   LIMK2: FAILED (35s)
[00:23:23]   LIMK1: FAILED (35s)
[00:23:58]   ROCK1: FAILED (35s)
[00:23:58] [gpu0_start1087] 198/1087 mol_id=1781-incomp_0
[00:24:32]   LIMK2: FAILED (35s)
[00:25:07]   LIMK1: FAILED (35s)
[00:25:43]   ROCK1: FAILED (36s)
[00:25:43] [gpu0_start1087] 199/1087 mol_id=1785-incomp_0
[00:26:18]   LIMK2: FAILED (35s)
[00:26:53]   LIMK1: FAILED (35s)
[00:27:28]   ROCK1: FAILED (36s)
[00:27:28] [gpu0_start1087] 200/1087 mol_id=1787-incomp_0
[00:28:03]   LIMK2: FAILED (35s)
[00:28:38]   LIMK1: FAILED (35s)
[00:29:13]   ROCK1: FAILED (36s)
[00:29:13] Progress: 200/1087 done, 10 selective so far
[00:29:13] [gpu0_start1087] 201/1087 mol_id=179-incomp_0
[00:29:48]   LIMK2: FAILED (35s)
[00:30:23]   LIMK1: FAILED (35s)
[00:30:58]   ROCK1: FAILED (36s)
[00:30:58] [gpu0_start1087] 202/1087 mol_id=1795_0
[00:32:09]   LIMK2: conf=-1.940 (70s)
[00:33:17]   LIMK1: conf=-2.220 (68s)
[00:34:30]   ROCK1: conf=-1.590 (73s)
[00:34:30] [gpu0_start1087] 203/1087 mol_id=1796_0
[00:35:35]   LIMK2: conf=-0.730 (65s)
[00:36:37]   LIMK1: conf=0.290 (62s)
[00:37:44]   ROCK1: conf=-2.900 (67s)
[00:37:44] [gpu0_start1087] 204/1087 mol_id=1800_0
[00:38:51]   LIMK2: conf=-0.420 (66s)
[00:39:54]   LIMK1: conf=-1.120 (63s)
[00:41:03]   ROCK1: conf=-0.800 (68s)
[00:41:03]   *** SELECTIVE margin=0.380 ***
[00:41:03] [gpu0_start1087] 205/1087 mol_id=1804_0
[00:42:07]   LIMK2: conf=-2.180 (64s)
[00:43:09]   LIMK1: conf=-0.840 (62s)
[00:44:12]   ROCK1: conf=-4.280 (64s)
[00:44:12] [gpu0_start1087] 206/1087 mol_id=1805_0
[00:45:17]   LIMK2: conf=-2.180 (65s)
[00:46:18]   LIMK1: conf=0.360 (61s)
[00:47:20]   ROCK1: conf=-0.770 (62s)
[00:47:20] [gpu0_start1087] 207/1087 mol_id=1806-incomp_0
[00:47:55]   LIMK2: FAILED (35s)
[00:48:29]   LIMK1: FAILED (35s)
[00:49:04]   ROCK1: FAILED (35s)
[00:49:04] [gpu0_start1087] 208/1087 mol_id=1813_0
[00:50:11]   LIMK2: conf=-1.530 (67s)
[00:51:15]   LIMK1: conf=-0.180 (64s)
[00:52:25]   ROCK1: conf=-4.380 (70s)
[00:52:25] [gpu0_start1087] 209/1087 mol_id=1814-incomp_0
[00:52:59]   LIMK2: FAILED (35s)
[00:53:34]   LIMK1: FAILED (35s)
[00:54:10]   ROCK1: FAILED (36s)
[00:54:10] [gpu0_start1087] 210/1087 mol_id=1817_0
[00:55:14]   LIMK2: conf=-0.010 (64s)
[00:56:15]   LIMK1: conf=-0.020 (62s)
[00:57:19]   ROCK1: conf=-1.470 (64s)
[00:57:19] [gpu0_start1087] 211/1087 mol_id=1825-incomp_0
[00:57:54]   LIMK2: FAILED (35s)
[00:58:28]   LIMK1: FAILED (35s)
[00:59:04]   ROCK1: FAILED (36s)
[00:59:04] [gpu0_start1087] 212/1087 mol_id=1826-incomp_0
[00:59:39]   LIMK2: FAILED (35s)
[01:00:14]   LIMK1: FAILED (35s)
[01:00:49]   ROCK1: FAILED (35s)
[01:00:49] [gpu0_start1087] 213/1087 mol_id=1832-incomp_0
[01:01:24]   LIMK2: FAILED (35s)
[01:01:58]   LIMK1: FAILED (35s)
[01:02:34]   ROCK1: FAILED (35s)
[01:02:34] [gpu0_start1087] 214/1087 mol_id=1838-incomp_0
[01:03:09]   LIMK2: FAILED (35s)
[01:03:44]   LIMK1: FAILED (35s)
[01:04:19]   ROCK1: FAILED (36s)
[01:04:19] [gpu0_start1087] 215/1087 mol_id=1839-incomp_0
[01:04:54]   LIMK2: FAILED (35s)
[01:05:29]   LIMK1: FAILED (35s)
[01:06:04]   ROCK1: FAILED (35s)
[01:06:04] [gpu0_start1087] 216/1087 mol_id=1853_0
[01:07:09]   LIMK2: conf=-0.320 (64s)
[01:08:09]   LIMK1: conf=-0.060 (60s)
[01:09:16]   ROCK1: conf=-3.740 (67s)
[01:09:16] [gpu0_start1087] 217/1087 mol_id=1854-incomp_0
[01:09:51]   LIMK2: FAILED (35s)
[01:10:27]   LIMK1: FAILED (36s)
[01:11:02]   ROCK1: FAILED (36s)
[01:11:02] [gpu0_start1087] 218/1087 mol_id=1856-incomp_0
[01:11:37]   LIMK2: FAILED (35s)
[01:12:12]   LIMK1: FAILED (35s)
[01:12:46]   ROCK1: FAILED (35s)
[01:12:46] [gpu0_start1087] 219/1087 mol_id=1858_0
[01:13:54]   LIMK2: conf=-0.670 (67s)
[01:14:58]   LIMK1: conf=-0.820 (64s)
[01:16:07]   ROCK1: conf=-1.110 (69s)
[01:16:07] [gpu0_start1087] 220/1087 mol_id=1864_0
[01:17:12]   LIMK2: conf=-1.020 (65s)
[01:18:15]   LIMK1: conf=-0.130 (63s)
[01:19:19]   ROCK1: conf=-1.580 (65s)
[01:19:19] [gpu0_start1087] 221/1087 mol_id=1865_0
[01:20:25]   LIMK2: conf=-0.510 (66s)
[01:21:28]   LIMK1: conf=-0.170 (62s)
[01:22:35]   ROCK1: conf=-2.380 (67s)
[01:22:35] [gpu0_start1087] 222/1087 mol_id=1868-incomp_0
[01:23:10]   LIMK2: FAILED (35s)
[01:23:44]   LIMK1: FAILED (35s)
[01:24:20]   ROCK1: FAILED (36s)
[01:24:20] [gpu0_start1087] 223/1087 mol_id=1869-incomp_0
[01:24:54]   LIMK2: FAILED (34s)
[01:25:29]   LIMK1: FAILED (35s)
[01:26:05]   ROCK1: FAILED (36s)
[01:26:05] [gpu0_start1087] 224/1087 mol_id=1871-incomp_0
[01:26:39]   LIMK2: FAILED (34s)
[01:27:13]   LIMK1: FAILED (35s)
[01:27:49]   ROCK1: FAILED (35s)
[01:27:49] [gpu0_start1087] 225/1087 mol_id=1873_0
[01:28:58]   LIMK2: conf=-0.810 (69s)
[01:30:02]   LIMK1: conf=-0.490 (65s)
[01:31:10]   ROCK1: conf=-1.710 (68s)
[01:31:10] [gpu0_start1087] 226/1087 mol_id=1874_0
[01:32:15]   LIMK2: conf=-1.590 (65s)
[01:33:16]   LIMK1: conf=-0.380 (61s)
[01:34:24]   ROCK1: conf=-2.940 (67s)
[01:34:24] [gpu0_start1087] 227/1087 mol_id=1875-incomp_0
[01:34:58]   LIMK2: FAILED (35s)
[01:35:33]   LIMK1: FAILED (35s)
[01:36:08]   ROCK1: FAILED (35s)
[01:36:08] [gpu0_start1087] 228/1087 mol_id=1879_0
[01:37:12]   LIMK2: conf=-2.320 (64s)
[01:38:13]   LIMK1: conf=-0.330 (61s)
[01:39:21]   ROCK1: conf=0.120 (68s)
[01:39:21] [gpu0_start1087] 229/1087 mol_id=1880-incomp_0
[01:39:56]   LIMK2: FAILED (35s)
[01:40:31]   LIMK1: FAILED (35s)
[01:41:06]   ROCK1: FAILED (36s)
[01:41:06] [gpu0_start1087] 230/1087 mol_id=1882_0
[01:42:13]   LIMK2: conf=-0.980 (67s)
[01:43:17]   LIMK1: conf=0.040 (64s)
[01:44:26]   ROCK1: conf=-2.200 (69s)
[01:44:26] [gpu0_start1087] 231/1087 mol_id=1886-incomp_0
[01:45:01]   LIMK2: FAILED (35s)
[01:45:36]   LIMK1: FAILED (35s)
[01:46:11]   ROCK1: FAILED (35s)
[01:46:11] [gpu0_start1087] 232/1087 mol_id=1887_0
[01:47:23]   LIMK2: conf=-1.260 (72s)
[01:48:30]   LIMK1: conf=-0.650 (67s)
[01:49:36]   ROCK1: conf=-2.230 (66s)
[01:49:36] [gpu0_start1087] 233/1087 mol_id=1903-incomp_0
[01:50:10]   LIMK2: FAILED (35s)
[01:50:45]   LIMK1: FAILED (35s)
[01:51:20]   ROCK1: FAILED (35s)
[01:51:20] [gpu0_start1087] 234/1087 mol_id=1904-incomp_0
[01:51:55]   LIMK2: FAILED (35s)
[01:52:30]   LIMK1: FAILED (35s)
[01:53:05]   ROCK1: FAILED (35s)
[01:53:05] [gpu0_start1087] 235/1087 mol_id=1909-incomp_0
[01:53:40]   LIMK2: FAILED (35s)
[01:54:15]   LIMK1: FAILED (35s)
[01:54:50]   ROCK1: FAILED (35s)
[01:54:50] [gpu0_start1087] 236/1087 mol_id=1921-incomp_0
[01:55:25]   LIMK2: FAILED (35s)
[01:56:00]   LIMK1: FAILED (35s)
[01:56:35]   ROCK1: FAILED (35s)
[01:56:35] [gpu0_start1087] 237/1087 mol_id=1923_0
[01:57:43]   LIMK2: conf=-1.200 (68s)
[01:58:48]   LIMK1: conf=-0.690 (65s)
[01:59:58]   ROCK1: conf=-2.050 (70s)
[01:59:58] [gpu0_start1087] 238/1087 mol_id=1927-incomp_0
[02:00:33]   LIMK2: FAILED (35s)
[02:01:08]   LIMK1: FAILED (35s)
[02:01:44]   ROCK1: FAILED (36s)
[02:01:44] [gpu0_start1087] 239/1087 mol_id=1936-incomp_0
[02:02:18]   LIMK2: FAILED (35s)
[02:02:53]   LIMK1: FAILED (35s)
[02:03:28]   ROCK1: FAILED (35s)
[02:03:28] [gpu0_start1087] 240/1087 mol_id=1939-incomp_0
[02:04:03]   LIMK2: FAILED (35s)
[02:04:38]   LIMK1: FAILED (35s)
[02:05:13]   ROCK1: FAILED (35s)
[02:05:13] [gpu0_start1087] 241/1087 mol_id=1944_0
[02:06:19]   LIMK2: conf=-0.710 (66s)
[02:07:19]   LIMK1: conf=0.130 (60s)
[02:08:27]   ROCK1: conf=-2.430 (68s)
[02:08:27] [gpu0_start1087] 242/1087 mol_id=1946-incomp_0
[02:09:01]   LIMK2: FAILED (34s)
[02:09:35]   LIMK1: FAILED (34s)
[02:10:11]   ROCK1: FAILED (36s)
[02:10:11] [gpu0_start1087] 243/1087 mol_id=1947_0
[02:11:18]   LIMK2: conf=-1.060 (67s)
[02:12:20]   LIMK1: conf=-1.220 (62s)
[02:13:28]   ROCK1: conf=-1.550 (68s)
[02:13:28] [gpu0_start1087] 244/1087 mol_id=1951-incomp_0
[02:14:03]   LIMK2: FAILED (35s)
[02:14:38]   LIMK1: FAILED (35s)
[02:15:13]   ROCK1: FAILED (36s)
[02:15:13] [gpu0_start1087] 245/1087 mol_id=1955-incomp_0
[02:15:48]   LIMK2: FAILED (35s)
[02:16:23]   LIMK1: FAILED (35s)
[02:17:00]   ROCK1: FAILED (37s)
[02:17:00] [gpu0_start1087] 246/1087 mol_id=1961_0
[02:18:09]   LIMK2: conf=-1.420 (69s)
[02:19:13]   LIMK1: conf=-1.080 (64s)
[02:20:21]   ROCK1: conf=-1.160 (68s)
[02:20:21] [gpu0_start1087] 247/1087 mol_id=1963-incomp_0
[02:21:02]   LIMK2: FAILED (42s)
[02:21:38]   LIMK1: FAILED (36s)
[02:22:18]   ROCK1: FAILED (40s)
[02:22:18] [gpu0_start1087] 248/1087 mol_id=1969_0
[02:23:27]   LIMK2: conf=-0.760 (69s)
[02:24:29]   LIMK1: conf=-0.600 (62s)
[02:25:39]   ROCK1: conf=-1.010 (71s)
[02:25:39] [gpu0_start1087] 249/1087 mol_id=197-incomp_0
[02:26:14]   LIMK2: FAILED (35s)
[02:26:53]   LIMK1: FAILED (39s)
[02:27:30]   ROCK1: FAILED (37s)
[02:27:30] [gpu0_start1087] 250/1087 mol_id=1973-incomp_0
[02:28:09]   LIMK2: FAILED (39s)
[02:28:45]   LIMK1: FAILED (36s)
[02:29:21]   ROCK1: FAILED (37s)
[02:29:21] Progress: 250/1087 done, 11 selective so far
[02:29:21] [gpu0_start1087] 251/1087 mol_id=1986-incomp_0
[02:29:57]   LIMK2: FAILED (36s)
[02:30:32]   LIMK1: FAILED (35s)
[02:31:08]   ROCK1: FAILED (36s)
[02:31:08] [gpu0_start1087] 252/1087 mol_id=1994_0
[02:32:14]   LIMK2: conf=-0.190 (66s)
[02:33:20]   LIMK1: conf=-0.280 (66s)
[02:34:31]   ROCK1: conf=-1.440 (71s)
[02:34:31] [gpu0_start1087] 253/1087 mol_id=1997-incomp_0
[02:35:07]   LIMK2: FAILED (36s)
[02:35:42]   LIMK1: FAILED (35s)
[02:36:18]   ROCK1: FAILED (36s)
[02:36:18] [gpu0_start1087] 254/1087 mol_id=2000-incomp_0
[02:36:53]   LIMK2: FAILED (35s)
[02:37:28]   LIMK1: FAILED (35s)
[02:38:03]   ROCK1: FAILED (35s)
[02:38:03] [gpu0_start1087] 255/1087 mol_id=2002_0
[02:39:06]   LIMK2: conf=-0.400 (63s)
[02:40:06]   LIMK1: conf=0.050 (60s)
[02:41:10]   ROCK1: conf=-3.660 (64s)
[02:41:10] [gpu0_start1087] 256/1087 mol_id=2003_0
[02:42:16]   LIMK2: conf=-0.960 (66s)
[02:43:19]   LIMK1: conf=-0.340 (63s)
[02:44:27]   ROCK1: conf=-1.350 (68s)
[02:44:27] [gpu0_start1087] 257/1087 mol_id=2007_0
[02:45:33]   LIMK2: conf=-1.050 (66s)
[02:46:36]   LIMK1: conf=-0.200 (63s)
[02:47:44]   ROCK1: conf=-2.920 (68s)
[02:47:44] [gpu0_start1087] 258/1087 mol_id=2009-incomp_0
[02:48:19]   LIMK2: FAILED (35s)
[02:48:54]   LIMK1: FAILED (35s)
[02:49:30]   ROCK1: FAILED (36s)
[02:49:30] [gpu0_start1087] 259/1087 mol_id=2011-incomp_0
[02:50:05]   LIMK2: FAILED (35s)
[02:50:39]   LIMK1: FAILED (34s)
[02:51:14]   ROCK1: FAILED (35s)
[02:51:14] [gpu0_start1087] 260/1087 mol_id=2013-incomp_0
[02:51:49]   LIMK2: FAILED (35s)
[02:52:25]   LIMK1: FAILED (36s)
[02:53:00]   ROCK1: FAILED (35s)
[02:53:00] [gpu0_start1087] 261/1087 mol_id=2014-incomp_0
[02:53:35]   LIMK2: FAILED (35s)
[02:54:10]   LIMK1: FAILED (35s)
[02:54:45]   ROCK1: FAILED (35s)
[02:54:45] [gpu0_start1087] 262/1087 mol_id=2015-incomp_0
[02:55:20]   LIMK2: FAILED (35s)
[02:55:55]   LIMK1: FAILED (35s)
[02:56:30]   ROCK1: FAILED (36s)
[02:56:30] [gpu0_start1087] 263/1087 mol_id=202-incomp_0
[02:57:05]   LIMK2: FAILED (35s)
[02:57:40]   LIMK1: FAILED (35s)
[02:58:16]   ROCK1: FAILED (36s)
[02:58:16] [gpu0_start1087] 264/1087 mol_id=2046-incomp_0
[02:58:50]   LIMK2: FAILED (35s)
[02:59:25]   LIMK1: FAILED (35s)
[03:00:01]   ROCK1: FAILED (36s)
[03:00:01] [gpu0_start1087] 265/1087 mol_id=2047_0
[03:01:09]   LIMK2: conf=-0.900 (68s)
[03:02:12]   LIMK1: conf=-0.470 (63s)
[03:03:20]   ROCK1: conf=-2.050 (68s)
[03:03:20] [gpu0_start1087] 266/1087 mol_id=2052-incomp_0
[03:03:55]   LIMK2: FAILED (35s)
[03:04:30]   LIMK1: FAILED (35s)
[03:05:06]   ROCK1: FAILED (36s)
[03:05:06] [gpu0_start1087] 267/1087 mol_id=2061_0
[03:06:14]   LIMK2: conf=-1.060 (68s)
[03:07:18]   LIMK1: conf=-1.310 (64s)
[03:08:29]   ROCK1: conf=-2.670 (71s)
[03:08:29] [gpu0_start1087] 268/1087 mol_id=2063_0
[03:09:34]   LIMK2: conf=-1.750 (65s)
[03:10:35]   LIMK1: conf=-0.140 (61s)
[03:11:41]   ROCK1: conf=-0.620 (67s)
[03:11:41] [gpu0_start1087] 269/1087 mol_id=2066-incomp_0
[03:12:16]   LIMK2: FAILED (35s)
[03:12:51]   LIMK1: FAILED (35s)
[03:13:26]   ROCK1: FAILED (35s)
[03:13:26] [gpu0_start1087] 270/1087 mol_id=2070-incomp_0
[03:14:01]   LIMK2: FAILED (35s)
[03:14:36]   LIMK1: FAILED (35s)
[03:15:12]   ROCK1: FAILED (36s)
[03:15:12] [gpu0_start1087] 271/1087 mol_id=2071-incomp_0
[03:15:47]   LIMK2: FAILED (35s)
[03:16:21]   LIMK1: FAILED (35s)
[03:16:57]   ROCK1: FAILED (35s)
[03:16:57] [gpu0_start1087] 272/1087 mol_id=2075-incomp_0
[03:17:32]   LIMK2: FAILED (35s)
[03:18:07]   LIMK1: FAILED (35s)
[03:18:42]   ROCK1: FAILED (35s)
[03:18:42] [gpu0_start1087] 273/1087 mol_id=2077_0
[03:19:50]   LIMK2: conf=-1.920 (68s)
[03:20:56]   LIMK1: conf=-2.010 (66s)
[03:22:04]   ROCK1: conf=-2.900 (68s)
[03:22:04] [gpu0_start1087] 274/1087 mol_id=2090-incomp_0
[03:22:39]   LIMK2: FAILED (35s)
[03:23:14]   LIMK1: FAILED (35s)
[03:23:49]   ROCK1: FAILED (35s)
[03:23:49] [gpu0_start1087] 275/1087 mol_id=2091_0
[03:24:55]   LIMK2: conf=-0.590 (66s)
[03:25:57]   LIMK1: conf=-0.960 (62s)
[03:27:02]   ROCK1: conf=-1.730 (65s)
[03:27:02]   *** SELECTIVE margin=0.370 ***
[03:27:02] [gpu0_start1087] 276/1087 mol_id=2093-incomp_0
[03:27:37]   LIMK2: FAILED (35s)
[03:28:12]   LIMK1: FAILED (35s)
[03:28:47]   ROCK1: FAILED (35s)
[03:28:47] [gpu0_start1087] 277/1087 mol_id=2103_0
[03:29:50]   LIMK2: conf=-1.600 (63s)
[03:30:50]   LIMK1: conf=-0.190 (60s)
[03:31:56]   ROCK1: conf=-0.370 (66s)
[03:31:56] [gpu0_start1087] 278/1087 mol_id=2105_0
[03:33:05]   LIMK2: conf=-0.820 (68s)
[03:34:10]   LIMK1: conf=-0.270 (65s)
[03:35:19]   ROCK1: conf=-2.910 (70s)
[03:35:19] [gpu0_start1087] 279/1087 mol_id=2110-incomp_0
[03:35:54]   LIMK2: FAILED (35s)
[03:36:29]   LIMK1: FAILED (35s)
[03:37:04]   ROCK1: FAILED (36s)
[03:37:04] [gpu0_start1087] 280/1087 mol_id=2112_0
[03:38:10]   LIMK2: conf=-0.290 (66s)
[03:39:13]   LIMK1: conf=-1.570 (63s)
[03:40:21]   ROCK1: conf=-0.630 (68s)
[03:40:21]   *** SELECTIVE margin=0.340 ***
[03:40:21] [gpu0_start1087] 281/1087 mol_id=2117_0
[03:41:26]   LIMK2: conf=-1.750 (65s)
[03:42:29]   LIMK1: conf=0.060 (63s)
[03:43:36]   ROCK1: conf=-3.260 (67s)
[03:43:36] [gpu0_start1087] 282/1087 mol_id=2120_0
[03:44:40]   LIMK2: conf=-1.050 (64s)
[03:45:43]   LIMK1: conf=-0.610 (63s)
[03:46:51]   ROCK1: conf=-1.740 (69s)
[03:46:51] [gpu0_start1087] 283/1087 mol_id=2122_0
[03:47:57]   LIMK2: conf=-0.280 (66s)
[03:48:59]   LIMK1: conf=-0.240 (62s)
[03:50:07]   ROCK1: conf=-1.280 (68s)
[03:50:07] [gpu0_start1087] 284/1087 mol_id=2127_0
[03:51:12]   LIMK2: conf=-1.020 (65s)
[03:52:13]   LIMK1: conf=-0.820 (61s)
[03:53:16]   ROCK1: conf=-1.490 (63s)
[03:53:16] [gpu0_start1087] 285/1087 mol_id=2137-incomp_0
[03:53:51]   LIMK2: FAILED (35s)
[03:54:25]   LIMK1: FAILED (35s)
[03:55:00]   ROCK1: FAILED (35s)
[03:55:00] [gpu0_start1087] 286/1087 mol_id=2142-incomp_0
[03:55:35]   LIMK2: FAILED (35s)
[03:56:10]   LIMK1: FAILED (35s)
[03:56:46]   ROCK1: FAILED (36s)
[03:56:46] [gpu0_start1087] 287/1087 mol_id=215_0
[03:57:51]   LIMK2: conf=-2.400 (66s)
[03:58:53]   LIMK1: conf=-0.100 (62s)
[04:00:00]   ROCK1: conf=-1.550 (67s)
[04:00:00] [gpu0_start1087] 288/1087 mol_id=2166_0
[04:01:06]   LIMK2: conf=-0.770 (66s)
[04:02:08]   LIMK1: conf=0.120 (62s)
[04:03:14]   ROCK1: conf=-3.090 (65s)
[04:03:14] [gpu0_start1087] 289/1087 mol_id=2167-incomp_0
[04:03:49]   LIMK2: FAILED (35s)
[04:04:23]   LIMK1: FAILED (35s)
[04:04:58]   ROCK1: FAILED (35s)
[04:04:58] [gpu0_start1087] 290/1087 mol_id=2168-incomp_0
[04:05:33]   LIMK2: FAILED (34s)
[04:06:08]   LIMK1: FAILED (35s)
[04:06:43]   ROCK1: FAILED (36s)
[04:06:43] [gpu0_start1087] 291/1087 mol_id=2170-incomp_0
[04:07:18]   LIMK2: FAILED (35s)
[04:07:53]   LIMK1: FAILED (35s)
[04:08:28]   ROCK1: FAILED (35s)
[04:08:28] [gpu0_start1087] 292/1087 mol_id=2176-incomp_0
[04:09:02]   LIMK2: FAILED (35s)
[04:09:37]   LIMK1: FAILED (35s)
[04:10:12]   ROCK1: FAILED (35s)
[04:10:12] [gpu0_start1087] 293/1087 mol_id=2180_0
[04:11:19]   LIMK2: conf=-0.850 (67s)
[04:12:22]   LIMK1: conf=-0.600 (63s)
[04:13:32]   ROCK1: conf=-1.750 (69s)
[04:13:32] [gpu0_start1087] 294/1087 mol_id=2181_0
[04:14:44]   LIMK2: conf=-0.500 (72s)
[04:15:51]   LIMK1: conf=-1.420 (67s)
[04:17:01]   ROCK1: conf=-1.940 (70s)
[04:17:01]   *** SELECTIVE margin=0.920 ***
[04:17:01] [gpu0_start1087] 295/1087 mol_id=2185_0
[04:18:07]   LIMK2: conf=-1.940 (67s)
[04:19:10]   LIMK1: conf=-0.300 (63s)
[04:20:18]   ROCK1: conf=-1.510 (68s)
[04:20:18] [gpu0_start1087] 296/1087 mol_id=2193-incomp_0
[04:20:53]   LIMK2: FAILED (35s)
[04:21:28]   LIMK1: FAILED (35s)
[04:22:04]   ROCK1: FAILED (36s)
[04:22:04] [gpu0_start1087] 297/1087 mol_id=2195_0
[04:23:11]   LIMK2: conf=-0.570 (67s)
[04:24:11]   LIMK1: conf=-0.430 (60s)
[04:25:19]   ROCK1: conf=-2.270 (68s)
[04:25:19] [gpu0_start1087] 298/1087 mol_id=2199_0
[04:26:26]   LIMK2: conf=-1.050 (67s)
[04:27:30]   LIMK1: conf=0.130 (63s)
[04:28:38]   ROCK1: conf=-0.630 (68s)
[04:28:38] [gpu0_start1087] 299/1087 mol_id=22-incomp_0
[04:29:13]   LIMK2: FAILED (35s)
[04:29:48]   LIMK1: FAILED (35s)
[04:30:24]   ROCK1: FAILED (36s)
[04:30:24] [gpu0_start1087] 300/1087 mol_id=2207-incomp_0
[04:30:59]   LIMK2: FAILED (35s)
[04:31:33]   LIMK1: FAILED (35s)
[04:32:10]   ROCK1: FAILED (36s)
[04:32:10] Progress: 300/1087 done, 14 selective so far
[04:32:10] [gpu0_start1087] 301/1087 mol_id=2214_0
[04:33:17]   LIMK2: conf=-1.280 (67s)
[04:34:19]   LIMK1: conf=-0.240 (63s)
[04:35:28]   ROCK1: conf=-0.640 (69s)
[04:35:28] [gpu0_start1087] 302/1087 mol_id=2218-incomp_0
[04:36:03]   LIMK2: FAILED (35s)
[04:36:37]   LIMK1: FAILED (35s)
[04:37:13]   ROCK1: FAILED (35s)
[04:37:13] [gpu0_start1087] 303/1087 mol_id=2219-incomp_0
[04:37:47]   LIMK2: FAILED (35s)
[04:38:22]   LIMK1: FAILED (35s)
[04:38:58]   ROCK1: FAILED (36s)
[04:38:58] [gpu0_start1087] 304/1087 mol_id=222_0
[04:40:04]   LIMK2: conf=-0.450 (66s)
[04:41:07]   LIMK1: conf=-0.690 (63s)
[04:42:16]   ROCK1: conf=-4.490 (69s)
[04:42:16] [gpu0_start1087] 305/1087 mol_id=2231_0
[04:43:26]   LIMK2: conf=-1.330 (70s)
[04:44:31]   LIMK1: conf=-0.960 (65s)
[04:45:43]   ROCK1: conf=-2.380 (72s)
[04:45:43] [gpu0_start1087] 306/1087 mol_id=2233_0
[04:46:47]   LIMK2: conf=-0.840 (65s)
[04:47:48]   LIMK1: conf=-0.210 (60s)
[04:48:51]   ROCK1: conf=-0.310 (63s)
[04:48:51] [gpu0_start1087] 307/1087 mol_id=2234-incomp_0
[04:49:26]   LIMK2: FAILED (35s)
[04:50:01]   LIMK1: FAILED (35s)
[04:50:36]   ROCK1: FAILED (36s)
[04:50:36] [gpu0_start1087] 308/1087 mol_id=2235-incomp_0
[04:51:11]   LIMK2: FAILED (35s)
[04:51:46]   LIMK1: FAILED (35s)
[04:52:21]   ROCK1: FAILED (35s)
[04:52:21] [gpu0_start1087] 309/1087 mol_id=2245-incomp_0
[04:52:55]   LIMK2: FAILED (35s)
[04:53:30]   LIMK1: FAILED (35s)
[04:54:05]   ROCK1: FAILED (35s)
[04:54:05] [gpu0_start1087] 310/1087 mol_id=2250_0
[04:55:16]   LIMK2: conf=-0.860 (71s)
[04:56:22]   LIMK1: conf=-0.920 (66s)
[04:57:35]   ROCK1: conf=-2.740 (73s)
[04:57:35] [gpu0_start1087] 311/1087 mol_id=2253-incomp_0
[04:58:10]   LIMK2: FAILED (35s)
[04:58:45]   LIMK1: FAILED (35s)
[04:59:20]   ROCK1: FAILED (35s)
[04:59:20] [gpu0_start1087] 312/1087 mol_id=2261-incomp_0
[04:59:55]   LIMK2: FAILED (35s)
[05:00:30]   LIMK1: FAILED (35s)
[05:01:05]   ROCK1: FAILED (36s)
[05:01:05] [gpu0_start1087] 313/1087 mol_id=2262_0
[05:02:12]   LIMK2: conf=-0.430 (67s)
[05:03:15]   LIMK1: conf=-0.450 (63s)
[05:04:20]   ROCK1: conf=-4.510 (64s)
[05:04:20] [gpu0_start1087] 314/1087 mol_id=2267_0
[05:05:26]   LIMK2: conf=-1.270 (67s)
[05:06:31]   LIMK1: conf=-0.460 (64s)
[05:07:35]   ROCK1: conf=-0.950 (64s)
[05:07:35] [gpu0_start1087] 315/1087 mol_id=2273-incomp_0
[05:08:10]   LIMK2: FAILED (35s)
[05:08:45]   LIMK1: FAILED (35s)
[05:09:20]   ROCK1: FAILED (35s)
[05:09:20] [gpu0_start1087] 316/1087 mol_id=2276_0
[05:10:24]   LIMK2: conf=-0.170 (64s)
[05:11:25]   LIMK1: conf=0.490 (61s)
[05:12:30]   ROCK1: conf=-0.610 (65s)
[05:12:30] [gpu0_start1087] 317/1087 mol_id=2278-incomp_0
[05:13:05]   LIMK2: FAILED (35s)
[05:13:40]   LIMK1: FAILED (35s)
[05:14:15]   ROCK1: FAILED (35s)
[05:14:15] [gpu0_start1087] 318/1087 mol_id=2280-incomp_0
[05:14:50]   LIMK2: FAILED (35s)
[05:15:25]   LIMK1: FAILED (35s)
[05:16:00]   ROCK1: FAILED (36s)
[05:16:00] [gpu0_start1087] 319/1087 mol_id=2281-incomp_0
[05:16:35]   LIMK2: FAILED (35s)
[05:17:10]   LIMK1: FAILED (35s)
[05:17:46]   ROCK1: FAILED (35s)
[05:17:46] [gpu0_start1087] 320/1087 mol_id=2283_0
[05:18:53]   LIMK2: conf=-1.390 (68s)
[05:19:55]   LIMK1: conf=-1.560 (62s)
[05:21:06]   ROCK1: conf=-1.800 (71s)
[05:21:06] [gpu0_start1087] 321/1087 mol_id=2285-incomp_0
[05:21:41]   LIMK2: FAILED (35s)
[05:22:16]   LIMK1: FAILED (35s)
[05:22:51]   ROCK1: FAILED (36s)
[05:22:51] [gpu0_start1087] 322/1087 mol_id=2286_0
[05:23:55]   LIMK2: conf=-0.580 (64s)
[05:24:55]   LIMK1: conf=-0.890 (60s)
[05:26:01]   ROCK1: conf=-0.350 (66s)
[05:26:01] [gpu0_start1087] 323/1087 mol_id=2298_0
[05:27:07]   LIMK2: conf=-0.900 (66s)
[05:28:08]   LIMK1: conf=-0.070 (61s)
[05:29:08]   ROCK1: conf=-1.050 (60s)
[05:29:08] [gpu0_start1087] 324/1087 mol_id=2299_0
[05:30:14]   LIMK2: conf=-1.520 (67s)
[05:31:18]   LIMK1: conf=-0.240 (64s)
[05:32:24]   ROCK1: conf=-1.540 (65s)
[05:32:24] [gpu0_start1087] 325/1087 mol_id=2309_0
[05:33:30]   LIMK2: conf=-1.150 (66s)
[05:34:32]   LIMK1: conf=-0.620 (63s)
[05:35:40]   ROCK1: conf=-4.000 (67s)
[05:35:40] [gpu0_start1087] 326/1087 mol_id=2310_0
[05:36:46]   LIMK2: conf=-1.010 (66s)
[05:37:49]   LIMK1: conf=-0.410 (63s)
[05:38:53]   ROCK1: conf=-1.770 (64s)
[05:38:53] [gpu0_start1087] 327/1087 mol_id=2318-incomp_0
[05:39:28]   LIMK2: FAILED (35s)
[05:40:03]   LIMK1: FAILED (35s)
[05:40:38]   ROCK1: FAILED (35s)
[05:40:38] [gpu0_start1087] 328/1087 mol_id=232_0
[05:41:43]   LIMK2: conf=-0.760 (65s)
[05:42:45]   LIMK1: conf=-0.300 (62s)
[05:43:54]   ROCK1: conf=-1.160 (68s)
[05:43:54] [gpu0_start1087] 329/1087 mol_id=2320_0
[05:44:59]   LIMK2: conf=-0.610 (65s)
[05:46:00]   LIMK1: conf=-1.310 (61s)
[05:47:07]   ROCK1: conf=-0.410 (66s)
[05:47:07] [gpu0_start1087] 330/1087 mol_id=2328-incomp_0
[05:47:42]   LIMK2: FAILED (35s)
[05:48:17]   LIMK1: FAILED (35s)
[05:48:52]   ROCK1: FAILED (35s)
[05:48:52] [gpu0_start1087] 331/1087 mol_id=2329_0
[05:49:57]   LIMK2: conf=-0.230 (65s)
[05:51:00]   LIMK1: conf=-0.410 (63s)
[05:52:08]   ROCK1: conf=-1.910 (68s)
[05:52:08] [gpu0_start1087] 332/1087 mol_id=2333-incomp_0
[05:52:43]   LIMK2: FAILED (35s)
[05:53:18]   LIMK1: FAILED (35s)
[05:53:53]   ROCK1: FAILED (35s)
[05:53:53] [gpu0_start1087] 333/1087 mol_id=2334_0
[05:54:59]   LIMK2: conf=-1.800 (65s)
[05:56:02]   LIMK1: conf=-0.810 (64s)
[05:57:10]   ROCK1: conf=-0.950 (68s)
[05:57:10] [gpu0_start1087] 334/1087 mol_id=2336_0
[05:58:17]   LIMK2: conf=-1.350 (66s)
[05:59:21]   LIMK1: conf=-0.770 (64s)
[06:00:27]   ROCK1: conf=-1.840 (66s)
[06:00:27] [gpu0_start1087] 335/1087 mol_id=2342-incomp_0
[06:01:01]   LIMK2: FAILED (35s)
[06:01:36]   LIMK1: FAILED (35s)
[06:02:11]   ROCK1: FAILED (35s)
[06:02:11] [gpu0_start1087] 336/1087 mol_id=2343-incomp_0
[06:02:46]   LIMK2: FAILED (35s)
[06:03:20]   LIMK1: FAILED (35s)
[06:03:55]   ROCK1: FAILED (35s)
[06:03:55] [gpu0_start1087] 337/1087 mol_id=2347_0
[06:05:01]   LIMK2: conf=-0.790 (66s)
[06:06:05]   LIMK1: conf=-0.670 (64s)
[06:07:13]   ROCK1: conf=-0.170 (68s)
[06:07:13] [gpu0_start1087] 338/1087 mol_id=2348_0
[06:08:17]   LIMK2: conf=-1.270 (64s)
[06:09:20]   LIMK1: conf=-0.080 (63s)
[06:10:27]   ROCK1: conf=-1.550 (67s)
[06:10:27] [gpu0_start1087] 339/1087 mol_id=2358_0
[06:11:33]   LIMK2: conf=-0.620 (67s)
[06:12:37]   LIMK1: conf=-0.130 (64s)
[06:13:46]   ROCK1: conf=-1.010 (68s)
[06:13:46] [gpu0_start1087] 340/1087 mol_id=2359-incomp_0
[06:14:21]   LIMK2: FAILED (35s)
[06:14:56]   LIMK1: FAILED (35s)
[06:15:32]   ROCK1: FAILED (36s)
[06:15:32] [gpu0_start1087] 341/1087 mol_id=2362-incomp_0
[06:16:06]   LIMK2: FAILED (35s)
[06:16:41]   LIMK1: FAILED (35s)
[06:17:17]   ROCK1: FAILED (35s)
[06:17:17] [gpu0_start1087] 342/1087 mol_id=2364-incomp_0
[06:17:52]   LIMK2: FAILED (35s)
[06:18:26]   LIMK1: FAILED (35s)
[06:19:01]   ROCK1: FAILED (35s)
[06:19:01] [gpu0_start1087] 343/1087 mol_id=2372-incomp_0
[06:19:36]   LIMK2: FAILED (35s)
[06:20:11]   LIMK1: FAILED (35s)
[06:20:47]   ROCK1: FAILED (35s)
[06:20:47] [gpu0_start1087] 344/1087 mol_id=238_0
[06:21:57]   LIMK2: conf=-0.640 (70s)
[06:23:04]   LIMK1: conf=-0.710 (67s)
[06:24:13]   ROCK1: conf=-1.430 (70s)
[06:24:13] [gpu0_start1087] 345/1087 mol_id=2384-incomp_0
[06:24:48]   LIMK2: FAILED (35s)
[06:25:23]   LIMK1: FAILED (35s)
[06:25:58]   ROCK1: FAILED (36s)
[06:25:58] [gpu0_start1087] 346/1087 mol_id=2388-incomp_0
[06:26:33]   LIMK2: FAILED (35s)
[06:27:08]   LIMK1: FAILED (35s)
[06:27:43]   ROCK1: FAILED (35s)
[06:27:43] [gpu0_start1087] 347/1087 mol_id=2389-incomp_0
[06:28:18]   LIMK2: FAILED (35s)
[06:28:53]   LIMK1: FAILED (35s)
[06:29:29]   ROCK1: FAILED (36s)
[06:29:29] [gpu0_start1087] 348/1087 mol_id=2391_0
[06:30:36]   LIMK2: conf=-1.460 (67s)
[06:31:41]   LIMK1: conf=-0.770 (65s)
[06:32:50]   ROCK1: conf=-0.720 (69s)
[06:32:50] [gpu0_start1087] 349/1087 mol_id=2396-incomp_0
[06:33:24]   LIMK2: FAILED (35s)
[06:33:59]   LIMK1: FAILED (35s)
[06:34:34]   ROCK1: FAILED (35s)
[06:34:34] [gpu0_start1087] 350/1087 mol_id=2397-incomp_0
[06:35:09]   LIMK2: FAILED (35s)
[06:35:44]   LIMK1: FAILED (35s)
[06:36:19]   ROCK1: FAILED (35s)
[06:36:19] Progress: 350/1087 done, 14 selective so far
[06:36:19] [gpu0_start1087] 351/1087 mol_id=2399-incomp_0
[06:36:54]   LIMK2: FAILED (35s)
[06:37:29]   LIMK1: FAILED (35s)
[06:38:05]   ROCK1: FAILED (35s)
[06:38:05] [gpu0_start1087] 352/1087 mol_id=2401_0
[06:39:11]   LIMK2: conf=-1.870 (66s)
[06:40:13]   LIMK1: conf=-0.820 (62s)
[06:41:20]   ROCK1: conf=-1.970 (67s)
[06:41:20] [gpu0_start1087] 353/1087 mol_id=2402_0
[06:42:27]   LIMK2: conf=-0.890 (67s)
[06:43:31]   LIMK1: conf=-1.180 (64s)
[06:44:39]   ROCK1: conf=-1.290 (68s)
[06:44:39] [gpu0_start1087] 354/1087 mol_id=2404-incomp_0
[06:45:13]   LIMK2: FAILED (35s)
[06:45:48]   LIMK1: FAILED (35s)
[06:46:23]   ROCK1: FAILED (35s)
[06:46:23] [gpu0_start1087] 355/1087 mol_id=2416_0
[06:47:31]   LIMK2: conf=-0.620 (68s)
[06:48:35]   LIMK1: conf=-0.640 (64s)
[06:49:45]   ROCK1: conf=-2.990 (70s)
[06:49:45] [gpu0_start1087] 356/1087 mol_id=2417_0
[06:50:52]   LIMK2: conf=-0.760 (67s)
[06:51:55]   LIMK1: conf=0.270 (63s)
[06:53:03]   ROCK1: conf=-3.690 (68s)
[06:53:03] [gpu0_start1087] 357/1087 mol_id=2418-incomp_0
[06:53:38]   LIMK2: FAILED (34s)
[06:54:12]   LIMK1: FAILED (35s)
[06:54:48]   ROCK1: FAILED (35s)
[06:54:48] [gpu0_start1087] 358/1087 mol_id=2419-incomp_0
[06:55:24]   LIMK2: FAILED (36s)
[06:55:59]   LIMK1: FAILED (35s)
[06:56:34]   ROCK1: FAILED (35s)
[06:56:34] [gpu0_start1087] 359/1087 mol_id=242_0
[06:57:43]   LIMK2: conf=-0.770 (69s)
[06:58:47]   LIMK1: conf=-1.070 (64s)
[07:00:00]   ROCK1: conf=-0.770 (73s)
[07:00:00] [gpu0_start1087] 360/1087 mol_id=2421-incomp_0
[07:00:35]   LIMK2: FAILED (35s)
[07:01:10]   LIMK1: FAILED (35s)
[07:01:46]   ROCK1: FAILED (36s)
[07:01:46] [gpu0_start1087] 361/1087 mol_id=2422_0
[07:02:53]   LIMK2: conf=-0.640 (67s)
[07:03:54]   LIMK1: conf=-0.520 (62s)
[07:05:01]   ROCK1: conf=-0.520 (67s)
[07:05:01] [gpu0_start1087] 362/1087 mol_id=246-incomp_0
[07:05:36]   LIMK2: FAILED (35s)
[07:06:10]   LIMK1: FAILED (35s)
[07:06:46]   ROCK1: FAILED (36s)
[07:06:46] [gpu0_start1087] 363/1087 mol_id=248-incomp_0
[07:07:21]   LIMK2: FAILED (35s)
[07:07:56]   LIMK1: FAILED (35s)
[07:08:31]   ROCK1: FAILED (35s)
[07:08:31] [gpu0_start1087] 364/1087 mol_id=253_0
[07:09:36]   LIMK2: conf=-0.950 (65s)
[07:10:37]   LIMK1: conf=-0.860 (61s)
[07:11:43]   ROCK1: conf=-1.360 (66s)
[07:11:43] [gpu0_start1087] 365/1087 mol_id=256_0
[07:12:50]   LIMK2: conf=-2.220 (67s)
[07:13:54]   LIMK1: conf=0.820 (63s)
