=== SMN2_LOCUS MD Simulation (SMA) — 09:53:42 ===
Traceback (most recent call last):
  File "/tmp/md_smn2_locus.py", line 16, in <module>
    urllib.request.urlretrieve(
    ~~~~~~~~~~~~~~~~~~~~~~~~~~^
        'https://files.rcsb.org/download/chr5:70924941-70953015.pdb', pdb_path)
        ^^^^^^^^^^^^^^^^^^^^^^^^^^^^^^^^^^^^^^^^^^^^^^^^^^^^^^^^^^^^^^^^^^^^^^^
  File "/opt/miniforge3/lib/python3.13/urllib/request.py", line 214, in urlretrieve
    with contextlib.closing(urlopen(url, data)) as fp:
                            ~~~~~~~^^^^^^^^^^^
  File "/opt/miniforge3/lib/python3.13/urllib/request.py", line 189, in urlopen
    return opener.open(url, data, timeout)
           ~~~~~~~~~~~^^^^^^^^^^^^^^^^^^^^
  File "/opt/miniforge3/lib/python3.13/urllib/request.py", line 495, in open
    response = meth(req, response)
  File "/opt/miniforge3/lib/python3.13/urllib/request.py", line 604, in http_response
    response = self.parent.error(
        'http', request, response, code, msg, hdrs)
  File "/opt/miniforge3/lib/python3.13/urllib/request.py", line 533, in error
    return self._call_chain(*args)
           ~~~~~~~~~~~~~~~~^^^^^^^
  File "/opt/miniforge3/lib/python3.13/urllib/request.py", line 466, in _call_chain
    result = func(*args)
  File "/opt/miniforge3/lib/python3.13/urllib/request.py", line 613, in http_error_default
    raise HTTPError(req.full_url, code, msg, hdrs, fp)
urllib.error.HTTPError: HTTP Error 404: Not Found
