[rescore] loaded 240 Round-1 binders (ECL1=120, ECL2=120)
[rescore] resume: 0 binders already rescored
[rescore] 240 pending
[1/240] H1a_32_s7 (ecl1) iptmT=0.200 iptmS=0.339 dIptm=-0.139 ifaceA=24
[2/240] H1a_32_s6 (ecl1) iptmT=0.252 iptmS=0.153 dIptm=+0.099 ifaceA=16
[3/240] H1a_32_s3 (ecl1) iptmT=0.551 iptmS=0.236 dIptm=+0.315 ifaceA=15
[4/240] H1a_9_s8 (ecl1) iptmT=0.189 iptmS=0.585 dIptm=-0.396 ifaceA=12
[5/240] H1a_9_s5 (ecl1) iptmT=0.331 iptmS=0.182 dIptm=+0.148 ifaceA=9
  [progress] 5/240 ok=5 err=0 elapsed=263s eta=12349s
[6/240] H1a_19_s2 (ecl1) iptmT=0.312 iptmS=0.343 dIptm=-0.031 ifaceA=23
[7/240] H1a_32_s8 (ecl1) iptmT=0.419 iptmS=0.172 dIptm=+0.247 ifaceA=28
[8/240] H1a_15_s2 (ecl1) iptmT=0.570 iptmS=0.296 dIptm=+0.274 ifaceA=15
[9/240] H1a_32_s2 (ecl1) iptmT=0.255 iptmS=0.142 dIptm=+0.113 ifaceA=20
[10/240] H1a_12_s5 (ecl1) iptmT=0.358 iptmS=0.250 dIptm=+0.109 ifaceA=23
  [progress] 10/240 ok=10 err=0 elapsed=385s eta=8855s
[11/240] H1a_9_s6 (ecl1) iptmT=0.156 iptmS=0.315 dIptm=-0.159 ifaceA=19
[12/240] H1a_14_s5 (ecl1) iptmT=0.289 iptmS=0.330 dIptm=-0.041 ifaceA=15
[13/240] H1a_33_s6 (ecl1) iptmT=0.171 iptmS=0.207 dIptm=-0.037 ifaceA=18
[14/240] H1a_28_s6 (ecl1) iptmT=0.396 iptmS=0.198 dIptm=+0.198 ifaceA=13
[15/240] H1a_9_s1 (ecl1) iptmT=0.423 iptmS=0.186 dIptm=+0.237 ifaceA=17
  [progress] 15/240 ok=15 err=0 elapsed=661s eta=9917s
[16/240] H1a_9_s7 (ecl1) iptmT=0.314 iptmS=0.137 dIptm=+0.176 ifaceA=18
[17/240] H1a_35_s7 (ecl1) iptmT=0.320 iptmS=0.192 dIptm=+0.129 ifaceA=18
[18/240] H1a_15_s7 (ecl1) iptmT=0.358 iptmS=0.165 dIptm=+0.193 ifaceA=15
[19/240] H1a_32_s5 (ecl1) iptmT=0.291 iptmS=0.139 dIptm=+0.152 ifaceA=17
[20/240] H1a_3_s7 (ecl1) iptmT=0.268 iptmS=0.442 dIptm=-0.174 ifaceA=17
  [progress] 20/240 ok=20 err=0 elapsed=770s eta=8466s
[21/240] H1a_1_s6 (ecl1) iptmT=0.348 iptmS=0.308 dIptm=+0.040 ifaceA=17
[22/240] H1a_24_s8 (ecl1) iptmT=0.259 iptmS=0.263 dIptm=-0.005 ifaceA=11
[23/240] H1a_0_s5 (ecl1) iptmT=0.148 iptmS=0.186 dIptm=-0.038 ifaceA=21
[24/240] H1a_15_s1 (ecl1) iptmT=0.161 iptmS=0.506 dIptm=-0.345 ifaceA=7
[25/240] H1a_7_s5 (ecl1) iptmT=0.285 iptmS=0.201 dIptm=+0.084 ifaceA=27
  [progress] 25/240 ok=25 err=0 elapsed=863s eta=7420s
[26/240] H1a_11_s1 (ecl1) iptmT=0.441 iptmS=0.165 dIptm=+0.276 ifaceA=14
[27/240] H1a_9_s2 (ecl1) iptmT=0.235 iptmS=0.399 dIptm=-0.164 ifaceA=14
[28/240] H1a_38_s7 (ecl1) iptmT=0.147 iptmS=0.149 dIptm=-0.002 ifaceA=14
[29/240] H1a_32_s1 (ecl1) iptmT=0.536 iptmS=0.165 dIptm=+0.371 ifaceA=20
[30/240] H1a_7_s8 (ecl1) iptmT=0.229 iptmS=0.121 dIptm=+0.108 ifaceA=20
  [progress] 30/240 ok=30 err=0 elapsed=1124s eta=7869s
[31/240] H1a_11_s2 (ecl1) iptmT=0.394 iptmS=0.183 dIptm=+0.211 ifaceA=18
[32/240] H1a_11_s6 (ecl1) iptmT=0.251 iptmS=0.220 dIptm=+0.032 ifaceA=16
[33/240] H1a_3_s5 (ecl1) iptmT=0.318 iptmS=0.142 dIptm=+0.176 ifaceA=17
[34/240] H1a_36_s6 (ecl1) iptmT=0.557 iptmS=0.171 dIptm=+0.386 ifaceA=15
[35/240] H1a_36_s7 (ecl1) iptmT=0.457 iptmS=0.172 dIptm=+0.285 ifaceA=19
  [progress] 35/240 ok=35 err=0 elapsed=1199s eta=7022s
[36/240] H1b_18_s5 (ecl1) iptmT=0.391 iptmS=0.551 dIptm=-0.159 ifaceA=12
[37/240] H1a_36_s4 (ecl1) iptmT=0.342 iptmS=0.325 dIptm=+0.017 ifaceA=15
[38/240] H1a_7_s7 (ecl1) iptmT=0.527 iptmS=0.280 dIptm=+0.247 ifaceA=12
[39/240] H1a_28_s8 (ecl1) iptmT=0.409 iptmS=0.342 dIptm=+0.067 ifaceA=17
[40/240] H1a_6_s2 (ecl1) iptmT=0.469 iptmS=0.277 dIptm=+0.192 ifaceA=19
  [progress] 40/240 ok=40 err=0 elapsed=1343s eta=6715s
[41/240] H1b_18_s4 (ecl1) iptmT=0.307 iptmS=0.136 dIptm=+0.171 ifaceA=18
[42/240] H1b_18_s3 (ecl1) iptmT=0.466 iptmS=0.597 dIptm=-0.130 ifaceA=21
[43/240] H1a_12_s7 (ecl1) iptmT=0.358 iptmS=0.133 dIptm=+0.225 ifaceA=13
[44/240] H1b_5_s6 (ecl1) iptmT=0.340 iptmS=0.189 dIptm=+0.151 ifaceA=15
[45/240] H1b_5_s2 (ecl1) iptmT=0.234 iptmS=0.561 dIptm=-0.327 ifaceA=18
  [progress] 45/240 ok=45 err=0 elapsed=1517s eta=6574s
[46/240] H1b_36_s6 (ecl1) iptmT=0.235 iptmS=0.172 dIptm=+0.064 ifaceA=10
[47/240] H1b_26_s8 (ecl1) iptmT=0.259 iptmS=0.700 dIptm=-0.441 ifaceA=23
[48/240] H1b_13_s4 (ecl1) iptmT=0.459 iptmS=0.204 dIptm=+0.255 ifaceA=15
[49/240] H1b_12_s4 (ecl1) iptmT=0.306 iptmS=0.135 dIptm=+0.171 ifaceA=14
[50/240] H1b_18_s1 (ecl1) iptmT=0.452 iptmS=0.148 dIptm=+0.304 ifaceA=12
  [progress] 50/240 ok=50 err=0 elapsed=1612s eta=6125s
[51/240] H1b_29_s3 (ecl1) iptmT=0.476 iptmS=0.100 dIptm=+0.376 ifaceA=20
[52/240] H1b_38_s7 (ecl1) iptmT=0.366 iptmS=0.194 dIptm=+0.173 ifaceA=16
[53/240] H1b_24_s8 (ecl1) iptmT=0.268 iptmS=0.121 dIptm=+0.147 ifaceA=19
[54/240] H1b_12_s2 (ecl1) iptmT=0.572 iptmS=0.174 dIptm=+0.397 ifaceA=12
[55/240] H1b_38_s3 (ecl1) iptmT=0.542 iptmS=0.126 dIptm=+0.417 ifaceA=15
  [progress] 55/240 ok=55 err=0 elapsed=1761s eta=5924s
[56/240] H1b_35_s7 (ecl1) iptmT=0.167 iptmS=0.170 dIptm=-0.004 ifaceA=18
[57/240] H1b_12_s1 (ecl1) iptmT=0.184 iptmS=0.198 dIptm=-0.014 ifaceA=16
[58/240] H1b_18_s8 (ecl1) iptmT=0.634 iptmS=0.465 dIptm=+0.169 ifaceA=17
[59/240] H1b_12_s3 (ecl1) iptmT=0.382 iptmS=0.171 dIptm=+0.211 ifaceA=7
[60/240] H1b_24_s5 (ecl1) iptmT=0.320 iptmS=0.169 dIptm=+0.151 ifaceA=25
  [progress] 60/240 ok=60 err=0 elapsed=1933s eta=5798s
[61/240] H1b_35_s2 (ecl1) iptmT=0.447 iptmS=0.499 dIptm=-0.052 ifaceA=15
[62/240] H1b_30_s6 (ecl1) iptmT=0.375 iptmS=0.342 dIptm=+0.033 ifaceA=18
[63/240] H1b_10_s2 (ecl1) iptmT=0.270 iptmS=0.209 dIptm=+0.062 ifaceA=23
[64/240] H1b_10_s3 (ecl1) iptmT=0.245 iptmS=0.527 dIptm=-0.282 ifaceA=22
[65/240] H1b_8_s2 (ecl1) iptmT=0.380 iptmS=0.187 dIptm=+0.193 ifaceA=20
  [progress] 65/240 ok=65 err=0 elapsed=2033s eta=5472s
[66/240] H1b_14_s6 (ecl1) iptmT=0.563 iptmS=0.142 dIptm=+0.421 ifaceA=21
[67/240] H1b_22_s7 (ecl1) iptmT=0.624 iptmS=0.148 dIptm=+0.475 ifaceA=10
[68/240] H1b_7_s7 (ecl1) iptmT=0.365 iptmS=0.302 dIptm=+0.063 ifaceA=11
[69/240] H1b_24_s3 (ecl1) iptmT=0.341 iptmS=0.166 dIptm=+0.176 ifaceA=19
[70/240] H1b_35_s1 (ecl1) iptmT=0.621 iptmS=0.210 dIptm=+0.411 ifaceA=21
  [progress] 70/240 ok=70 err=0 elapsed=2140s eta=5197s
[71/240] H1b_18_s6 (ecl1) iptmT=0.193 iptmS=0.189 dIptm=+0.004 ifaceA=16
[72/240] H1b_37_s7 (ecl1) iptmT=0.233 iptmS=0.446 dIptm=-0.212 ifaceA=24
[73/240] H1b_14_s5 (ecl1) iptmT=0.297 iptmS=0.139 dIptm=+0.158 ifaceA=17
[74/240] H1b_24_s6 (ecl1) iptmT=0.383 iptmS=0.104 dIptm=+0.279 ifaceA=17
[75/240] H1b_37_s1 (ecl1) iptmT=0.219 iptmS=0.181 dIptm=+0.038 ifaceA=21
  [progress] 75/240 ok=75 err=0 elapsed=2310s eta=5081s
[76/240] H1b_8_s6 (ecl1) iptmT=0.218 iptmS=0.193 dIptm=+0.024 ifaceA=16
[77/240] H1b_12_s5 (ecl1) iptmT=0.353 iptmS=0.347 dIptm=+0.006 ifaceA=15
[78/240] H1b_5_s5 (ecl1) iptmT=0.208 iptmS=0.148 dIptm=+0.060 ifaceA=15
[79/240] H1b_30_s8 (ecl1) iptmT=0.570 iptmS=0.181 dIptm=+0.389 ifaceA=21
[80/240] H1c_34_s3 (ecl1) iptmT=0.340 iptmS=0.359 dIptm=-0.019 ifaceA=17
  [progress] 80/240 ok=80 err=0 elapsed=2399s eta=4798s
[81/240] H1b_38_s1 (ecl1) iptmT=0.264 iptmS=0.202 dIptm=+0.062 ifaceA=19
[82/240] H1c_8_s3 (ecl1) iptmT=0.370 iptmS=0.238 dIptm=+0.133 ifaceA=19
[83/240] H1c_25_s2 (ecl1) iptmT=0.443 iptmS=0.333 dIptm=+0.110 ifaceA=17
[84/240] H1c_34_s1 (ecl1) iptmT=0.287 iptmS=0.187 dIptm=+0.100 ifaceA=17
[85/240] H1c_9_s2 (ecl1) iptmT=0.285 iptmS=0.161 dIptm=+0.124 ifaceA=16
  [progress] 85/240 ok=85 err=0 elapsed=2528s eta=4610s
[86/240] H1c_25_s5 (ecl1) iptmT=0.444 iptmS=0.312 dIptm=+0.132 ifaceA=12
[87/240] H1c_9_s4 (ecl1) iptmT=0.249 iptmS=0.450 dIptm=-0.201 ifaceA=15
[88/240] H1c_9_s6 (ecl1) iptmT=0.192 iptmS=0.462 dIptm=-0.270 ifaceA=21
[89/240] H1c_9_s3 (ecl1) iptmT=0.366 iptmS=0.423 dIptm=-0.057 ifaceA=20
[90/240] H1c_25_s6 (ecl1) iptmT=0.635 iptmS=0.285 dIptm=+0.350 ifaceA=24
  [progress] 90/240 ok=90 err=0 elapsed=2613s eta=4356s
[91/240] H1c_9_s7 (ecl1) iptmT=0.716 iptmS=0.321 dIptm=+0.395 ifaceA=15
[92/240] H1c_34_s7 (ecl1) iptmT=0.221 iptmS=0.134 dIptm=+0.087 ifaceA=17
[93/240] H1c_34_s4 (ecl1) iptmT=0.212 iptmS=0.154 dIptm=+0.058 ifaceA=23
[94/240] H1c_16_s1 (ecl1) iptmT=0.312 iptmS=0.126 dIptm=+0.186 ifaceA=19
[95/240] H1c_8_s6 (ecl1) iptmT=0.201 iptmS=0.192 dIptm=+0.009 ifaceA=16
  [progress] 95/240 ok=95 err=0 elapsed=2758s eta=4210s
[96/240] H1c_16_s5 (ecl1) iptmT=0.233 iptmS=0.137 dIptm=+0.096 ifaceA=22
[97/240] H1c_30_s4 (ecl1) iptmT=0.285 iptmS=0.191 dIptm=+0.094 ifaceA=23
[98/240] H1c_8_s5 (ecl1) iptmT=0.388 iptmS=0.335 dIptm=+0.053 ifaceA=21
[99/240] H1c_35_s1 (ecl1) iptmT=0.544 iptmS=0.356 dIptm=+0.188 ifaceA=17
[100/240] H1c_10_s2 (ecl1) iptmT=0.627 iptmS=0.286 dIptm=+0.341 ifaceA=18
  [progress] 100/240 ok=100 err=0 elapsed=2915s eta=4081s
[101/240] H1c_15_s5 (ecl1) iptmT=0.350 iptmS=0.184 dIptm=+0.166 ifaceA=15
[102/240] H1c_34_s5 (ecl1) iptmT=0.417 iptmS=0.211 dIptm=+0.206 ifaceA=19
[103/240] H1c_25_s4 (ecl1) iptmT=0.432 iptmS=0.520 dIptm=-0.088 ifaceA=12
[104/240] H1c_8_s2 (ecl1) iptmT=0.235 iptmS=0.186 dIptm=+0.049 ifaceA=11
[105/240] H1c_25_s7 (ecl1) iptmT=0.380 iptmS=0.249 dIptm=+0.131 ifaceA=14
  [progress] 105/240 ok=105 err=0 elapsed=2998s eta=3854s
[106/240] H1c_22_s2 (ecl1) iptmT=0.207 iptmS=0.205 dIptm=+0.002 ifaceA=18
[107/240] H1c_39_s2 (ecl1) iptmT=0.302 iptmS=0.252 dIptm=+0.050 ifaceA=11
[108/240] H1c_2_s3 (ecl1) iptmT=0.182 iptmS=0.622 dIptm=-0.440 ifaceA=22
[109/240] H1c_35_s8 (ecl1) iptmT=0.892 iptmS=0.152 dIptm=+0.741 ifaceA=17
[110/240] H1c_37_s2 (ecl1) iptmT=0.453 iptmS=0.202 dIptm=+0.252 ifaceA=18
  [progress] 110/240 ok=110 err=0 elapsed=3130s eta=3700s
[111/240] H1c_16_s6 (ecl1) iptmT=0.316 iptmS=0.166 dIptm=+0.150 ifaceA=22
[112/240] H1c_25_s1 (ecl1) iptmT=0.311 iptmS=0.130 dIptm=+0.181 ifaceA=15
[113/240] H1c_14_s3 (ecl1) iptmT=0.624 iptmS=0.254 dIptm=+0.371 ifaceA=17
[114/240] H1c_34_s2 (ecl1) iptmT=0.202 iptmS=0.207 dIptm=-0.005 ifaceA=22
[115/240] H1c_35_s4 (ecl1) iptmT=0.338 iptmS=0.305 dIptm=+0.033 ifaceA=17
  [progress] 115/240 ok=115 err=0 elapsed=3303s eta=3590s
[116/240] H1c_16_s4 (ecl1) iptmT=0.347 iptmS=0.183 dIptm=+0.165 ifaceA=27
[117/240] H1c_2_s4 (ecl1) iptmT=0.426 iptmS=0.167 dIptm=+0.259 ifaceA=19
[118/240] H1c_38_s7 (ecl1) iptmT=0.470 iptmS=0.118 dIptm=+0.352 ifaceA=16
[119/240] H1c_25_s3 (ecl1) iptmT=0.240 iptmS=0.596 dIptm=-0.356 ifaceA=14
[120/240] H2a_17_s1 (ecl2) iptmT=0.405 iptmS=0.465 dIptm=-0.059 ifaceA=12
  [progress] 120/240 ok=120 err=0 elapsed=3423s eta=3423s
[121/240] H2a_15_s5 (ecl2) iptmT=0.553 iptmS=0.342 dIptm=+0.211 ifaceA=15
[122/240] H2a_29_s6 (ecl2) iptmT=0.159 iptmS=0.130 dIptm=+0.029 ifaceA=15
[123/240] H1c_3_s2 (ecl1) iptmT=0.378 iptmS=0.422 dIptm=-0.044 ifaceA=7
[124/240] H2a_36_s6 (ecl2) iptmT=0.339 iptmS=0.322 dIptm=+0.017 ifaceA=8
[125/240] H2a_26_s1 (ecl2) iptmT=0.333 iptmS=0.617 dIptm=-0.284 ifaceA=9
  [progress] 125/240 ok=125 err=0 elapsed=3555s eta=3271s
[126/240] H2a_0_s7 (ecl2) iptmT=0.220 iptmS=0.233 dIptm=-0.013 ifaceA=12
[127/240] H2a_16_s1 (ecl2) iptmT=0.211 iptmS=0.187 dIptm=+0.024 ifaceA=11
[128/240] H2a_26_s3 (ecl2) iptmT=0.554 iptmS=0.214 dIptm=+0.340 ifaceA=8
[129/240] H2a_15_s3 (ecl2) iptmT=0.306 iptmS=0.363 dIptm=-0.057 ifaceA=11
[130/240] H2a_14_s5 (ecl2) iptmT=0.351 iptmS=0.110 dIptm=+0.241 ifaceA=20
  [progress] 130/240 ok=130 err=0 elapsed=3727s eta=3154s
[131/240] H2a_39_s4 (ecl2) iptmT=0.282 iptmS=0.194 dIptm=+0.088 ifaceA=15
[132/240] H2a_23_s4 (ecl2) iptmT=0.822 iptmS=0.319 dIptm=+0.503 ifaceA=17
[133/240] H2a_39_s5 (ecl2) iptmT=0.492 iptmS=0.112 dIptm=+0.380 ifaceA=18
[134/240] H2a_14_s8 (ecl2) iptmT=0.232 iptmS=0.173 dIptm=+0.059 ifaceA=14
[135/240] H2a_26_s4 (ecl2) iptmT=0.354 iptmS=0.801 dIptm=-0.447 ifaceA=12
  [progress] 135/240 ok=135 err=0 elapsed=3827s eta=2976s
[136/240] H2a_32_s1 (ecl2) iptmT=0.367 iptmS=0.171 dIptm=+0.196 ifaceA=13
[137/240] H2a_0_s5 (ecl2) iptmT=0.526 iptmS=0.138 dIptm=+0.389 ifaceA=15
[138/240] H2a_23_s1 (ecl2) iptmT=0.760 iptmS=0.441 dIptm=+0.319 ifaceA=13
[139/240] H2a_27_s8 (ecl2) iptmT=0.261 iptmS=0.135 dIptm=+0.126 ifaceA=20
[140/240] H2a_29_s8 (ecl2) iptmT=0.295 iptmS=0.673 dIptm=-0.378 ifaceA=12
  [progress] 140/240 ok=140 err=0 elapsed=3962s eta=2830s
[141/240] H2a_15_s8 (ecl2) iptmT=0.217 iptmS=0.230 dIptm=-0.013 ifaceA=14
[142/240] H2a_23_s8 (ecl2) iptmT=0.474 iptmS=0.123 dIptm=+0.351 ifaceA=14
[143/240] H2a_1_s6 (ecl2) iptmT=0.472 iptmS=0.394 dIptm=+0.078 ifaceA=16
[144/240] H2a_5_s4 (ecl2) iptmT=0.375 iptmS=0.633 dIptm=-0.258 ifaceA=14
[145/240] H2a_23_s5 (ecl2) iptmT=0.311 iptmS=0.339 dIptm=-0.028 ifaceA=15
  [progress] 145/240 ok=145 err=0 elapsed=4127s eta=2704s
[146/240] H2a_15_s1 (ecl2) iptmT=0.233 iptmS=0.171 dIptm=+0.062 ifaceA=16
[147/240] H2a_1_s5 (ecl2) iptmT=0.523 iptmS=0.258 dIptm=+0.265 ifaceA=14
[148/240] H2a_12_s2 (ecl2) iptmT=0.305 iptmS=0.084 dIptm=+0.220 ifaceA=18
[149/240] H2a_31_s2 (ecl2) iptmT=0.249 iptmS=0.389 dIptm=-0.140 ifaceA=15
[150/240] H2a_1_s1 (ecl2) iptmT=0.394 iptmS=0.112 dIptm=+0.282 ifaceA=16
  [progress] 150/240 ok=150 err=0 elapsed=4375s eta=2625s
[151/240] H2a_23_s6 (ecl2) iptmT=0.360 iptmS=0.526 dIptm=-0.166 ifaceA=16
[152/240] H2a_39_s3 (ecl2) iptmT=0.281 iptmS=0.124 dIptm=+0.157 ifaceA=14
[153/240] H2a_1_s8 (ecl2) iptmT=0.443 iptmS=0.689 dIptm=-0.247 ifaceA=14
[154/240] H2a_9_s4 (ecl2) iptmT=0.576 iptmS=0.261 dIptm=+0.315 ifaceA=16
[155/240] H2a_5_s5 (ecl2) iptmT=0.420 iptmS=0.102 dIptm=+0.318 ifaceA=16
  [progress] 155/240 ok=155 err=0 elapsed=4529s eta=2484s
[156/240] H2a_37_s3 (ecl2) iptmT=0.292 iptmS=0.394 dIptm=-0.102 ifaceA=6
[157/240] H2a_5_s1 (ecl2) iptmT=0.402 iptmS=0.246 dIptm=+0.156 ifaceA=14
[158/240] H2a_14_s6 (ecl2) iptmT=0.689 iptmS=0.165 dIptm=+0.525 ifaceA=17
[159/240] H2a_33_s7 (ecl2) iptmT=0.794 iptmS=0.173 dIptm=+0.622 ifaceA=15
[160/240] H2a_7_s8 (ecl2) iptmT=0.317 iptmS=0.152 dIptm=+0.165 ifaceA=12
  [progress] 160/240 ok=160 err=0 elapsed=4633s eta=2316s
[161/240] H2b_21_s4 (ecl2) iptmT=0.498 iptmS=0.608 dIptm=-0.110 ifaceA=14
[162/240] H2b_21_s2 (ecl2) iptmT=0.682 iptmS=0.354 dIptm=+0.328 ifaceA=7
[163/240] H2b_3_s1 (ecl2) iptmT=0.295 iptmS=0.221 dIptm=+0.075 ifaceA=14
[164/240] H2b_15_s3 (ecl2) iptmT=0.144 iptmS=0.737 dIptm=-0.593 ifaceA=12
[165/240] H2b_16_s2 (ecl2) iptmT=0.139 iptmS=0.238 dIptm=-0.099 ifaceA=13
  [progress] 165/240 ok=165 err=0 elapsed=4865s eta=2211s
[166/240] H2b_18_s5 (ecl2) iptmT=0.269 iptmS=0.364 dIptm=-0.095 ifaceA=13
[167/240] H2b_13_s2 (ecl2) iptmT=0.299 iptmS=0.276 dIptm=+0.023 ifaceA=10
[168/240] H2b_15_s4 (ecl2) iptmT=0.397 iptmS=0.273 dIptm=+0.125 ifaceA=15
[169/240] H2b_32_s3 (ecl2) iptmT=0.566 iptmS=0.194 dIptm=+0.372 ifaceA=12
[170/240] H2b_3_s6 (ecl2) iptmT=0.341 iptmS=0.114 dIptm=+0.227 ifaceA=19
  [progress] 170/240 ok=170 err=0 elapsed=4974s eta=2048s
[171/240] H2b_4_s8 (ecl2) iptmT=0.333 iptmS=0.258 dIptm=+0.076 ifaceA=15
[172/240] H2b_24_s8 (ecl2) iptmT=0.280 iptmS=0.155 dIptm=+0.125 ifaceA=11
[173/240] H2b_27_s5 (ecl2) iptmT=0.251 iptmS=0.135 dIptm=+0.116 ifaceA=14
[174/240] H2b_31_s3 (ecl2) iptmT=0.278 iptmS=0.124 dIptm=+0.155 ifaceA=18
[175/240] H2b_7_s3 (ecl2) iptmT=0.265 iptmS=0.369 dIptm=-0.104 ifaceA=14
  [progress] 175/240 ok=175 err=0 elapsed=5162s eta=1917s
[176/240] H2b_29_s3 (ecl2) iptmT=0.643 iptmS=0.282 dIptm=+0.361 ifaceA=16
[177/240] H2b_13_s8 (ecl2) iptmT=0.474 iptmS=0.549 dIptm=-0.075 ifaceA=13
[178/240] H2b_27_s6 (ecl2) iptmT=0.373 iptmS=0.250 dIptm=+0.123 ifaceA=15
[179/240] H2b_27_s2 (ecl2) iptmT=0.610 iptmS=0.172 dIptm=+0.438 ifaceA=19
[180/240] H2b_3_s3 (ecl2) iptmT=0.272 iptmS=0.094 dIptm=+0.179 ifaceA=13
  [progress] 180/240 ok=180 err=0 elapsed=5299s eta=1766s
[181/240] H2b_15_s6 (ecl2) iptmT=0.456 iptmS=0.155 dIptm=+0.301 ifaceA=10
[182/240] H2b_18_s3 (ecl2) iptmT=0.186 iptmS=0.706 dIptm=-0.520 ifaceA=13
[183/240] H2b_18_s1 (ecl2) iptmT=0.280 iptmS=0.110 dIptm=+0.170 ifaceA=14
[184/240] H2b_8_s4 (ecl2) iptmT=0.220 iptmS=0.194 dIptm=+0.026 ifaceA=14
[185/240] H2b_18_s4 (ecl2) iptmT=0.369 iptmS=0.227 dIptm=+0.141 ifaceA=14
  [progress] 185/240 ok=185 err=0 elapsed=5535s eta=1646s
[186/240] H2b_24_s4 (ecl2) iptmT=0.169 iptmS=0.429 dIptm=-0.260 ifaceA=13
[187/240] H2b_32_s1 (ecl2) iptmT=0.328 iptmS=0.378 dIptm=-0.049 ifaceA=15
[188/240] H2b_4_s1 (ecl2) iptmT=0.227 iptmS=0.194 dIptm=+0.034 ifaceA=19
[189/240] H2b_33_s8 (ecl2) iptmT=0.664 iptmS=0.204 dIptm=+0.459 ifaceA=19
[190/240] H2b_20_s8 (ecl2) iptmT=0.673 iptmS=0.235 dIptm=+0.438 ifaceA=17
  [progress] 190/240 ok=190 err=0 elapsed=5611s eta=1476s
[191/240] H2b_31_s8 (ecl2) iptmT=0.392 iptmS=0.179 dIptm=+0.213 ifaceA=21
[192/240] H2b_3_s4 (ecl2) iptmT=0.556 iptmS=0.161 dIptm=+0.395 ifaceA=14
[193/240] H2b_38_s3 (ecl2) iptmT=0.368 iptmS=0.223 dIptm=+0.146 ifaceA=14
[194/240] H2b_18_s7 (ecl2) iptmT=0.307 iptmS=0.557 dIptm=-0.250 ifaceA=16
[195/240] H2b_9_s2 (ecl2) iptmT=0.285 iptmS=0.174 dIptm=+0.111 ifaceA=17
  [progress] 195/240 ok=195 err=0 elapsed=5722s eta=1321s
[196/240] H2c_9_s3 (ecl2) iptmT=0.410 iptmS=0.152 dIptm=+0.258 ifaceA=15
[197/240] H2b_3_s8 (ecl2) iptmT=0.469 iptmS=0.125 dIptm=+0.343 ifaceA=19
[198/240] H2c_33_s8 (ecl2) iptmT=0.371 iptmS=0.450 dIptm=-0.079 ifaceA=10
[199/240] H2b_4_s5 (ecl2) iptmT=0.223 iptmS=0.319 dIptm=-0.096 ifaceA=15
[200/240] H2b_20_s1 (ecl2) iptmT=0.585 iptmS=0.105 dIptm=+0.480 ifaceA=15
  [progress] 200/240 ok=200 err=0 elapsed=5934s eta=1187s
[201/240] H2b_24_s7 (ecl2) iptmT=0.419 iptmS=0.206 dIptm=+0.213 ifaceA=12
[202/240] H2c_26_s3 (ecl2) iptmT=0.294 iptmS=0.212 dIptm=+0.083 ifaceA=14
[203/240] H2c_38_s5 (ecl2) iptmT=0.214 iptmS=0.157 dIptm=+0.057 ifaceA=14
[204/240] H2c_18_s8 (ecl2) iptmT=0.362 iptmS=0.297 dIptm=+0.065 ifaceA=12
[205/240] H2b_28_s5 (ecl2) iptmT=0.408 iptmS=0.210 dIptm=+0.198 ifaceA=14
  [progress] 205/240 ok=205 err=0 elapsed=6143s eta=1049s
[206/240] H2c_38_s4 (ecl2) iptmT=0.313 iptmS=0.164 dIptm=+0.149 ifaceA=14
[207/240] H2c_9_s1 (ecl2) iptmT=0.345 iptmS=0.265 dIptm=+0.080 ifaceA=18
[208/240] H2c_8_s1 (ecl2) iptmT=0.361 iptmS=0.171 dIptm=+0.189 ifaceA=8
[209/240] H2c_26_s2 (ecl2) iptmT=0.504 iptmS=0.300 dIptm=+0.204 ifaceA=13
[210/240] H2c_26_s8 (ecl2) iptmT=0.218 iptmS=0.126 dIptm=+0.092 ifaceA=13
  [progress] 210/240 ok=210 err=0 elapsed=6281s eta=897s
[211/240] H2c_33_s4 (ecl2) iptmT=0.268 iptmS=0.137 dIptm=+0.131 ifaceA=11
[212/240] H2c_38_s1 (ecl2) iptmT=0.672 iptmS=0.395 dIptm=+0.277 ifaceA=15
[213/240] H2c_16_s2 (ecl2) iptmT=0.190 iptmS=0.237 dIptm=-0.047 ifaceA=13
[214/240] H2c_16_s8 (ecl2) iptmT=0.546 iptmS=0.129 dIptm=+0.417 ifaceA=11
[215/240] H2c_3_s6 (ecl2) iptmT=0.430 iptmS=0.185 dIptm=+0.246 ifaceA=11
  [progress] 215/240 ok=215 err=0 elapsed=6418s eta=746s
[216/240] H2c_7_s2 (ecl2) iptmT=0.239 iptmS=0.130 dIptm=+0.109 ifaceA=16
[217/240] H2c_26_s6 (ecl2) iptmT=0.146 iptmS=0.235 dIptm=-0.089 ifaceA=13
[218/240] H2c_18_s2 (ecl2) iptmT=0.322 iptmS=0.315 dIptm=+0.007 ifaceA=13
[219/240] H2c_17_s5 (ecl2) iptmT=0.226 iptmS=0.291 dIptm=-0.064 ifaceA=17
[220/240] H2c_16_s6 (ecl2) iptmT=0.368 iptmS=0.414 dIptm=-0.047 ifaceA=17
  [progress] 220/240 ok=220 err=0 elapsed=6724s eta=611s
[221/240] H2c_5_s5 (ecl2) iptmT=0.464 iptmS=0.305 dIptm=+0.159 ifaceA=19
[222/240] H2c_30_s2 (ecl2) iptmT=0.578 iptmS=0.279 dIptm=+0.299 ifaceA=12
[223/240] H2c_15_s4 (ecl2) iptmT=0.468 iptmS=0.112 dIptm=+0.356 ifaceA=14
[224/240] H2c_28_s2 (ecl2) iptmT=0.315 iptmS=0.283 dIptm=+0.032 ifaceA=13
[225/240] H2c_18_s7 (ecl2) iptmT=0.350 iptmS=0.230 dIptm=+0.120 ifaceA=17
  [progress] 225/240 ok=225 err=0 elapsed=6924s eta=462s
[226/240] H2c_38_s8 (ecl2) iptmT=0.618 iptmS=0.231 dIptm=+0.387 ifaceA=11
[227/240] H2c_26_s4 (ecl2) iptmT=0.609 iptmS=0.142 dIptm=+0.467 ifaceA=16
[228/240] H2c_38_s2 (ecl2) iptmT=0.601 iptmS=0.172 dIptm=+0.429 ifaceA=14
[229/240] H2c_33_s5 (ecl2) iptmT=0.241 iptmS=0.206 dIptm=+0.035 ifaceA=13
[230/240] H2c_29_s6 (ecl2) iptmT=0.361 iptmS=0.382 dIptm=-0.022 ifaceA=15
  [progress] 230/240 ok=230 err=0 elapsed=6999s eta=304s
[231/240] H2c_11_s1 (ecl2) iptmT=0.176 iptmS=0.124 dIptm=+0.051 ifaceA=15
[232/240] H2c_5_s8 (ecl2) iptmT=0.496 iptmS=0.134 dIptm=+0.362 ifaceA=20
[233/240] H2c_25_s1 (ecl2) iptmT=0.653 iptmS=0.168 dIptm=+0.485 ifaceA=16
[234/240] H2c_26_s5 (ecl2) iptmT=0.628 iptmS=0.264 dIptm=+0.364 ifaceA=12
[235/240] H2c_5_s2 (ecl2) iptmT=0.408 iptmS=0.124 dIptm=+0.284 ifaceA=17
  [progress] 235/240 ok=235 err=0 elapsed=7149s eta=152s
[236/240] H2c_8_s4 (ecl2) iptmT=0.609 iptmS=0.420 dIptm=+0.189 ifaceA=11
[237/240] H2c_18_s5 (ecl2) iptmT=0.280 iptmS=0.111 dIptm=+0.169 ifaceA=15
[238/240] H2c_26_s7 (ecl2) iptmT=0.419 iptmS=0.280 dIptm=+0.139 ifaceA=12
[239/240] H2c_16_s3 (ecl2) iptmT=0.476 iptmS=0.166 dIptm=+0.309 ifaceA=16
[240/240] H2c_25_s3 (ecl2) iptmT=0.380 iptmS=0.788 dIptm=-0.408 ifaceA=10
  [progress] 240/240 ok=240 err=0 elapsed=7351s eta=0s
[rescore] DONE n_ok=240 n_err=0
