=== IDH1-R132C 100ns MD — 10:38:54 ===
Fixing PDB...
Fixed: 20496 atoms
Solvated: 691767 atoms
Minimizing...
Minimized in 263.1s
Equilibrating...
Production 100ns (691767 atoms)...
Traceback (most recent call last):
  File "/tmp/md_idh1_r132c_100ns.py", line 34, in <module>
    sim.step(50000000)
    ~~~~~~~~^^^^^^^^^^
  File "/opt/miniforge3/lib/python3.13/site-packages/openmm/app/simulation.py", line 150, in step
    self._simulate(endStep=self.currentStep+steps)
    ~~~~~~~~~~~~~~^^^^^^^^^^^^^^^^^^^^^^^^^^^^^^^^
  File "/opt/miniforge3/lib/python3.13/site-packages/openmm/app/simulation.py", line 261, in _simulate
    self._generate_reports(wrapped, True)
    ~~~~~~~~~~~~~~~~~~~~~~^^^^^^^^^^^^^^^
  File "/opt/miniforge3/lib/python3.13/site-packages/openmm/app/simulation.py", line 282, in _generate_reports
    reporter.report(self, state)
    ~~~~~~~~~~~~~~~^^^^^^^^^^^^^
  File "/opt/miniforge3/lib/python3.13/site-packages/openmm/app/dcdreporter.py", line 103, in report
    self._dcd.writeModel(state.getPositions(asNumpy=True), periodicBoxVectors=state.getPeriodicBoxVectors())
    ~~~~~~~~~~~~~~~~~~~~^^^^^^^^^^^^^^^^^^^^^^^^^^^^^^^^^^^^^^^^^^^^^^^^^^^^^^^^^^^^^^^^^^^^^^^^^^^^^^^^^^^^
  File "/opt/miniforge3/lib/python3.13/site-packages/openmm/app/dcdfile.py", line 173, in writeModel
    data.tofile(file)
    ~~~~~~~~~~~^^^^^^
OSError: [Errno 28] No space left on device
