[2026-04-07 10:26:04] === ROCK2 + Fasudil HOLO MD (20ns) ===
[2026-04-07 10:26:04] Output: /results/md_sims/ROCK2_Fasudil_holo
[2026-04-07 10:26:04] Downloading 2H9V from RCSB...
[2026-04-07 10:26:04] Downloaded 295002 bytes
[2026-04-07 10:26:04] Running PDBFixer...
[2026-04-07 10:26:06] Protein fixed: /results/md_sims/ROCK2_Fasudil_holo/protein_fixed.pdb
[2026-04-07 10:26:06] Generating Fasudil 3D conformer with RDKit...
[2026-04-07 10:26:08] Ligand MW: 291.4
[2026-04-07 10:26:08] Placing ligand near protein center of mass...
[2026-04-07 10:26:08] Protein CoM: [ 0.95058906 -1.75108329 -2.66866821]
[2026-04-07 10:26:08] Ligand placed at CoM (offset check: 0.000 nm)
[2026-04-07 10:26:08] Parameterizing Fasudil with GAFF-2.11...
[2026-04-07 10:26:08] GAFF template registered
[2026-04-07 10:26:08] Combining protein + ligand with Modeller...
[2026-04-07 10:26:08] Modeller: 6190 atoms, 392 residues
[2026-04-07 10:26:08] Solvating (TIP3P, 1nm padding, 0.15M NaCl)...
[2026-04-07 10:27:01] Solvated: 98670 atoms
[2026-04-07 10:27:01] Creating OpenMM system (PME, CUDA)...
[2026-04-07 10:34:30] === ROCK2 + Fasudil HOLO MD (20ns) ===
[2026-04-07 10:34:30] Output: /results/md_sims/ROCK2_Fasudil_holo
[2026-04-07 10:34:30] PDB already present, skipping download
[2026-04-07 10:34:30] Running PDBFixer...
[2026-04-07 10:34:31] Protein fixed: /results/md_sims/ROCK2_Fasudil_holo/protein_fixed.pdb
[2026-04-07 10:34:31] Generating Fasudil 3D conformer with RDKit...
[2026-04-07 10:34:34] Ligand MW: 291.4
[2026-04-07 10:34:34] Placing ligand near protein center of mass...
[2026-04-07 10:34:34] Protein CoM: [ 0.95101726 -1.7507746  -2.66812071]
[2026-04-07 10:34:34] Ligand placed at CoM (offset check: 0.000 nm)
[2026-04-07 10:34:34] Parameterizing Fasudil with GAFF-2.11...
[2026-04-07 10:34:34] GAFF template registered
[2026-04-07 10:34:34] Combining protein + ligand with Modeller...
[2026-04-07 10:34:34] Modeller: 6190 atoms, 392 residues
[2026-04-07 10:34:34] Solvating (TIP3P, 1nm padding, 0.15M NaCl)...
[2026-04-07 10:35:27] Solvated: 99027 atoms
[2026-04-07 10:35:27] Creating OpenMM system (PME, CUDA)...
[2026-04-07 10:41:22] === ROCK2 + Fasudil HOLO MD (20ns) ===
[2026-04-07 10:41:22] Output: /results/md_sims/ROCK2_Fasudil_holo
[2026-04-07 10:41:22] PDB already present, skipping download
[2026-04-07 10:41:22] Running PDBFixer...
[2026-04-07 10:41:23] Protein fixed: /results/md_sims/ROCK2_Fasudil_holo/protein_fixed.pdb
[2026-04-07 10:41:23] Generating Fasudil 3D conformer with RDKit...
[2026-04-07 10:41:26] Ligand MW: 291.4
[2026-04-07 10:41:26] Placing ligand near protein center of mass...
[2026-04-07 10:41:26] Protein CoM: [ 0.95079157 -1.75093223 -2.66829062]
[2026-04-07 10:41:26] Ligand placed at CoM (offset check: 0.000 nm)
[2026-04-07 10:41:26] Parameterizing Fasudil with GAFF-2.11...
[2026-04-07 10:41:26] GAFF template registered
[2026-04-07 10:41:26] Combining protein + ligand with Modeller...
[2026-04-07 10:41:26] Modeller: 6190 atoms, 392 residues
[2026-04-07 10:41:26] Solvating (TIP3P, 1nm padding, 0.15M NaCl)...
[2026-04-07 10:42:18] Solvated: 99009 atoms
[2026-04-07 10:42:18] Creating OpenMM system (PME, CUDA)...
[2026-04-07 10:45:38] === ROCK2 + Fasudil HOLO MD (20ns) ===
[2026-04-07 10:45:38] Output: /results/md_sims/ROCK2_Fasudil_holo
[2026-04-07 10:45:38] PDB already present, skipping download
[2026-04-07 10:45:38] Running PDBFixer...
[2026-04-07 10:45:40] Protein fixed: /results/md_sims/ROCK2_Fasudil_holo/protein_fixed.pdb
[2026-04-07 10:45:40] Generating Fasudil 3D conformer with RDKit...
[2026-04-07 10:45:42] Ligand MW: 291.4
[2026-04-07 10:45:42] Placing ligand near protein center of mass...
[2026-04-07 10:45:42] Protein CoM: [ 0.950845   -1.75096915 -2.66849698]
[2026-04-07 10:45:42] Ligand placed at CoM (offset check: 0.000 nm)
[2026-04-07 10:45:42] Parameterizing Fasudil with GAFF-2.11...
[2026-04-07 10:45:42] GAFF template registered
[2026-04-07 10:45:42] Combining protein + ligand with Modeller...
[2026-04-07 10:45:42] Modeller: 6190 atoms, 392 residues
[2026-04-07 10:45:42] Solvating (TIP3P, 1nm padding, 0.15M NaCl)...
[2026-04-07 10:46:35] Solvated: 98922 atoms
[2026-04-07 10:46:35] Creating OpenMM system (PME, CUDA)...
[2026-04-07 10:50:19] === ROCK2 + Fasudil HOLO MD (20ns) ===
[2026-04-07 10:50:19] Output: /results/md_sims/ROCK2_Fasudil_holo
[2026-04-07 10:50:19] PDB already present, skipping download
[2026-04-07 10:50:19] Running PDBFixer...
[2026-04-07 10:51:07] === ROCK2 + Fasudil HOLO MD (20ns) ===
[2026-04-07 10:51:07] Output: /results/md_sims/ROCK2_Fasudil_holo
[2026-04-07 10:51:07] PDB already present, skipping download
[2026-04-07 10:51:07] Running PDBFixer...
[2026-04-07 10:51:08] Protein fixed: /results/md_sims/ROCK2_Fasudil_holo/protein_fixed.pdb
[2026-04-07 10:51:08] Generating Fasudil 3D conformer with RDKit...
[2026-04-07 10:51:11] Ligand MW: 291.4
[2026-04-07 10:51:11] Placing ligand near protein center of mass...
[2026-04-07 10:51:11] Protein CoM: [ 0.95087112 -1.75080154 -2.66833473]
[2026-04-07 10:51:11] Ligand placed at CoM (offset check: 0.000 nm)
[2026-04-07 10:51:11] Parameterizing Fasudil with GAFF-2.11...
[2026-04-07 10:51:11] GAFF template registered
[2026-04-07 10:51:11] Combining protein + ligand with Modeller...
[2026-04-07 10:51:11] Modeller: 6190 atoms, 392 residues
[2026-04-07 10:51:11] Solvating (TIP3P, 1nm padding, 0.15M NaCl)...
[2026-04-07 10:52:03] Solvated: 98997 atoms
[2026-04-07 10:52:03] Creating OpenMM system (PME, CUDA)...
[2026-04-07 10:59:58] === ROCK2 + Fasudil HOLO MD (20ns) ===
[2026-04-07 10:59:58] Output: /results/md_sims/ROCK2_Fasudil_holo
[2026-04-07 10:59:58] PDB already present, skipping download
[2026-04-07 10:59:58] Running PDBFixer...
[2026-04-07 11:00:01] Protein fixed: /results/md_sims/ROCK2_Fasudil_holo/protein_fixed.pdb
[2026-04-07 11:00:01] Generating Fasudil 3D conformer with RDKit...
[2026-04-07 11:00:03] Ligand MW: 291.4
[2026-04-07 11:00:03] Placing ligand near protein center of mass...
[2026-04-07 11:00:03] Protein CoM: [ 0.95093429 -1.7509537  -2.66823346]
[2026-04-07 11:00:03] Ligand placed at CoM (offset check: 0.000 nm)
[2026-04-07 11:00:03] Parameterizing Fasudil with GAFF-2.11...
[2026-04-07 11:00:03] GAFF template registered
[2026-04-07 11:00:03] Combining protein + ligand with Modeller...
[2026-04-07 11:00:04] Modeller: 6190 atoms, 392 residues
[2026-04-07 11:00:04] Solvating (TIP3P, 1nm padding, 0.15M NaCl)...
[2026-04-07 11:00:56] Solvated: 100334 atoms
[2026-04-07 11:00:56] Creating OpenMM system (PME, CUDA)...
[2026-04-07 11:00:59] System created on CUDA platform
[2026-04-07 11:00:59] Energy minimization...
[2026-04-07 11:01:35] Minimization complete
[2026-04-07 11:01:35] Equilibration (100ps = 50000 steps)...
[2026-04-07 11:02:16] Equilibration complete
[2026-04-07 11:02:16] Production MD (20ns = 10,000,000 steps)...
[2026-04-07 13:17:43] Production complete in 2.26h
[2026-04-07 13:17:43] Saving final_20ns.pdb...
[2026-04-07 13:17:44] HETATM lines in final PDB: 94205
[2026-04-07 13:17:44] Ligand check PASSED: HETATM 6131  O   HOH B   1      29.453  51.434  48.342  1.00
[2026-04-07 13:17:44] === COMPLETE ===
[2026-04-07 13:17:44] {
  "task": "ROCK2_Fasudil_holo",
  "target": "ROCK2",
  "pdb": "2H9V",
  "ligand": "Fasudil",
  "smiles": "O=S(=O)(c1cccc2cnccc12)N1CCCNCC1",
  "duration_ns": 20,
  "total_atoms": 100334,
  "hetatm_lines": 94205,
  "elapsed_hours": 2.26,
  "completed_at": "2026-04-07T13:17:44"
}
