[17:33:50] ============================================================
[17:33:50] DiffDock Selectivity Batch
[17:33:50] Input: /data/safety_pass.smi
[17:33:50] Chunk: start=0 size=1087
[17:33:50] GPU: 0
[17:33:50] Targets: LIMK2 (4TPT), LIMK1 (3S95), ROCK1 (2ESM)
[17:33:50] N_samples: 10, Threshold: 0.3
[17:33:50] ============================================================
[17:33:50] 
[WARMUP] Verifying DiffDock inference.py ...
[17:33:50] [WARMUP] OK
[17:33:50] 
Loading molecules from /data/safety_pass.smi ...
[17:33:50] Total molecules in file: 4346
[17:33:50] This chunk: indices 0-1086 = 1087 molecules
[17:33:50] 
Starting docking ... 1087 mols × 3 targets = 3261 jobs
[17:33:50] Target ready: LIMK2 (4TPT)
[17:33:50] Target ready: LIMK1 (3S95)
[17:33:50] Target ready: ROCK1 (2ESM)
[17:33:50] Resumed from checkpoint: 23 already done
[17:33:50] [gpu0_start0] 24/1087 mol_id=1126-incomp_0
[17:40:00]   LIMK2: FAILED (370s)
[17:40:39]   LIMK1: FAILED (40s)
[17:41:19]   ROCK1: FAILED (40s)
[17:41:19] [gpu0_start0] 25/1087 mol_id=1131-incomp_0
[18:04:29] ============================================================
[18:04:29] DiffDock Selectivity Batch
[18:04:29] Input: /data/safety_pass.smi
[18:04:29] Chunk: start=0 size=1087
[18:04:29] GPU: 0
[18:04:29] Targets: LIMK2 (4TPT), LIMK1 (3S95), ROCK1 (2ESM)
[18:04:29] N_samples: 10, Threshold: 0.3
[18:04:29] ============================================================
[18:04:29] 
[WARMUP] Verifying DiffDock inference.py ...
[18:04:29] [WARMUP] OK
[18:04:29] 
Loading molecules from /data/safety_pass.smi ...
[18:04:29] Total molecules in file: 4346
[18:04:29] This chunk: indices 0-1086 = 1087 molecules
[18:04:29] 
Starting docking ... 1087 mols × 3 targets = 3261 jobs
[18:04:29] Target ready: LIMK2 (4TPT)
[18:04:29] Target ready: LIMK1 (3S95)
[18:04:29] Target ready: ROCK1 (2ESM)
[18:04:29] Resumed from checkpoint: 24 already done
[18:04:29] [gpu0_start0] 25/1087 mol_id=1131-incomp_0
[18:05:08]   LIMK2: FAILED (39s)
[18:05:48]   LIMK1: FAILED (40s)
[18:06:28]   ROCK1: FAILED (40s)
[18:06:28] [gpu0_start0] 26/1087 mol_id=1135-incomp_0
[18:07:07]   LIMK2: FAILED (40s)
[18:07:48]   LIMK1: FAILED (40s)
[18:08:29]   ROCK1: FAILED (41s)
[18:08:29] [gpu0_start0] 27/1087 mol_id=1136-incomp_0
[18:09:11]   LIMK2: FAILED (42s)
[18:09:56]   LIMK1: FAILED (45s)
[18:10:39]   ROCK1: FAILED (43s)
[18:10:39] [gpu0_start0] 28/1087 mol_id=1149_0
Traceback (most recent call last):
  File "/root/diffdock_selectivity_batch.py", line 490, in <module>
    main()
  File "/root/diffdock_selectivity_batch.py", line 452, in main
    results = process_chunk(
  File "/root/diffdock_selectivity_batch.py", line 303, in process_chunk
    success, score, sdf_path = run_diffdock_single(
  File "/root/diffdock_selectivity_batch.py", line 206, in run_diffdock_single
    score, sdf = parse_confidence_from_dir(out_dir)
  File "/root/diffdock_selectivity_batch.py", line 145, in parse_confidence_from_dir
    score = float(m.group(1))
ValueError: could not convert string to float: '-0.64.'
[18:20:46] ============================================================
[18:20:46] DiffDock Selectivity Batch
[18:20:46] Input: /data/safety_pass.smi
[18:20:46] Chunk: start=0 size=1087
[18:20:46] GPU: 0
[18:20:46] Targets: LIMK2 (4TPT), LIMK1 (3S95), ROCK1 (2ESM)
[18:20:46] N_samples: 10, Threshold: 0.3
[18:20:46] ============================================================
[18:20:46] 
[WARMUP] Verifying DiffDock inference.py ...
[18:20:46] [WARMUP] OK
[18:20:46] 
Loading molecules from /data/safety_pass.smi ...
[18:20:46] Total molecules in file: 4346
[18:20:46] This chunk: indices 0-1086 = 1087 molecules
[18:20:46] 
Starting docking ... 1087 mols × 3 targets = 3261 jobs
[18:20:46] Target ready: LIMK2 (4TPT)
[18:20:46] Target ready: LIMK1 (3S95)
[18:20:46] Target ready: ROCK1 (2ESM)
[18:20:46] Resumed from checkpoint: 27 already done
[18:20:46] [gpu0_start0] 28/1087 mol_id=1149_0
[18:22:13]   LIMK2: conf=-0.640 (88s)
[18:23:48]   LIMK1: conf=-1.240 (94s)
[18:25:12]   ROCK1: conf=-0.750 (84s)
[18:25:12] [gpu0_start0] 29/1087 mol_id=115-incomp_0
[18:25:56]   LIMK2: FAILED (44s)
[18:26:38]   LIMK1: FAILED (42s)
[18:27:23]   ROCK1: FAILED (45s)
[18:27:23] [gpu0_start0] 30/1087 mol_id=1150-incomp_0
[18:28:05]   LIMK2: FAILED (42s)
[18:28:49]   LIMK1: FAILED (44s)
[18:29:48]   ROCK1: FAILED (59s)
[18:29:48] [gpu0_start0] 31/1087 mol_id=1152_0
[18:31:11]   LIMK2: conf=-0.920 (83s)
[18:32:35]   LIMK1: conf=-0.300 (83s)
[18:33:53]   ROCK1: conf=-0.600 (78s)
[18:33:53] [gpu0_start0] 32/1087 mol_id=1157-incomp_0
[18:34:37]   LIMK2: FAILED (45s)
[18:35:20]   LIMK1: FAILED (43s)
[18:36:04]   ROCK1: FAILED (44s)
[18:36:04] [gpu0_start0] 33/1087 mol_id=1159_0
[18:37:22]   LIMK2: conf=-0.330 (78s)
[18:38:35]   LIMK1: conf=-0.100 (73s)
[18:39:55]   ROCK1: conf=-0.810 (81s)
[18:39:55] [gpu0_start0] 34/1087 mol_id=116-incomp_0
[18:40:38]   LIMK2: FAILED (42s)
[18:41:21]   LIMK1: FAILED (43s)
[18:42:02]   ROCK1: FAILED (42s)
[18:42:02] [gpu0_start0] 35/1087 mol_id=1166_0
[18:43:20]   LIMK2: conf=-0.510 (77s)
[18:44:34]   LIMK1: conf=-0.530 (74s)
[18:45:54]   ROCK1: conf=-0.560 (80s)
[18:45:54] [gpu0_start0] 36/1087 mol_id=1169-incomp_0
[18:46:41]   LIMK2: FAILED (47s)
[18:47:24]   LIMK1: FAILED (43s)
[18:48:09]   ROCK1: FAILED (44s)
[18:48:09] [gpu0_start0] 37/1087 mol_id=1188-incomp_0
[18:48:52]   LIMK2: FAILED (44s)
[18:49:35]   LIMK1: FAILED (43s)
[18:50:19]   ROCK1: FAILED (44s)
[18:50:19] [gpu0_start0] 38/1087 mol_id=1189_0
[18:51:35]   LIMK2: conf=-0.330 (76s)
[18:52:48]   LIMK1: conf=-0.300 (73s)
[18:54:05]   ROCK1: conf=-1.200 (77s)
[18:54:05] [gpu0_start0] 39/1087 mol_id=1196-incomp_0
[18:54:45]   LIMK2: FAILED (40s)
[18:55:29]   LIMK1: FAILED (44s)
[18:56:13]   ROCK1: FAILED (45s)
[18:56:13] [gpu0_start0] 40/1087 mol_id=1197-incomp_0
[18:56:57]   LIMK2: FAILED (44s)
[18:57:41]   LIMK1: FAILED (44s)
[18:58:21]   ROCK1: FAILED (40s)
[18:58:21] [gpu0_start0] 41/1087 mol_id=1199_0
[18:59:38]   LIMK2: conf=-0.810 (77s)
[19:00:51]   LIMK1: conf=-0.640 (73s)
[19:02:13]   ROCK1: conf=-1.030 (82s)
[19:02:13] [gpu0_start0] 42/1087 mol_id=12-incomp_0
[19:02:52]   LIMK2: FAILED (39s)
[19:03:31]   LIMK1: FAILED (39s)
[19:04:14]   ROCK1: FAILED (43s)
[19:04:14] [gpu0_start0] 43/1087 mol_id=120-incomp_0
[19:04:53]   LIMK2: FAILED (39s)
[19:05:32]   LIMK1: FAILED (39s)
[19:06:17]   ROCK1: FAILED (45s)
[19:06:17] [gpu0_start0] 44/1087 mol_id=1200-incomp_0
[19:07:00]   LIMK2: FAILED (43s)
[19:07:40]   LIMK1: FAILED (40s)
[19:08:24]   ROCK1: FAILED (44s)
[19:08:24] [gpu0_start0] 45/1087 mol_id=1204_0
[19:09:36]   LIMK2: conf=-0.730 (72s)
[19:10:46]   LIMK1: conf=-0.120 (70s)
[19:12:02]   ROCK1: conf=-0.800 (77s)
[19:12:02] [gpu0_start0] 46/1087 mol_id=1206-incomp_0
[19:12:45]   LIMK2: FAILED (43s)
[19:13:27]   LIMK1: FAILED (42s)
[19:14:08]   ROCK1: FAILED (41s)
[19:14:08] [gpu0_start0] 47/1087 mol_id=1217_0
[19:15:26]   LIMK2: conf=-1.140 (78s)
[19:16:41]   LIMK1: conf=-0.170 (75s)
[19:17:59]   ROCK1: conf=-1.250 (78s)
[19:17:59] [gpu0_start0] 48/1087 mol_id=1221-incomp_0
[19:18:38]   LIMK2: FAILED (39s)
[19:19:18]   LIMK1: FAILED (40s)
[19:20:03]   ROCK1: FAILED (45s)
[19:20:03] [gpu0_start0] 49/1087 mol_id=1222-incomp_0
[19:20:46]   LIMK2: FAILED (43s)
[19:21:25]   LIMK1: FAILED (39s)
[19:22:06]   ROCK1: FAILED (41s)
[19:22:06] [gpu0_start0] 50/1087 mol_id=1229-incomp_0
[19:22:47]   LIMK2: FAILED (41s)
[19:23:28]   LIMK1: FAILED (42s)
[19:24:13]   ROCK1: FAILED (44s)
[19:24:13] Progress: 50/1087 done, 0 selective so far
[19:24:13] [gpu0_start0] 51/1087 mol_id=1246_0
[19:25:22]   LIMK2: conf=-0.470 (69s)
[19:26:33]   LIMK1: conf=0.070 (71s)
[19:27:40]   ROCK1: conf=-0.190 (68s)
[19:27:40] [gpu0_start0] 52/1087 mol_id=1247-incomp_0
[19:28:23]   LIMK2: FAILED (43s)
[19:29:06]   LIMK1: FAILED (43s)
[19:29:49]   ROCK1: FAILED (42s)
[19:29:49] [gpu0_start0] 53/1087 mol_id=1256_0
[19:31:02]   LIMK2: conf=-0.070 (73s)
[19:32:13]   LIMK1: conf=-1.470 (72s)
[19:33:30]   ROCK1: conf=-0.850 (76s)
[19:33:30]   *** SELECTIVE margin=0.780 ***
[19:33:30] [gpu0_start0] 54/1087 mol_id=1257_0
[19:34:47]   LIMK2: conf=-0.340 (78s)
[19:36:02]   LIMK1: conf=-1.160 (74s)
[19:37:21]   ROCK1: conf=-1.380 (80s)
[19:37:21]   *** SELECTIVE margin=0.820 ***
[19:37:21] [gpu0_start0] 55/1087 mol_id=1259_0
[19:38:37]   LIMK2: conf=-0.310 (76s)
[19:39:49]   LIMK1: conf=-0.160 (72s)
[19:41:03]   ROCK1: conf=-0.170 (74s)
[19:41:03] [gpu0_start0] 56/1087 mol_id=1262_0
[19:42:17]   LIMK2: conf=-1.300 (73s)
[19:43:26]   LIMK1: conf=0.510 (69s)
[19:44:46]   ROCK1: conf=-3.240 (80s)
[19:44:46] [gpu0_start0] 57/1087 mol_id=1271-incomp_0
[19:45:25]   LIMK2: FAILED (39s)
[19:46:07]   LIMK1: FAILED (42s)
[19:46:47]   ROCK1: FAILED (40s)
[19:46:47] [gpu0_start0] 58/1087 mol_id=129-incomp_0
[19:47:31]   LIMK2: FAILED (44s)
[19:48:10]   LIMK1: FAILED (39s)
[19:48:54]   ROCK1: FAILED (44s)
[19:48:54] [gpu0_start0] 59/1087 mol_id=1290-incomp_0
[19:49:37]   LIMK2: FAILED (43s)
[19:50:18]   LIMK1: FAILED (41s)
[19:51:05]   ROCK1: FAILED (47s)
[19:51:05] [gpu0_start0] 60/1087 mol_id=1295_0
[19:52:24]   LIMK2: conf=-0.820 (78s)
[19:53:42]   LIMK1: conf=-0.590 (78s)
[19:55:02]   ROCK1: conf=-1.460 (80s)
[19:55:02] [gpu0_start0] 61/1087 mol_id=1297-incomp_0
[19:55:44]   LIMK2: FAILED (42s)
[19:56:29]   LIMK1: FAILED (44s)
[19:57:13]   ROCK1: FAILED (44s)
[19:57:13] [gpu0_start0] 62/1087 mol_id=1299-incomp_0
[19:57:59]   LIMK2: FAILED (45s)
[19:58:43]   LIMK1: FAILED (45s)
[19:59:30]   ROCK1: FAILED (46s)
[19:59:30] [gpu0_start0] 63/1087 mol_id=1302_0
[20:00:48]   LIMK2: conf=-1.530 (78s)
[20:02:01]   LIMK1: conf=-0.840 (73s)
[20:03:18]   ROCK1: conf=-0.970 (77s)
[20:03:18] [gpu0_start0] 64/1087 mol_id=1313_0
[20:04:30]   LIMK2: conf=-2.340 (72s)
[20:05:40]   LIMK1: conf=-0.780 (70s)
[20:06:54]   ROCK1: conf=-1.810 (74s)
[20:06:54] [gpu0_start0] 65/1087 mol_id=1314_0
[20:08:07]   LIMK2: conf=-1.040 (73s)
[20:09:20]   LIMK1: conf=-0.630 (73s)
[20:10:37]   ROCK1: conf=-3.020 (77s)
[20:10:37] [gpu0_start0] 66/1087 mol_id=1320-incomp_0
[20:11:16]   LIMK2: FAILED (39s)
[20:11:55]   LIMK1: FAILED (38s)
[20:12:35]   ROCK1: FAILED (40s)
[20:12:35] [gpu0_start0] 67/1087 mol_id=1324_0
[20:13:49]   LIMK2: conf=-0.160 (74s)
[20:14:58]   LIMK1: conf=-1.270 (69s)
[20:16:13]   ROCK1: conf=-2.100 (75s)
[20:16:13]   *** SELECTIVE margin=1.110 ***
[20:16:13] [gpu0_start0] 68/1087 mol_id=1328_0
[20:17:27]   LIMK2: conf=-0.780 (73s)
[20:18:33]   LIMK1: conf=-0.830 (67s)
[20:19:50]   ROCK1: conf=-1.800 (77s)
[20:19:50] [gpu0_start0] 69/1087 mol_id=1330-incomp_0
[20:20:30]   LIMK2: FAILED (39s)
[20:21:10]   LIMK1: FAILED (40s)
[20:21:50]   ROCK1: FAILED (40s)
[20:21:50] [gpu0_start0] 70/1087 mol_id=1338-incomp_0
[20:22:29]   LIMK2: FAILED (39s)
[20:23:09]   LIMK1: FAILED (40s)
[20:23:49]   ROCK1: FAILED (40s)
[20:23:49] [gpu0_start0] 71/1087 mol_id=1340_0
[20:25:03]   LIMK2: conf=-2.280 (74s)
[20:26:12]   LIMK1: conf=-0.610 (69s)
[20:27:27]   ROCK1: conf=-1.710 (75s)
[20:27:27] [gpu0_start0] 72/1087 mol_id=1348_0
[20:28:38]   LIMK2: conf=-2.010 (71s)
[20:29:44]   LIMK1: conf=-0.120 (66s)
[20:30:56]   ROCK1: conf=-3.450 (72s)
[20:30:56] [gpu0_start0] 73/1087 mol_id=1349-incomp_0
[20:31:36]   LIMK2: FAILED (40s)
[20:32:15]   LIMK1: FAILED (39s)
[20:32:55]   ROCK1: FAILED (40s)
[20:32:55] [gpu0_start0] 74/1087 mol_id=135-incomp_0
[20:33:35]   LIMK2: FAILED (40s)
[20:34:15]   LIMK1: FAILED (40s)
[20:34:55]   ROCK1: FAILED (40s)
[20:34:55] [gpu0_start0] 75/1087 mol_id=1356-incomp_0
[20:35:34]   LIMK2: FAILED (39s)
[20:36:13]   LIMK1: FAILED (39s)
[20:36:53]   ROCK1: FAILED (40s)
[20:36:53] [gpu0_start0] 76/1087 mol_id=1359_0
[20:38:06]   LIMK2: conf=-0.510 (74s)
[20:39:18]   LIMK1: conf=0.100 (72s)
[20:40:35]   ROCK1: conf=-0.830 (77s)
[20:40:35] [gpu0_start0] 77/1087 mol_id=1360-incomp_0
[20:41:16]   LIMK2: FAILED (40s)
[20:41:55]   LIMK1: FAILED (39s)
[20:42:35]   ROCK1: FAILED (40s)
[20:42:35] [gpu0_start0] 78/1087 mol_id=1361-incomp_0
[20:43:15]   LIMK2: FAILED (39s)
[20:43:54]   LIMK1: FAILED (39s)
[20:44:36]   ROCK1: FAILED (42s)
[20:44:36] [gpu0_start0] 79/1087 mol_id=1372-incomp_0
[20:45:15]   LIMK2: FAILED (39s)
[20:45:54]   LIMK1: FAILED (39s)
[20:46:34]   ROCK1: FAILED (41s)
[20:46:34] [gpu0_start0] 80/1087 mol_id=1377_0
[20:47:45]   LIMK2: conf=-0.270 (70s)
[20:48:51]   LIMK1: conf=-0.120 (66s)
[20:50:03]   ROCK1: conf=-1.130 (72s)
[20:50:03] [gpu0_start0] 81/1087 mol_id=138_0
[20:51:16]   LIMK2: conf=-0.640 (73s)
[20:52:26]   LIMK1: conf=-1.660 (69s)
[20:53:43]   ROCK1: conf=0.090 (77s)
[20:53:43] [gpu0_start0] 82/1087 mol_id=1380_0
[20:54:59]   LIMK2: conf=-2.520 (76s)
[20:56:11]   LIMK1: conf=-0.620 (71s)
[20:57:28]   ROCK1: conf=-0.480 (77s)
[20:57:28] [gpu0_start0] 83/1087 mol_id=1385_0
[20:58:43]   LIMK2: conf=-1.190 (76s)
[20:59:56]   LIMK1: conf=0.020 (73s)
[21:01:13]   ROCK1: conf=-1.660 (77s)
[21:01:13] [gpu0_start0] 84/1087 mol_id=1389_0
[21:02:29]   LIMK2: conf=-2.490 (76s)
[21:03:41]   LIMK1: conf=-0.060 (72s)
[21:04:56]   ROCK1: conf=-1.710 (76s)
[21:04:56] [gpu0_start0] 85/1087 mol_id=139-incomp_0
[21:05:36]   LIMK2: FAILED (40s)
[21:06:16]   LIMK1: FAILED (40s)
[21:06:57]   ROCK1: FAILED (41s)
[21:06:57] [gpu0_start0] 86/1087 mol_id=1390-incomp_0
[21:07:35]   LIMK2: FAILED (38s)
[21:08:15]   LIMK1: FAILED (40s)
[21:08:56]   ROCK1: FAILED (41s)
[21:08:56] [gpu0_start0] 87/1087 mol_id=1392_0
[21:10:13]   LIMK2: conf=-0.480 (77s)
[21:11:26]   LIMK1: conf=-0.530 (73s)
[21:12:45]   ROCK1: conf=-6.050 (79s)
[21:12:45] [gpu0_start0] 88/1087 mol_id=1396_0
[21:13:57]   LIMK2: conf=-1.850 (73s)
[21:15:08]   LIMK1: conf=-1.810 (70s)
[21:16:24]   ROCK1: conf=-0.600 (76s)
[21:16:24] [gpu0_start0] 89/1087 mol_id=1399-incomp_0
[21:17:04]   LIMK2: FAILED (40s)
[21:17:44]   LIMK1: FAILED (40s)
[21:18:24]   ROCK1: FAILED (40s)
[21:18:24] [gpu0_start0] 90/1087 mol_id=140-incomp_0
[21:19:02]   LIMK2: FAILED (39s)
[21:19:44]   LIMK1: FAILED (41s)
[21:20:26]   ROCK1: FAILED (43s)
[21:20:26] [gpu0_start0] 91/1087 mol_id=1400-incomp_0
[21:21:06]   LIMK2: FAILED (40s)
[21:21:47]   LIMK1: FAILED (41s)
[21:22:26]   ROCK1: FAILED (39s)
[21:22:26] [gpu0_start0] 92/1087 mol_id=1404-incomp_0
[21:23:06]   LIMK2: FAILED (39s)
[21:23:44]   LIMK1: FAILED (39s)
[21:24:24]   ROCK1: FAILED (40s)
[21:24:24] [gpu0_start0] 93/1087 mol_id=1414_0
[21:25:37]   LIMK2: conf=-0.640 (72s)
[21:26:46]   LIMK1: conf=-0.390 (70s)
[21:28:02]   ROCK1: conf=-1.590 (75s)
[21:28:02] [gpu0_start0] 94/1087 mol_id=1421_0
[21:29:14]   LIMK2: conf=-0.800 (72s)
[21:30:24]   LIMK1: conf=-0.190 (70s)
[21:31:41]   ROCK1: conf=-0.110 (77s)
[21:31:41] [gpu0_start0] 95/1087 mol_id=1425-incomp_0
[21:32:20]   LIMK2: FAILED (39s)
[21:32:59]   LIMK1: FAILED (39s)
[21:33:38]   ROCK1: FAILED (39s)
[21:33:38] [gpu0_start0] 96/1087 mol_id=1432-incomp_0
[21:34:17]   LIMK2: FAILED (39s)
[21:34:55]   LIMK1: FAILED (38s)
[21:35:35]   ROCK1: FAILED (40s)
[21:35:35] [gpu0_start0] 97/1087 mol_id=1436-incomp_0
[21:36:13]   LIMK2: FAILED (39s)
[21:36:52]   LIMK1: FAILED (38s)
[21:37:31]   ROCK1: FAILED (39s)
[21:37:31] [gpu0_start0] 98/1087 mol_id=1437-incomp_0
[21:38:10]   LIMK2: FAILED (39s)
[21:38:50]   LIMK1: FAILED (40s)
[21:39:30]   ROCK1: FAILED (41s)
[21:39:30] [gpu0_start0] 99/1087 mol_id=1438-incomp_0
[21:40:08]   LIMK2: FAILED (38s)
[21:40:47]   LIMK1: FAILED (38s)
[21:41:28]   ROCK1: FAILED (41s)
[21:41:28] [gpu0_start0] 100/1087 mol_id=1439_0
[21:42:38]   LIMK2: conf=-0.540 (71s)
[21:43:45]   LIMK1: conf=0.180 (67s)
[21:44:58]   ROCK1: conf=-2.010 (73s)
[21:44:58] Progress: 100/1087 done, 3 selective so far
[21:44:58] [gpu0_start0] 101/1087 mol_id=1441_0
[21:46:07]   LIMK2: conf=0.040 (69s)
[21:47:11]   LIMK1: conf=-0.150 (64s)
[21:48:27]   ROCK1: conf=-4.040 (76s)
[21:48:27] [gpu0_start0] 102/1087 mol_id=1446-incomp_0
[21:49:07]   LIMK2: FAILED (40s)
[21:49:45]   LIMK1: FAILED (38s)
[21:50:28]   ROCK1: FAILED (43s)
[21:50:28] [gpu0_start0] 103/1087 mol_id=1450-incomp_0
[21:51:12]   LIMK2: FAILED (44s)
[21:51:59]   LIMK1: FAILED (47s)
[21:52:43]   ROCK1: FAILED (44s)
[21:52:43] [gpu0_start0] 104/1087 mol_id=1454-incomp_0
[21:53:24]   LIMK2: FAILED (41s)
[21:54:07]   LIMK1: FAILED (44s)
[21:54:48]   ROCK1: FAILED (41s)
[21:54:48] [gpu0_start0] 105/1087 mol_id=1470_0
[21:56:07]   LIMK2: conf=-1.210 (79s)
[21:57:33]   LIMK1: conf=-1.350 (86s)
[21:58:52]   ROCK1: conf=-2.710 (78s)
[21:58:52] [gpu0_start0] 106/1087 mol_id=1477-incomp_0
[21:59:36]   LIMK2: FAILED (44s)
[22:00:18]   LIMK1: FAILED (43s)
[22:01:03]   ROCK1: FAILED (44s)
[22:01:03] [gpu0_start0] 107/1087 mol_id=1479_0
[22:02:15]   LIMK2: conf=-0.190 (73s)
[22:03:27]   LIMK1: conf=-0.300 (71s)
[22:04:44]   ROCK1: conf=-1.860 (77s)
[22:04:44] [gpu0_start0] 108/1087 mol_id=1482_0
[22:05:54]   LIMK2: conf=-1.290 (70s)
[22:07:00]   LIMK1: conf=-0.590 (67s)
[22:08:14]   ROCK1: conf=-0.680 (73s)
[22:08:14] [gpu0_start0] 109/1087 mol_id=1487_0
[22:09:25]   LIMK2: conf=-0.480 (72s)
[22:10:33]   LIMK1: conf=-0.520 (68s)
[22:11:47]   ROCK1: conf=-1.150 (74s)
[22:11:47] [gpu0_start0] 110/1087 mol_id=1489_0
[22:13:02]   LIMK2: conf=-2.260 (75s)
[22:14:14]   LIMK1: conf=0.310 (72s)
[22:15:33]   ROCK1: conf=-1.560 (79s)
[22:15:33] [gpu0_start0] 111/1087 mol_id=1495-incomp_0
[22:16:14]   LIMK2: FAILED (41s)
[22:16:57]   LIMK1: FAILED (43s)
[22:17:39]   ROCK1: FAILED (42s)
[22:17:39] [gpu0_start0] 112/1087 mol_id=150-incomp_0
[22:18:20]   LIMK2: FAILED (41s)
[22:19:00]   LIMK1: FAILED (40s)
[22:19:41]   ROCK1: FAILED (41s)
[22:19:41] [gpu0_start0] 113/1087 mol_id=1500_0
[22:20:54]   LIMK2: conf=-0.510 (73s)
[22:22:03]   LIMK1: conf=-0.710 (69s)
[22:23:18]   ROCK1: conf=-0.030 (75s)
[22:23:18] [gpu0_start0] 114/1087 mol_id=1501-incomp_0
[22:23:58]   LIMK2: FAILED (40s)
[22:24:38]   LIMK1: FAILED (40s)
[22:25:19]   ROCK1: FAILED (42s)
[22:25:19] [gpu0_start0] 115/1087 mol_id=1502-incomp_0
[22:26:00]   LIMK2: FAILED (41s)
[22:26:40]   LIMK1: FAILED (40s)
[22:27:21]   ROCK1: FAILED (41s)
[22:27:21] [gpu0_start0] 116/1087 mol_id=1504_0
[22:28:37]   LIMK2: conf=-1.720 (75s)
[22:29:45]   LIMK1: conf=0.140 (69s)
[22:31:01]   ROCK1: conf=-0.630 (76s)
[22:31:01] [gpu0_start0] 117/1087 mol_id=1509_0
[22:32:17]   LIMK2: conf=-1.360 (76s)
[22:33:29]   LIMK1: conf=-0.180 (71s)
[22:34:46]   ROCK1: conf=-1.830 (77s)
[22:34:46] [gpu0_start0] 118/1087 mol_id=151_0
[22:35:59]   LIMK2: conf=-0.830 (73s)
[22:37:08]   LIMK1: conf=-0.040 (68s)
[22:38:22]   ROCK1: conf=-0.340 (74s)
[22:38:22] [gpu0_start0] 119/1087 mol_id=1510-incomp_0
[22:39:01]   LIMK2: FAILED (40s)
[22:39:42]   LIMK1: FAILED (40s)
[22:40:22]   ROCK1: FAILED (41s)
[22:40:22] [gpu0_start0] 120/1087 mol_id=1513-incomp_0
[22:41:02]   LIMK2: FAILED (40s)
[22:41:43]   LIMK1: FAILED (40s)
[22:42:24]   ROCK1: FAILED (41s)
[22:42:24] [gpu0_start0] 121/1087 mol_id=1517-incomp_0
[22:43:06]   LIMK2: FAILED (42s)
[22:43:47]   LIMK1: FAILED (41s)
[22:44:29]   ROCK1: FAILED (42s)
[22:44:29] [gpu0_start0] 122/1087 mol_id=152_0
[22:45:47]   LIMK2: conf=-0.680 (78s)
[22:47:03]   LIMK1: conf=0.020 (76s)
[22:48:25]   ROCK1: conf=-2.120 (81s)
[22:48:25] [gpu0_start0] 123/1087 mol_id=1523-incomp_0
[22:49:05]   LIMK2: FAILED (40s)
[22:49:45]   LIMK1: FAILED (40s)
[22:50:27]   ROCK1: FAILED (42s)
[22:50:27] [gpu0_start0] 124/1087 mol_id=1525_0
[22:51:40]   LIMK2: conf=-0.950 (73s)
[22:52:51]   LIMK1: conf=-0.570 (71s)
[22:54:06]   ROCK1: conf=-1.940 (75s)
[22:54:06] [gpu0_start0] 125/1087 mol_id=1530-incomp_0
[22:54:49]   LIMK2: FAILED (43s)
[22:55:33]   LIMK1: FAILED (43s)
[22:56:17]   ROCK1: FAILED (44s)
[22:56:17] [gpu0_start0] 126/1087 mol_id=1542-incomp_0
[22:57:01]   LIMK2: FAILED (44s)
[22:57:45]   LIMK1: FAILED (44s)
[22:58:30]   ROCK1: FAILED (44s)
[22:58:30] [gpu0_start0] 127/1087 mol_id=1551_0
[22:59:47]   LIMK2: conf=-0.750 (77s)
[23:01:02]   LIMK1: conf=-0.790 (75s)
[23:02:26]   ROCK1: conf=-0.840 (84s)
[23:02:26] [gpu0_start0] 128/1087 mol_id=1562_0
[23:03:47]   LIMK2: conf=-1.850 (81s)
[23:05:06]   LIMK1: conf=-1.030 (79s)
[23:06:30]   ROCK1: conf=-1.890 (84s)
[23:06:30] [gpu0_start0] 129/1087 mol_id=1565_0
[23:07:49]   LIMK2: conf=-0.660 (79s)
[23:09:04]   LIMK1: conf=0.040 (76s)
[23:10:23]   ROCK1: conf=-2.070 (79s)
[23:10:23] [gpu0_start0] 130/1087 mol_id=1571-incomp_0
[23:11:10]   LIMK2: FAILED (46s)
[23:11:58]   LIMK1: FAILED (48s)
[23:12:44]   ROCK1: FAILED (45s)
[23:12:44] [gpu0_start0] 131/1087 mol_id=1573-incomp_0
[23:13:29]   LIMK2: FAILED (45s)
[23:14:41]   LIMK1: FAILED (72s)
[23:15:27]   ROCK1: FAILED (46s)
[23:15:27] [gpu0_start0] 132/1087 mol_id=1578-incomp_0
[23:16:11]   LIMK2: FAILED (44s)
[23:16:56]   LIMK1: FAILED (46s)
[23:17:39]   ROCK1: FAILED (43s)
[23:17:39] [gpu0_start0] 133/1087 mol_id=1579-incomp_0
[23:18:22]   LIMK2: FAILED (42s)
[23:19:05]   LIMK1: FAILED (43s)
[23:19:49]   ROCK1: FAILED (44s)
[23:19:49] [gpu0_start0] 134/1087 mol_id=158-incomp_0
[23:20:32]   LIMK2: FAILED (43s)
[23:21:15]   LIMK1: FAILED (43s)
[23:21:59]   ROCK1: FAILED (43s)
[23:21:59] [gpu0_start0] 135/1087 mol_id=1585_0
[23:23:16]   LIMK2: conf=-0.580 (78s)
[23:24:29]   LIMK1: conf=-0.720 (72s)
[23:25:49]   ROCK1: conf=-1.580 (80s)
[23:25:49] [gpu0_start0] 136/1087 mol_id=1590_0
[23:27:06]   LIMK2: conf=-1.250 (78s)
[23:28:22]   LIMK1: conf=-0.040 (75s)
[23:29:43]   ROCK1: conf=-0.210 (81s)
[23:29:43] [gpu0_start0] 137/1087 mol_id=1592-incomp_0
[23:30:29]   LIMK2: FAILED (46s)
[23:31:12]   LIMK1: FAILED (43s)
[23:31:56]   ROCK1: FAILED (44s)
[23:31:56] [gpu0_start0] 138/1087 mol_id=1594_0
[23:33:18]   LIMK2: conf=-1.960 (81s)
[23:34:37]   LIMK1: conf=-0.580 (79s)
[23:35:58]   ROCK1: conf=-1.230 (81s)
[23:35:58] [gpu0_start0] 139/1087 mol_id=1597_0
[23:37:17]   LIMK2: conf=-0.830 (79s)
[23:38:31]   LIMK1: conf=-0.260 (75s)
[23:39:54]   ROCK1: conf=-0.970 (82s)
[23:39:54] [gpu0_start0] 140/1087 mol_id=16-incomp_0
[23:40:35]   LIMK2: FAILED (42s)
[23:41:17]   LIMK1: FAILED (42s)
[23:41:59]   ROCK1: FAILED (41s)
[23:41:59] [gpu0_start0] 141/1087 mol_id=1602-incomp_0
[23:42:42]   LIMK2: FAILED (43s)
[23:43:25]   LIMK1: FAILED (43s)
[23:44:09]   ROCK1: FAILED (44s)
[23:44:09] [gpu0_start0] 142/1087 mol_id=1605_0
[23:45:30]   LIMK2: conf=-0.470 (81s)
[23:46:45]   LIMK1: conf=0.100 (75s)
[23:48:05]   ROCK1: conf=-1.860 (80s)
[23:48:05] [gpu0_start0] 143/1087 mol_id=1606-incomp_0
[23:48:50]   LIMK2: FAILED (45s)
[23:49:34]   LIMK1: FAILED (44s)
[23:50:20]   ROCK1: FAILED (45s)
[23:50:20] [gpu0_start0] 144/1087 mol_id=1614_0
[23:51:38]   LIMK2: conf=-0.710 (79s)
[23:52:54]   LIMK1: conf=-0.150 (75s)
[23:54:16]   ROCK1: conf=-2.830 (82s)
[23:54:16] [gpu0_start0] 145/1087 mol_id=1620_0
[23:55:37]   LIMK2: conf=-0.480 (81s)
[23:56:54]   LIMK1: conf=-0.220 (77s)
[23:58:12]   ROCK1: conf=0.100 (79s)
[23:58:12] [gpu0_start0] 146/1087 mol_id=163-incomp_0
[23:59:01]   LIMK2: FAILED (48s)
[23:59:45]   LIMK1: FAILED (44s)
[00:00:31]   ROCK1: FAILED (46s)
[00:00:31] [gpu0_start0] 147/1087 mol_id=1648-incomp_0
[00:01:15]   LIMK2: FAILED (44s)
[00:01:58]   LIMK1: FAILED (43s)
[00:02:46]   ROCK1: FAILED (48s)
[00:02:46] [gpu0_start0] 148/1087 mol_id=1650-incomp_0
[00:03:28]   LIMK2: FAILED (42s)
[00:04:09]   LIMK1: FAILED (41s)
[00:04:50]   ROCK1: FAILED (41s)
[00:04:50] [gpu0_start0] 149/1087 mol_id=1662-incomp_0
[00:05:30]   LIMK2: FAILED (40s)
[00:06:12]   LIMK1: FAILED (42s)
[00:06:53]   ROCK1: FAILED (42s)
[00:06:53] [gpu0_start0] 150/1087 mol_id=1677_0
[00:08:08]   LIMK2: conf=-1.070 (75s)
[00:09:18]   LIMK1: conf=0.010 (70s)
[00:10:34]   ROCK1: conf=-0.730 (76s)
[00:10:34] Progress: 150/1087 done, 3 selective so far
[00:10:34] [gpu0_start0] 151/1087 mol_id=168-incomp_0
[00:11:14]   LIMK2: FAILED (40s)
[00:12:16]   LIMK1: FAILED (61s)
[00:12:56]   ROCK1: FAILED (40s)
[00:12:56] [gpu0_start0] 152/1087 mol_id=1685_0
[00:14:09]   LIMK2: conf=-1.190 (73s)
[00:15:18]   LIMK1: conf=-1.480 (69s)
[00:16:33]   ROCK1: conf=-0.920 (75s)
[00:16:33] [gpu0_start0] 153/1087 mol_id=1686-incomp_0
[00:17:12]   LIMK2: FAILED (39s)
[00:17:53]   LIMK1: FAILED (41s)
[00:18:35]   ROCK1: FAILED (41s)
[00:18:35] [gpu0_start0] 154/1087 mol_id=1692-incomp_0
[00:19:14]   LIMK2: FAILED (39s)
[00:19:54]   LIMK1: FAILED (40s)
[00:20:34]   ROCK1: FAILED (41s)
[00:20:34] [gpu0_start0] 155/1087 mol_id=1697-incomp_0
[00:21:15]   LIMK2: FAILED (41s)
[00:21:54]   LIMK1: FAILED (39s)
[00:22:35]   ROCK1: FAILED (40s)
[00:22:35] [gpu0_start0] 156/1087 mol_id=1699-incomp_0
[00:23:13]   LIMK2: FAILED (38s)
[00:23:52]   LIMK1: FAILED (39s)
[00:24:31]   ROCK1: FAILED (39s)
[00:24:31] [gpu0_start0] 157/1087 mol_id=17-incomp_0
[00:25:10]   LIMK2: FAILED (39s)
[00:25:49]   LIMK1: FAILED (39s)
[00:26:29]   ROCK1: FAILED (40s)
[00:26:29] [gpu0_start0] 158/1087 mol_id=1701-incomp_0
[00:27:07]   LIMK2: FAILED (39s)
[00:27:46]   LIMK1: FAILED (39s)
[00:28:25]   ROCK1: FAILED (39s)
[00:28:25] [gpu0_start0] 159/1087 mol_id=1704-incomp_0
[00:29:05]   LIMK2: FAILED (40s)
[00:29:45]   LIMK1: FAILED (40s)
[00:30:24]   ROCK1: FAILED (39s)
[00:30:24] [gpu0_start0] 160/1087 mol_id=1711-incomp_0
[00:31:03]   LIMK2: FAILED (39s)
[00:31:43]   LIMK1: FAILED (40s)
[00:32:24]   ROCK1: FAILED (41s)
[00:32:24] [gpu0_start0] 161/1087 mol_id=1712-incomp_0
[00:33:04]   LIMK2: FAILED (40s)
[00:33:43]   LIMK1: FAILED (39s)
[00:34:21]   ROCK1: FAILED (38s)
[00:34:21] [gpu0_start0] 162/1087 mol_id=1714-incomp_0
[00:35:01]   LIMK2: FAILED (39s)
[00:35:40]   LIMK1: FAILED (39s)
[00:36:20]   ROCK1: FAILED (40s)
[00:36:20] [gpu0_start0] 163/1087 mol_id=1715-incomp_0
[00:36:59]   LIMK2: FAILED (39s)
[00:37:38]   LIMK1: FAILED (39s)
[00:38:17]   ROCK1: FAILED (39s)
[00:38:17] [gpu0_start0] 164/1087 mol_id=172-incomp_0
[00:38:56]   LIMK2: FAILED (39s)
[00:39:35]   LIMK1: FAILED (39s)
[00:40:14]   ROCK1: FAILED (40s)
[00:40:14] [gpu0_start0] 165/1087 mol_id=1724_0
[00:41:29]   LIMK2: conf=-0.850 (75s)
[00:42:39]   LIMK1: conf=-0.350 (70s)
[00:43:56]   ROCK1: conf=-2.580 (77s)
[00:43:56] [gpu0_start0] 166/1087 mol_id=1726-incomp_0
[00:44:33]   LIMK2: FAILED (38s)
[00:45:12]   LIMK1: FAILED (39s)
[00:45:52]   ROCK1: FAILED (40s)
[00:45:52] [gpu0_start0] 167/1087 mol_id=1728_0
[00:47:04]   LIMK2: conf=-1.190 (72s)
[00:48:13]   LIMK1: conf=0.240 (69s)
[00:49:28]   ROCK1: conf=-3.990 (75s)
[00:49:28] [gpu0_start0] 168/1087 mol_id=1733-incomp_0
[00:50:08]   LIMK2: FAILED (40s)
[00:51:03]   LIMK1: FAILED (54s)
[00:52:03]   ROCK1: FAILED (60s)
[00:52:03] [gpu0_start0] 169/1087 mol_id=1735_0
[00:53:18]   LIMK2: conf=-0.760 (76s)
[00:54:30]   LIMK1: conf=-0.950 (71s)
[00:55:47]   ROCK1: conf=-1.630 (77s)
[00:55:47] [gpu0_start0] 170/1087 mol_id=1742-incomp_0
[00:56:27]   LIMK2: FAILED (40s)
[00:57:06]   LIMK1: FAILED (39s)
[00:57:45]   ROCK1: FAILED (39s)
[00:57:45] [gpu0_start0] 171/1087 mol_id=1746_0
[00:58:58]   LIMK2: conf=-0.760 (73s)
[01:00:06]   LIMK1: conf=-0.200 (68s)
[01:01:22]   ROCK1: conf=-1.050 (76s)
[01:01:22] [gpu0_start0] 172/1087 mol_id=1750-incomp_0
[01:02:01]   LIMK2: FAILED (39s)
[01:02:44]   LIMK1: FAILED (43s)
[01:03:27]   ROCK1: FAILED (43s)
[01:03:27] [gpu0_start0] 173/1087 mol_id=1751-incomp_0
[01:04:07]   LIMK2: FAILED (40s)
[01:04:47]   LIMK1: FAILED (39s)
[01:05:29]   ROCK1: FAILED (42s)
[01:05:29] [gpu0_start0] 174/1087 mol_id=1752_0
[01:06:46]   LIMK2: conf=0.040 (77s)
[01:08:01]   LIMK1: conf=-0.420 (75s)
[01:09:50]   ROCK1: conf=-3.930 (109s)
[01:09:50]   *** SELECTIVE margin=0.460 ***
[01:09:50] [gpu0_start0] 175/1087 mol_id=1753-incomp_0
[01:10:35]   LIMK2: FAILED (45s)
[01:11:19]   LIMK1: FAILED (44s)
[01:12:05]   ROCK1: FAILED (45s)
[01:12:05] [gpu0_start0] 176/1087 mol_id=1758_0
[01:13:25]   LIMK2: conf=-1.800 (81s)
[01:14:42]   LIMK1: conf=-1.380 (77s)
[01:16:06]   ROCK1: conf=-2.030 (84s)
[01:16:06] [gpu0_start0] 177/1087 mol_id=1764_0
[01:17:25]   LIMK2: conf=-0.030 (79s)
[01:18:42]   LIMK1: conf=0.290 (77s)
[01:20:05]   ROCK1: conf=-4.850 (83s)
[01:20:05] [gpu0_start0] 178/1087 mol_id=1766_0
[01:21:28]   LIMK2: conf=-0.750 (83s)
[01:22:39]   LIMK1: conf=0.010 (71s)
[01:23:58]   ROCK1: conf=-1.900 (79s)
[01:23:58] [gpu0_start0] 179/1087 mol_id=1769-incomp_0
[01:24:42]   LIMK2: FAILED (44s)
[01:25:25]   LIMK1: FAILED (44s)
[01:26:08]   ROCK1: FAILED (42s)
[01:26:08] [gpu0_start0] 180/1087 mol_id=1775_0
[01:27:26]   LIMK2: conf=-1.290 (79s)
[01:28:39]   LIMK1: conf=-1.790 (73s)
[01:29:56]   ROCK1: conf=-1.410 (77s)
[01:29:56] [gpu0_start0] 181/1087 mol_id=1776_0
[01:31:11]   LIMK2: conf=-1.550 (75s)
[01:32:23]   LIMK1: conf=-0.410 (72s)
[01:33:36]   ROCK1: conf=-0.820 (73s)
[01:33:36] [gpu0_start0] 182/1087 mol_id=1778_0
[01:34:52]   LIMK2: conf=-1.470 (75s)
[01:36:07]   LIMK1: conf=0.360 (76s)
[01:37:33]   ROCK1: conf=-1.630 (86s)
[01:37:33] [gpu0_start0] 183/1087 mol_id=1782_0
[01:38:53]   LIMK2: conf=-0.110 (80s)
[01:40:07]   LIMK1: conf=0.290 (74s)
[01:41:23]   ROCK1: conf=-1.730 (76s)
[01:41:23] [gpu0_start0] 184/1087 mol_id=18-incomp_0
[01:42:07]   LIMK2: FAILED (44s)
[01:42:51]   LIMK1: FAILED (44s)
[01:43:30]   ROCK1: FAILED (39s)
[01:43:30] [gpu0_start0] 185/1087 mol_id=1801_0
[01:44:44]   LIMK2: conf=-2.600 (74s)
[01:45:55]   LIMK1: conf=0.240 (71s)
[01:47:11]   ROCK1: conf=-1.410 (76s)
[01:47:11] [gpu0_start0] 186/1087 mol_id=1803_0
[01:48:26]   LIMK2: conf=-0.710 (76s)
[01:49:38]   LIMK1: conf=0.110 (72s)
[01:51:01]   ROCK1: conf=-2.230 (83s)
[01:51:01] [gpu0_start0] 187/1087 mol_id=1804-incomp_0
[01:51:43]   LIMK2: FAILED (42s)
[01:52:26]   LIMK1: FAILED (43s)
[01:53:10]   ROCK1: FAILED (44s)
[01:53:10] [gpu0_start0] 188/1087 mol_id=1805-incomp_0
[01:53:52]   LIMK2: FAILED (42s)
[01:54:36]   LIMK1: FAILED (44s)
[01:55:23]   ROCK1: FAILED (47s)
[01:55:23] [gpu0_start0] 189/1087 mol_id=1811_0
[01:56:38]   LIMK2: conf=-0.650 (75s)
[01:57:56]   LIMK1: conf=-1.250 (78s)
[01:59:11]   ROCK1: conf=-0.800 (76s)
[01:59:11] [gpu0_start0] 190/1087 mol_id=1818_0
[02:00:24]   LIMK2: conf=-0.550 (73s)
[02:01:31]   LIMK1: conf=-0.090 (66s)
[02:02:48]   ROCK1: conf=-1.610 (77s)
[02:02:48] [gpu0_start0] 191/1087 mol_id=1820-incomp_0
[02:03:34]   LIMK2: FAILED (46s)
[02:04:13]   LIMK1: FAILED (39s)
[02:04:55]   ROCK1: FAILED (42s)
[02:04:55] [gpu0_start0] 192/1087 mol_id=1826-incomp_0
[02:05:38]   LIMK2: FAILED (43s)
[02:06:20]   LIMK1: FAILED (42s)
[02:07:10]   ROCK1: FAILED (49s)
[02:07:10] [gpu0_start0] 193/1087 mol_id=1829-incomp_0
[02:07:55]   LIMK2: FAILED (45s)
[02:08:34]   LIMK1: FAILED (39s)
[02:09:15]   ROCK1: FAILED (41s)
[02:09:15] [gpu0_start0] 194/1087 mol_id=1832-incomp_0
[02:09:54]   LIMK2: FAILED (39s)
[02:10:33]   LIMK1: FAILED (39s)
[02:11:14]   ROCK1: FAILED (41s)
[02:11:14] [gpu0_start0] 195/1087 mol_id=1839-incomp_0
[02:11:55]   LIMK2: FAILED (41s)
[02:12:35]   LIMK1: FAILED (39s)
[02:13:14]   ROCK1: FAILED (39s)
[02:13:14] [gpu0_start0] 196/1087 mol_id=1841_0
[02:14:28]   LIMK2: conf=-0.740 (74s)
[02:15:35]   LIMK1: conf=-0.720 (67s)
[02:16:58]   ROCK1: conf=-0.220 (83s)
[02:16:58] [gpu0_start0] 197/1087 mol_id=1842_0
[02:18:19]   LIMK2: conf=-0.710 (82s)
[02:19:41]   LIMK1: conf=-0.120 (81s)
[02:21:08]   ROCK1: conf=-1.410 (88s)
[02:21:08] [gpu0_start0] 198/1087 mol_id=1843-incomp_0
[02:21:54]   LIMK2: FAILED (46s)
[02:22:40]   LIMK1: FAILED (46s)
[02:23:25]   ROCK1: FAILED (45s)
[02:23:25] [gpu0_start0] 199/1087 mol_id=1851-incomp_0
[02:24:08]   LIMK2: FAILED (43s)
[02:24:53]   LIMK1: FAILED (44s)
[02:25:38]   ROCK1: FAILED (46s)
[02:25:38] [gpu0_start0] 200/1087 mol_id=1857_0
[02:26:55]   LIMK2: conf=-0.790 (77s)
[02:28:07]   LIMK1: conf=-0.910 (72s)
[02:29:24]   ROCK1: conf=-0.430 (77s)
[02:29:24] Progress: 200/1087 done, 4 selective so far
[02:29:24] [gpu0_start0] 201/1087 mol_id=186_0
[02:30:39]   LIMK2: conf=-0.710 (75s)
[02:31:55]   LIMK1: conf=-0.610 (76s)
[02:33:13]   ROCK1: conf=-0.720 (78s)
[02:33:13] [gpu0_start0] 202/1087 mol_id=1865_0
[02:34:32]   LIMK2: conf=-1.460 (79s)
[02:35:50]   LIMK1: conf=0.030 (78s)
[02:37:12]   ROCK1: conf=-1.190 (82s)
[02:37:12] [gpu0_start0] 203/1087 mol_id=1869_0
[02:38:27]   LIMK2: conf=-0.880 (75s)
[02:39:43]   LIMK1: conf=-0.140 (75s)
[02:41:01]   ROCK1: conf=-3.140 (78s)
[02:41:01] [gpu0_start0] 204/1087 mol_id=1873-incomp_0
[02:41:45]   LIMK2: FAILED (44s)
[02:42:27]   LIMK1: FAILED (42s)
[02:43:10]   ROCK1: FAILED (43s)
[02:43:10] [gpu0_start0] 205/1087 mol_id=1874_0
[02:44:23]   LIMK2: conf=-1.710 (73s)
[02:45:32]   LIMK1: conf=-0.390 (69s)
[02:46:48]   ROCK1: conf=-0.790 (76s)
[02:46:48] [gpu0_start0] 206/1087 mol_id=1878-incomp_0
[02:47:32]   LIMK2: FAILED (44s)
[02:48:14]   LIMK1: FAILED (42s)
[02:48:56]   ROCK1: FAILED (42s)
[02:48:56] [gpu0_start0] 207/1087 mol_id=1879-incomp_0
[02:49:39]   LIMK2: FAILED (43s)
[02:50:21]   LIMK1: FAILED (42s)
[02:51:05]   ROCK1: FAILED (44s)
[02:51:05] [gpu0_start0] 208/1087 mol_id=1880-incomp_0
[02:51:48]   LIMK2: FAILED (42s)
[02:52:31]   LIMK1: FAILED (43s)
[02:53:14]   ROCK1: FAILED (44s)
[02:53:14] [gpu0_start0] 209/1087 mol_id=1883_0
[02:54:32]   LIMK2: conf=-2.100 (77s)
[02:55:45]   LIMK1: conf=-1.230 (74s)
[02:57:05]   ROCK1: conf=-0.380 (79s)
[02:57:05] [gpu0_start0] 210/1087 mol_id=1887-incomp_0
[02:57:47]   LIMK2: FAILED (42s)
[02:58:31]   LIMK1: FAILED (44s)
[02:59:17]   ROCK1: FAILED (46s)
[02:59:17] [gpu0_start0] 211/1087 mol_id=1892-incomp_0
[03:00:01]   LIMK2: FAILED (44s)
[03:00:45]   LIMK1: FAILED (43s)
[03:01:30]   ROCK1: FAILED (46s)
[03:01:30] [gpu0_start0] 212/1087 mol_id=1896-incomp_0
[03:02:13]   LIMK2: FAILED (43s)
[03:02:53]   LIMK1: FAILED (39s)
[03:03:32]   ROCK1: FAILED (40s)
[03:03:32] [gpu0_start0] 213/1087 mol_id=1902_0
[03:04:47]   LIMK2: conf=-1.390 (75s)
[03:05:57]   LIMK1: conf=-1.050 (70s)
[03:07:14]   ROCK1: conf=-0.730 (77s)
[03:07:14] [gpu0_start0] 214/1087 mol_id=1905_0
[03:08:25]   LIMK2: conf=0.060 (71s)
[03:09:32]   LIMK1: conf=-0.250 (67s)
[03:10:45]   ROCK1: conf=-1.220 (72s)
[03:10:45]   *** SELECTIVE margin=0.310 ***
[03:10:45] [gpu0_start0] 215/1087 mol_id=1907_0
[03:12:00]   LIMK2: conf=-0.100 (75s)
[03:13:08]   LIMK1: conf=-0.370 (68s)
[03:14:24]   ROCK1: conf=-1.010 (76s)
[03:14:24] [gpu0_start0] 216/1087 mol_id=1911_0
[03:15:38]   LIMK2: conf=-2.850 (74s)
[03:16:49]   LIMK1: conf=-0.880 (71s)
[03:18:03]   ROCK1: conf=-0.490 (74s)
[03:18:03] [gpu0_start0] 217/1087 mol_id=1912_0
[03:19:15]   LIMK2: conf=-0.370 (72s)
[03:20:24]   LIMK1: conf=0.070 (69s)
[03:21:39]   ROCK1: conf=-1.890 (75s)
[03:21:39] [gpu0_start0] 218/1087 mol_id=1914_0
[03:22:50]   LIMK2: conf=-0.690 (71s)
[03:23:59]   LIMK1: conf=-1.050 (69s)
[03:25:16]   ROCK1: conf=-0.770 (76s)
[03:25:16] [gpu0_start0] 219/1087 mol_id=1919_0
[03:26:29]   LIMK2: conf=-1.220 (74s)
[03:27:37]   LIMK1: conf=0.390 (67s)
[03:28:53]   ROCK1: conf=-3.550 (76s)
[03:28:53] [gpu0_start0] 220/1087 mol_id=1922_0
[03:30:05]   LIMK2: conf=-1.060 (72s)
[03:31:13]   LIMK1: conf=-1.500 (68s)
[03:32:27]   ROCK1: conf=-3.770 (74s)
[03:32:27]   *** SELECTIVE margin=0.440 ***
[03:32:27] [gpu0_start0] 221/1087 mol_id=1927_0
[03:34:13]   LIMK2: FAILED (106s)
[03:36:00]   LIMK1: FAILED (107s)
[03:37:46]   ROCK1: FAILED (106s)
[03:37:46] [gpu0_start0] 222/1087 mol_id=1930_0
[03:39:06]   LIMK2: conf=-2.650 (79s)
[03:40:16]   LIMK1: conf=-1.620 (70s)
[03:41:32]   ROCK1: conf=-0.790 (76s)
[03:41:32] [gpu0_start0] 223/1087 mol_id=1935-incomp_0
[03:42:11]   LIMK2: FAILED (39s)
[03:42:51]   LIMK1: FAILED (40s)
[03:43:30]   ROCK1: FAILED (39s)
[03:43:30] [gpu0_start0] 224/1087 mol_id=1939-incomp_0
[03:44:09]   LIMK2: FAILED (38s)
[03:44:48]   LIMK1: FAILED (40s)
[03:45:28]   ROCK1: FAILED (40s)
[03:45:28] [gpu0_start0] 225/1087 mol_id=1946-incomp_0
[03:46:08]   LIMK2: FAILED (40s)
[03:46:48]   LIMK1: FAILED (40s)
[03:47:28]   ROCK1: FAILED (40s)
[03:47:28] [gpu0_start0] 226/1087 mol_id=1949-incomp_0
[03:48:07]   LIMK2: FAILED (39s)
[03:48:46]   LIMK1: FAILED (39s)
[03:49:26]   ROCK1: FAILED (40s)
[03:49:26] [gpu0_start0] 227/1087 mol_id=1952_0
[03:50:44]   LIMK2: conf=-1.250 (79s)
[03:52:01]   LIMK1: conf=-1.320 (76s)
[03:53:19]   ROCK1: conf=-2.440 (78s)
[03:53:19] [gpu0_start0] 228/1087 mol_id=1962-incomp_0
[03:53:58]   LIMK2: FAILED (39s)
[03:54:37]   LIMK1: FAILED (39s)
[03:55:18]   ROCK1: FAILED (41s)
[03:55:18] [gpu0_start0] 229/1087 mol_id=1963-incomp_0
[03:55:57]   LIMK2: FAILED (39s)
[03:56:37]   LIMK1: FAILED (40s)
[03:57:18]   ROCK1: FAILED (42s)
[03:57:18] [gpu0_start0] 230/1087 mol_id=1964-incomp_0
[03:57:58]   LIMK2: FAILED (40s)
[03:58:39]   LIMK1: FAILED (41s)
[03:59:20]   ROCK1: FAILED (41s)
[03:59:20] [gpu0_start0] 231/1087 mol_id=1968-incomp_0
[04:00:00]   LIMK2: FAILED (41s)
[04:00:46]   LIMK1: FAILED (45s)
[04:01:30]   ROCK1: FAILED (44s)
[04:01:30] [gpu0_start0] 232/1087 mol_id=197-incomp_0
[04:02:11]   LIMK2: FAILED (42s)
[04:02:53]   LIMK1: FAILED (42s)
[04:03:37]   ROCK1: FAILED (43s)
[04:03:37] [gpu0_start0] 233/1087 mol_id=1974-incomp_0
[04:04:17]   LIMK2: FAILED (41s)
[04:04:57]   LIMK1: FAILED (39s)
[04:05:36]   ROCK1: FAILED (40s)
[04:05:36] [gpu0_start0] 234/1087 mol_id=1976-incomp_0
[04:06:15]   LIMK2: FAILED (39s)
[04:06:56]   LIMK1: FAILED (41s)
[04:07:37]   ROCK1: FAILED (41s)
[04:07:37] [gpu0_start0] 235/1087 mol_id=1977-incomp_0
[04:08:17]   LIMK2: FAILED (40s)
[04:08:57]   LIMK1: FAILED (40s)
[04:09:38]   ROCK1: FAILED (41s)
[04:09:38] [gpu0_start0] 236/1087 mol_id=1988-incomp_0
[04:10:19]   LIMK2: FAILED (41s)
[04:11:03]   LIMK1: FAILED (44s)
[04:11:51]   ROCK1: FAILED (48s)
[04:11:51] [gpu0_start0] 237/1087 mol_id=1993_0
[04:13:12]   LIMK2: conf=-1.080 (81s)
[04:14:34]   LIMK1: conf=-1.820 (82s)
[04:15:54]   ROCK1: conf=-1.610 (81s)
[04:15:54]   *** SELECTIVE margin=0.530 ***
[04:15:54] [gpu0_start0] 238/1087 mol_id=1999-incomp_0
[04:16:41]   LIMK2: FAILED (46s)
[04:17:24]   LIMK1: FAILED (44s)
[04:18:36]   ROCK1: FAILED (71s)
[04:18:36] [gpu0_start0] 239/1087 mol_id=2-incomp_0
[04:19:20]   LIMK2: FAILED (45s)
[04:20:02]   LIMK1: FAILED (42s)
[04:20:45]   ROCK1: FAILED (42s)
[04:20:45] [gpu0_start0] 240/1087 mol_id=200-incomp_0
[04:21:28]   LIMK2: FAILED (43s)
[04:22:09]   LIMK1: FAILED (41s)
[04:22:51]   ROCK1: FAILED (42s)
[04:22:51] [gpu0_start0] 241/1087 mol_id=201_0
[04:24:04]   LIMK2: conf=-2.140 (74s)
[04:25:16]   LIMK1: conf=-0.210 (71s)
[04:26:34]   ROCK1: conf=-1.370 (78s)
[04:26:34] [gpu0_start0] 242/1087 mol_id=2016-incomp_0
[04:27:19]   LIMK2: FAILED (45s)
[04:28:02]   LIMK1: FAILED (43s)
[04:28:45]   ROCK1: FAILED (44s)
[04:28:45] [gpu0_start0] 243/1087 mol_id=2017-incomp_0
[04:29:26]   LIMK2: FAILED (41s)
[04:30:07]   LIMK1: FAILED (41s)
[04:30:50]   ROCK1: FAILED (42s)
[04:30:50] [gpu0_start0] 244/1087 mol_id=2019_0
[04:32:05]   LIMK2: conf=-0.920 (76s)
[04:33:19]   LIMK1: conf=-0.740 (73s)
[04:34:35]   ROCK1: conf=-1.670 (76s)
[04:34:35] [gpu0_start0] 245/1087 mol_id=2029-incomp_0
[04:35:16]   LIMK2: FAILED (41s)
[04:35:57]   LIMK1: FAILED (41s)
[04:36:40]   ROCK1: FAILED (43s)
[04:36:40] [gpu0_start0] 246/1087 mol_id=2035-incomp_0
[04:37:30]   LIMK2: FAILED (50s)
[04:38:17]   LIMK1: FAILED (47s)
[04:39:00]   ROCK1: FAILED (43s)
[04:39:00] [gpu0_start0] 247/1087 mol_id=2038-incomp_0
[04:39:43]   LIMK2: FAILED (42s)
[04:40:23]   LIMK1: FAILED (41s)
[04:41:05]   ROCK1: FAILED (42s)
[04:41:05] [gpu0_start0] 248/1087 mol_id=2040_0
[04:42:22]   LIMK2: conf=-1.310 (77s)
[04:43:40]   LIMK1: conf=-0.680 (78s)
[04:45:11]   ROCK1: conf=-1.900 (91s)
[04:45:11] [gpu0_start0] 249/1087 mol_id=2041-incomp_0
[04:46:20]   LIMK2: FAILED (69s)
[04:47:16]   LIMK1: FAILED (56s)
[04:48:02]   ROCK1: FAILED (46s)
[04:48:02] [gpu0_start0] 250/1087 mol_id=2045-incomp_0
[04:48:47]   LIMK2: FAILED (45s)
[04:49:32]   LIMK1: FAILED (45s)
[04:50:19]   ROCK1: FAILED (47s)
[04:50:19] Progress: 250/1087 done, 7 selective so far
[04:50:19] [gpu0_start0] 251/1087 mol_id=2046-incomp_0
[04:51:04]   LIMK2: FAILED (45s)
[04:51:50]   LIMK1: FAILED (46s)
[04:52:36]   ROCK1: FAILED (46s)
[04:52:36] [gpu0_start0] 252/1087 mol_id=2049-incomp_0
[04:53:22]   LIMK2: FAILED (46s)
[04:54:12]   LIMK1: FAILED (50s)
[04:55:02]   ROCK1: FAILED (50s)
[04:55:02] [gpu0_start0] 253/1087 mol_id=206-incomp_0
[04:55:46]   LIMK2: FAILED (44s)
[04:56:30]   LIMK1: FAILED (44s)
[04:57:15]   ROCK1: FAILED (45s)
[04:57:15] [gpu0_start0] 254/1087 mol_id=2062-incomp_0
[04:58:08]   LIMK2: FAILED (53s)
[04:59:41]   LIMK1: FAILED (93s)
[05:00:26]   ROCK1: FAILED (44s)
[05:00:26] [gpu0_start0] 255/1087 mol_id=2066_0
[05:01:57]   LIMK2: conf=-0.290 (91s)
[05:03:15]   LIMK1: conf=-1.500 (78s)
[05:04:36]   ROCK1: conf=-1.510 (81s)
[05:04:36]   *** SELECTIVE margin=1.210 ***
[05:04:36] [gpu0_start0] 256/1087 mol_id=2074-incomp_0
[05:05:48]   LIMK2: FAILED (72s)
[05:06:30]   LIMK1: FAILED (42s)
[05:07:11]   ROCK1: FAILED (41s)
[05:07:11] [gpu0_start0] 257/1087 mol_id=2079-incomp_0
[05:07:50]   LIMK2: FAILED (40s)
[05:08:31]   LIMK1: FAILED (40s)
[05:09:12]   ROCK1: FAILED (41s)
[05:09:12] [gpu0_start0] 258/1087 mol_id=208_0
[05:10:26]   LIMK2: conf=-1.290 (74s)
[05:11:37]   LIMK1: conf=-0.430 (70s)
[05:12:53]   ROCK1: conf=-1.280 (77s)
[05:12:53] [gpu0_start0] 259/1087 mol_id=2085_0
[05:14:09]   LIMK2: conf=-1.780 (76s)
[05:15:21]   LIMK1: conf=-0.210 (71s)
[05:16:38]   ROCK1: conf=-0.340 (77s)
[05:16:38] [gpu0_start0] 260/1087 mol_id=209_0
[05:18:00]   LIMK2: conf=-1.490 (82s)
[05:19:16]   LIMK1: conf=-0.760 (77s)
[05:20:43]   ROCK1: conf=-1.700 (86s)
[05:20:43] [gpu0_start0] 261/1087 mol_id=2095-incomp_0
[05:21:26]   LIMK2: FAILED (44s)
[05:22:10]   LIMK1: FAILED (44s)
[05:22:54]   ROCK1: FAILED (44s)
[05:22:54] [gpu0_start0] 262/1087 mol_id=2098_0
[05:24:11]   LIMK2: conf=-0.590 (77s)
[05:25:22]   LIMK1: conf=0.260 (72s)
[05:26:40]   ROCK1: conf=-0.380 (78s)
[05:26:40] [gpu0_start0] 263/1087 mol_id=211-incomp_0
[05:27:29]   LIMK2: FAILED (49s)
[05:28:31]   LIMK1: FAILED (61s)
[05:29:27]   ROCK1: FAILED (56s)
[05:29:27] [gpu0_start0] 264/1087 mol_id=2113-incomp_0
[05:30:09]   LIMK2: FAILED (42s)
[05:30:50]   LIMK1: FAILED (41s)
[05:31:32]   ROCK1: FAILED (42s)
[05:31:32] [gpu0_start0] 265/1087 mol_id=2114_0
[05:32:45]   LIMK2: conf=-0.270 (73s)
[05:33:52]   LIMK1: conf=-0.930 (67s)
[05:35:09]   ROCK1: conf=-1.710 (77s)
[05:35:09]   *** SELECTIVE margin=0.660 ***
[05:35:09] [gpu0_start0] 266/1087 mol_id=2115-incomp_0
[05:35:47]   LIMK2: FAILED (39s)
[05:36:26]   LIMK1: FAILED (38s)
[05:37:06]   ROCK1: FAILED (40s)
[05:37:06] [gpu0_start0] 267/1087 mol_id=2126_0
[05:38:21]   LIMK2: conf=-1.970 (75s)
[05:39:33]   LIMK1: conf=-0.960 (72s)
[05:40:51]   ROCK1: conf=-1.300 (78s)
[05:40:51] [gpu0_start0] 268/1087 mol_id=2127-incomp_0
[05:41:30]   LIMK2: FAILED (39s)
[05:42:09]   LIMK1: FAILED (39s)
[05:42:48]   ROCK1: FAILED (40s)
[05:42:48] [gpu0_start0] 269/1087 mol_id=2139_0
[05:44:03]   LIMK2: conf=-0.130 (75s)
[05:45:11]   LIMK1: conf=-0.420 (68s)
[05:46:26]   ROCK1: conf=-0.360 (75s)
[05:46:26] [gpu0_start0] 270/1087 mol_id=2140-incomp_0
[05:47:05]   LIMK2: FAILED (39s)
[05:47:43]   LIMK1: FAILED (39s)
[05:48:23]   ROCK1: FAILED (40s)
[05:48:23] [gpu0_start0] 271/1087 mol_id=2141_0
[05:49:36]   LIMK2: conf=-0.510 (72s)
[05:50:44]   LIMK1: conf=-0.010 (69s)
[05:52:00]   ROCK1: conf=-1.180 (76s)
[05:52:00] [gpu0_start0] 272/1087 mol_id=2146_0
[05:53:12]   LIMK2: conf=-0.700 (72s)
[05:54:21]   LIMK1: conf=-1.480 (69s)
[05:55:32]   ROCK1: conf=-2.090 (72s)
[05:55:32]   *** SELECTIVE margin=0.780 ***
[05:55:32] [gpu0_start0] 273/1087 mol_id=2147-incomp_0
[05:56:11]   LIMK2: FAILED (38s)
[05:56:49]   LIMK1: FAILED (38s)
[05:57:29]   ROCK1: FAILED (39s)
[05:57:29] [gpu0_start0] 274/1087 mol_id=2149-incomp_0
[05:58:07]   LIMK2: FAILED (39s)
[05:58:46]   LIMK1: FAILED (38s)
[05:59:26]   ROCK1: FAILED (40s)
[05:59:26] [gpu0_start0] 275/1087 mol_id=2150_0
[06:00:39]   LIMK2: conf=-2.220 (74s)
[06:01:49]   LIMK1: conf=-0.530 (70s)
[06:03:04]   ROCK1: conf=-1.400 (75s)
[06:03:04] [gpu0_start0] 276/1087 mol_id=2152_0
[06:04:14]   LIMK2: conf=-0.400 (70s)
[06:05:21]   LIMK1: conf=-0.240 (67s)
[06:06:39]   ROCK1: conf=-1.530 (77s)
[06:06:39] [gpu0_start0] 277/1087 mol_id=2155-incomp_0
[06:07:20]   LIMK2: FAILED (41s)
[06:08:02]   LIMK1: FAILED (43s)
[06:08:45]   ROCK1: FAILED (43s)
[06:08:45] [gpu0_start0] 278/1087 mol_id=2157-incomp_0
[06:09:24]   LIMK2: FAILED (39s)
[06:10:02]   LIMK1: FAILED (38s)
[06:10:42]   ROCK1: FAILED (40s)
[06:10:42] [gpu0_start0] 279/1087 mol_id=2159_0
[06:11:56]   LIMK2: conf=-0.780 (74s)
[06:13:07]   LIMK1: conf=-0.560 (71s)
[06:14:23]   ROCK1: conf=-1.450 (76s)
[06:14:23] [gpu0_start0] 280/1087 mol_id=2163_0
[06:15:37]   LIMK2: conf=-1.300 (74s)
[06:16:51]   LIMK1: conf=-0.960 (74s)
[06:18:03]   ROCK1: conf=-1.430 (72s)
[06:18:03] [gpu0_start0] 281/1087 mol_id=2164_0
[06:19:17]   LIMK2: conf=-0.610 (75s)
[06:20:26]   LIMK1: conf=-0.890 (69s)
[06:21:42]   ROCK1: conf=-0.960 (75s)
[06:21:42] [gpu0_start0] 282/1087 mol_id=2168_0
[06:22:58]   LIMK2: conf=-0.750 (76s)
[06:24:12]   LIMK1: conf=-0.760 (74s)
[06:25:30]   ROCK1: conf=-1.880 (79s)
[06:25:30] [gpu0_start0] 283/1087 mol_id=2169-incomp_0
[06:26:11]   LIMK2: FAILED (40s)
[06:26:50]   LIMK1: FAILED (39s)
[06:27:30]   ROCK1: FAILED (40s)
[06:27:30] [gpu0_start0] 284/1087 mol_id=2177_0
[06:28:45]   LIMK2: conf=-0.280 (76s)
[06:29:55]   LIMK1: conf=-0.430 (69s)
[06:31:07]   ROCK1: conf=-1.440 (72s)
[06:31:07] [gpu0_start0] 285/1087 mol_id=2180_0
[06:32:22]   LIMK2: conf=-0.580 (75s)
[06:33:33]   LIMK1: conf=-1.050 (71s)
[06:34:51]   ROCK1: conf=-0.710 (78s)
[06:34:51] [gpu0_start0] 286/1087 mol_id=2181-incomp_0
[06:35:32]   LIMK2: FAILED (41s)
[06:36:14]   LIMK1: FAILED (41s)
[06:36:54]   ROCK1: FAILED (41s)
[06:36:54] [gpu0_start0] 287/1087 mol_id=2197-incomp_0
[06:37:35]   LIMK2: FAILED (41s)
[06:38:18]   LIMK1: FAILED (43s)
[06:39:06]   ROCK1: FAILED (47s)
[06:39:06] [gpu0_start0] 288/1087 mol_id=2198_0
[06:40:28]   LIMK2: conf=-1.300 (83s)
[06:41:45]   LIMK1: conf=0.230 (77s)
[06:43:06]   ROCK1: conf=-2.650 (81s)
[06:43:06] [gpu0_start0] 289/1087 mol_id=2199_0
[06:44:22]   LIMK2: conf=-0.860 (76s)
[06:45:33]   LIMK1: conf=-0.090 (70s)
[06:46:51]   ROCK1: conf=-4.220 (78s)
[06:46:51] [gpu0_start0] 290/1087 mol_id=22-incomp_0
[06:47:31]   LIMK2: FAILED (40s)
[06:48:12]   LIMK1: FAILED (41s)
[06:48:53]   ROCK1: FAILED (41s)
[06:48:53] [gpu0_start0] 291/1087 mol_id=2200_0
[06:50:07]   LIMK2: conf=-2.910 (74s)
[06:51:17]   LIMK1: conf=-0.150 (70s)
[06:52:37]   ROCK1: conf=-0.810 (80s)
[06:52:37] [gpu0_start0] 292/1087 mol_id=2202_0
[06:53:51]   LIMK2: conf=-1.060 (75s)
[06:55:03]   LIMK1: conf=-0.440 (71s)
[06:56:19]   ROCK1: conf=-1.580 (77s)
[06:56:19] [gpu0_start0] 293/1087 mol_id=2204-incomp_0
[06:57:00]   LIMK2: FAILED (41s)
[06:57:42]   LIMK1: FAILED (42s)
[06:58:24]   ROCK1: FAILED (42s)
[06:58:24] [gpu0_start0] 294/1087 mol_id=2205-incomp_0
[06:59:06]   LIMK2: FAILED (43s)
[06:59:47]   LIMK1: FAILED (41s)
[07:00:29]   ROCK1: FAILED (41s)
[07:00:29] [gpu0_start0] 295/1087 mol_id=2208-incomp_0
[07:01:09]   LIMK2: FAILED (40s)
[07:01:51]   LIMK1: FAILED (42s)
[07:02:33]   ROCK1: FAILED (42s)
[07:02:33] [gpu0_start0] 296/1087 mol_id=2215-incomp_0
[07:03:14]   LIMK2: FAILED (41s)
[07:03:55]   LIMK1: FAILED (41s)
[07:04:37]   ROCK1: FAILED (41s)
[07:04:37] [gpu0_start0] 297/1087 mol_id=2221-incomp_0
[07:05:17]   LIMK2: FAILED (40s)
[07:05:58]   LIMK1: FAILED (41s)
[07:06:40]   ROCK1: FAILED (42s)
[07:06:40] [gpu0_start0] 298/1087 mol_id=2230_0
[07:07:53]   LIMK2: conf=-2.600 (73s)
[07:09:08]   LIMK1: conf=-0.610 (75s)
[07:10:26]   ROCK1: conf=-0.940 (78s)
[07:10:26] [gpu0_start0] 299/1087 mol_id=2233_0
[07:11:38]   LIMK2: conf=-0.480 (72s)
[07:12:48]   LIMK1: conf=0.200 (70s)
[07:14:04]   ROCK1: conf=-1.180 (76s)
[07:14:04] [gpu0_start0] 300/1087 mol_id=2235_0
