[15:49:33] === HOLO MD: BMS-5 + LIMK2 (reference) ===
[15:49:33] Compound: BMS5_reference
[15:49:33] SMILES: COc1cc2c(Nc3ccc(F)c(F)c3)ncnc2cc1OCCCN1CCOCC1
[15:49:33] Downloading 4TPT from RCSB...
[15:49:37] Downloaded 4TPT.pdb (756KB)
[15:49:37] Running PDBFixer...
[15:49:42] PDBFixer done. Protein atoms: 8979
[15:49:42] Generating compound 3D conformer with RDKit...
[15:49:42] Conformer generated. Atoms: 55
[15:49:42] Binding site center: [-13.16867857   6.43778571  27.99967857]
[15:49:42] Ligand positioned at binding site
[15:49:42] Setting up GAFF2 force field template...
[15:49:49] Force fields: amber14 + GAFF2 + TIP3P-FB
[15:49:50] Combined system: 9034 atoms
[15:50:04] Solvated: 95637 atoms
[15:50:06] Creating system...
[15:50:11] Minimizing energy...
[15:51:24] Minimization done in 73.1s
[15:51:24] Equilibrating 100ps...
[15:53:38] Equilibration done
[15:53:38] Starting 20ns production...
[23:28:10] Production done in 7.58h
[23:28:11] Final PDB: 86748 HETATM, ~222 ligand atoms
[23:28:11] VERIFICATION PASSED: Ligand present in final structure
[23:28:11] === COMPLETE ===
